Component: ARM Compiler 5.06 update 1 (build 61) Tool: armlink [4d35a8]

==============================================================================

Section Cross References

    startup_stm32g431xx.o(STACK) refers (Special) to heapauxi.o(.text) for __use_two_region_memory
    startup_stm32g431xx.o(HEAP) refers (Special) to heapauxi.o(.text) for __use_two_region_memory
    startup_stm32g431xx.o(RESET) refers (Special) to heapauxi.o(.text) for __use_two_region_memory
    startup_stm32g431xx.o(RESET) refers to startup_stm32g431xx.o(STACK) for __initial_sp
    startup_stm32g431xx.o(RESET) refers to startup_stm32g431xx.o(.text) for Reset_Handler
    startup_stm32g431xx.o(RESET) refers to stm32g4xx_it.o(i.NMI_Handler) for NMI_Handler
    startup_stm32g431xx.o(RESET) refers to stm32g4xx_it.o(i.HardFault_Handler) for HardFault_Handler
    startup_stm32g431xx.o(RESET) refers to stm32g4xx_it.o(i.MemManage_Handler) for MemManage_Handler
    startup_stm32g431xx.o(RESET) refers to stm32g4xx_it.o(i.BusFault_Handler) for BusFault_Handler
    startup_stm32g431xx.o(RESET) refers to stm32g4xx_it.o(i.UsageFault_Handler) for UsageFault_Handler
    startup_stm32g431xx.o(RESET) refers to port.o(.emb_text) for SVC_Handler
    startup_stm32g431xx.o(RESET) refers to stm32g4xx_it.o(i.DebugMon_Handler) for DebugMon_Handler
    startup_stm32g431xx.o(RESET) refers to port.o(i.SysTick_Handler) for SysTick_Handler
    startup_stm32g431xx.o(RESET) refers to stm32g4xx_it.o(i.DMA1_Channel1_IRQHandler) for DMA1_Channel1_IRQHandler
    startup_stm32g431xx.o(RESET) refers to stm32g4xx_it.o(i.DMA1_Channel2_IRQHandler) for DMA1_Channel2_IRQHandler
    startup_stm32g431xx.o(RESET) refers to stm32g4xx_it.o(i.DMA1_Channel3_IRQHandler) for DMA1_Channel3_IRQHandler
    startup_stm32g431xx.o(RESET) refers to stm32g4xx_it.o(i.DMA1_Channel4_IRQHandler) for DMA1_Channel4_IRQHandler
    startup_stm32g431xx.o(RESET) refers to stm32g4xx_it.o(i.USB_LP_IRQHandler) for USB_LP_IRQHandler
    startup_stm32g431xx.o(RESET) refers to stm32g4xx_it.o(i.FDCAN1_IT0_IRQHandler) for FDCAN1_IT0_IRQHandler
    startup_stm32g431xx.o(RESET) refers to stm32g4xx_it.o(i.FDCAN1_IT1_IRQHandler) for FDCAN1_IT1_IRQHandler
    startup_stm32g431xx.o(RESET) refers to stm32g4xx_it.o(i.TIM1_TRG_COM_TIM17_IRQHandler) for TIM1_TRG_COM_TIM17_IRQHandler
    startup_stm32g431xx.o(.text) refers (Special) to heapauxi.o(.text) for __use_two_region_memory
    startup_stm32g431xx.o(.text) refers to system_stm32g4xx.o(i.SystemInit) for SystemInit
    startup_stm32g431xx.o(.text) refers to __main.o(!!!main) for __main
    startup_stm32g431xx.o(.text) refers to startup_stm32g431xx.o(HEAP) for Heap_Mem
    startup_stm32g431xx.o(.text) refers to startup_stm32g431xx.o(STACK) for Stack_Mem
    main.o(i.HAL_TIM_PeriodElapsedCallback) refers to stm32g4xx_hal.o(i.HAL_IncTick) for HAL_IncTick
    main.o(i.SystemClock_Config) refers to rt_memclr_w.o(.text) for __aeabi_memclr4
    main.o(i.SystemClock_Config) refers to stm32g4xx_hal_pwr_ex.o(i.HAL_PWREx_ControlVoltageScaling) for HAL_PWREx_ControlVoltageScaling
    main.o(i.SystemClock_Config) refers to stm32g4xx_hal_rcc.o(i.HAL_RCC_OscConfig) for HAL_RCC_OscConfig
    main.o(i.SystemClock_Config) refers to stm32g4xx_hal_rcc.o(i.HAL_RCC_ClockConfig) for HAL_RCC_ClockConfig
    main.o(i.main) refers to stm32g4xx_hal.o(i.HAL_Init) for HAL_Init
    main.o(i.main) refers to main.o(i.SystemClock_Config) for SystemClock_Config
    main.o(i.main) refers to gpio.o(i.MX_GPIO_Init) for MX_GPIO_Init
    main.o(i.main) refers to dma.o(i.MX_DMA_Init) for MX_DMA_Init
    main.o(i.main) refers to adc.o(i.MX_ADC1_Init) for MX_ADC1_Init
    main.o(i.main) refers to fdcan.o(i.MX_FDCAN1_Init) for MX_FDCAN1_Init
    main.o(i.main) refers to tim.o(i.MX_TIM1_Init) for MX_TIM1_Init
    main.o(i.main) refers to usart.o(i.MX_USART1_UART_Init) for MX_USART1_UART_Init
    main.o(i.main) refers to spi.o(i.MX_SPI1_Init) for MX_SPI1_Init
    main.o(i.main) refers to spi.o(i.MX_SPI3_Init) for MX_SPI3_Init
    main.o(i.main) refers to tim.o(i.MX_TIM3_Init) for MX_TIM3_Init
    main.o(i.main) refers to adc.o(i.MX_ADC2_Init) for MX_ADC2_Init
    main.o(i.main) refers to rng.o(i.MX_RNG_Init) for MX_RNG_Init
    main.o(i.main) refers to robot.o(i.RobotInit) for RobotInit
    main.o(i.main) refers to app_freertos.o(i.MX_FREERTOS_Init) for MX_FREERTOS_Init
    main.o(i.main) refers to cmsis_os.o(i.osKernelStart) for osKernelStart
    gpio.o(i.MX_GPIO_Init) refers to rt_memclr_w.o(.text) for __aeabi_memclr4
    gpio.o(i.MX_GPIO_Init) refers to stm32g4xx_hal_gpio.o(i.HAL_GPIO_WritePin) for HAL_GPIO_WritePin
    gpio.o(i.MX_GPIO_Init) refers to stm32g4xx_hal_gpio.o(i.HAL_GPIO_Init) for HAL_GPIO_Init
    app_freertos.o(i.MX_FREERTOS_Init) refers to rt_memcpy_w.o(.text) for __aeabi_memcpy4
    app_freertos.o(i.MX_FREERTOS_Init) refers to cmsis_os.o(i.osThreadCreate) for osThreadCreate
    app_freertos.o(i.MX_FREERTOS_Init) refers to app_freertos.o(.constdata) for .constdata
[...]
    MemManage_Handler                        0x08006fd1   Thumb Code     2  stm32g4xx_it.o(i.MemManage_Handler)
    MotorGuardTask                           0x08006fd5   Thumb Code   126  focmotor.o(i.MotorGuardTask)
    NMI_Handler                              0x08007069   Thumb Code     2  stm32g4xx_it.o(i.NMI_Handler)
    RGB_DisplayColor                         0x0800739d   Thumb Code    34  led.o(i.RGB_DisplayColor)
    RGB_DisplayColorById                     0x080073c1   Thumb Code   196  led.o(i.RGB_DisplayColorById)
    RGB_SendArray                            0x08007489   Thumb Code    12  led.o(i.RGB_SendArray)
    RGB_SetColor                             0x0800749d   Thumb Code    90  led.o(i.RGB_SetColor)
    Reset_Load                               0x080074fd   Thumb Code     8  led.o(i.Reset_Load)
    RobotCMDInit                             0x08007509   Thumb Code    28  cmd_task.o(i.RobotCMDInit)
    RobotCMDTask                             0x0800752d   Thumb Code   130  cmd_task.o(i.RobotCMDTask)
    RobotInit                                0x080075bd   Thumb Code    42  robot.o(i.RobotInit)
    StartCustomTask                          0x080075fd   Thumb Code    42  robot.o(i.StartCustomTask)
    StartDefaultTask                         0x0800762d   Thumb Code    38  robot.o(i.StartDefaultTask)
    StartGuardTask                           0x08007659   Thumb Code    46  robot.o(i.StartGuardTask)
    SysTick_Handler                          0x08007691   Thumb Code    38  port.o(i.SysTick_Handler)
    SystemClock_Config                       0x080076bd   Thumb Code   108  main.o(i.SystemClock_Config)
    SystemInit                               0x08007729   Thumb Code    12  system_stm32g4xx.o(i.SystemInit)
    TIM1_TRG_COM_TIM17_IRQHandler            0x08007739   Thumb Code    34  stm32g4xx_it.o(i.TIM1_TRG_COM_TIM17_IRQHandler)
    TIM_Base_SetConfig                       0x08007765   Thumb Code   160  stm32g4xx_hal_tim.o(i.TIM_Base_SetConfig)
    TIM_CCxChannelCmd                        0x08007821   Thumb Code    26  stm32g4xx_hal_tim.o(i.TIM_CCxChannelCmd)
    TIM_DMADelayPulseHalfCplt                0x080078b3   Thumb Code    56  stm32g4xx_hal_tim.o(i.TIM_DMADelayPulseHalfCplt)
    TIM_DMAError                             0x080078eb   Thumb Code    84  stm32g4xx_hal_tim.o(i.TIM_DMAError)
    TIM_OC2_SetConfig                        0x080079dd   Thumb Code   120  stm32g4xx_hal_tim.o(i.TIM_OC2_SetConfig)
    TempResultTask                           0x08007c6d   Thumb Code    22  focmotor.o(i.TempResultTask)
    UART_AdvFeatureConfig                    0x08007cc9   Thumb Code   200  stm32g4xx_hal_uart.o(i.UART_AdvFeatureConfig)
    UART_CheckIdleState                      0x08007d91   Thumb Code   172  stm32g4xx_hal_uart.o(i.UART_CheckIdleState)
    UART_SetConfig                           0x08008005   Thumb Code   580  stm32g4xx_hal_uart.o(i.UART_SetConfig)
    UART_Start_Receive_DMA                   0x08008275   Thumb Code   158  stm32g4xx_hal_uart.o(i.UART_Start_Receive_DMA)
    UART_WaitOnFlagUntilTimeout              0x0800848d   Thumb Code   146  stm32g4xx_hal_uart.o(i.UART_WaitOnFlagUntilTimeout)
    USARTRegister                            0x08008521   Thumb Code   146  bsp_usart.o(i.USARTRegister)
    USARTSend                                0x0800863d   Thumb Code    40  bsp_usart.o(i.USARTSend)
    USARTServiceInit                         0x08008665   Thumb Code    38  bsp_usart.o(i.USARTServiceInit)
    USBD_CDC_ConfigStrDescriptor             0x0800868d   Thumb Code    16  usbd_desc.o(i.USBD_CDC_ConfigStrDescriptor)
    USBD_CDC_DeviceDescriptor                0x0800877d   Thumb Code     8  usbd_desc.o(i.USBD_CDC_DeviceDescriptor)
    USBD_CDC_GetDeviceQualifierDescriptor    0x080087b9   Thumb Code     8  usbd_cdc.o(i.USBD_CDC_GetDeviceQualifierDescriptor)
    USBD_CDC_InterfaceStrDescriptor          0x0800888d   Thumb Code    16  usbd_desc.o(i.USBD_CDC_InterfaceStrDescriptor)
    USBD_CDC_LangIDStrDescriptor             0x080088b1   Thumb Code     8  usbd_desc.o(i.USBD_CDC_LangIDStrDescriptor)
    USBD_CDC_ManufacturerStrDescriptor       0x080088bd   Thumb Code    16  usbd_desc.o(i.USBD_CDC_ManufacturerStrDescriptor)
    USBD_CDC_ProductStrDescriptor            0x080088e5   Thumb Code    16  usbd_desc.o(i.USBD_CDC_ProductStrDescriptor)
    USBD_CDC_ReceivePacket                   0x08008911   Thumb Code    40  usbd_cdc.o(i.USBD_CDC_ReceivePacket)
    USBD_CDC_RegisterInterface               0x08008939   Thumb Code    14  usbd_cdc.o(i.USBD_CDC_RegisterInterface)
    USBD_CDC_SerialStrDescriptor             0x08008949   Thumb Code    48  usbd_desc.o(i.USBD_CDC_SerialStrDescriptor)
    USBD_CDC_SetRxBuffer                     0x08008981   Thumb Code    18  usbd_cdc.o(i.USBD_CDC_SetRxBuffer)
    USBD_CDC_SetTxBuffer                     0x08008993   Thumb Code    22  usbd_cdc.o(i.USBD_CDC_SetTxBuffer)
    USBD_ClrClassConfig                      0x08008a67   Thumb Code    16  usbd_core.o(i.USBD_ClrClassConfig)
    USBD_CtlContinueRx                       0x08008a77   Thumb Code    16  usbd_ioreq.o(i.USBD_CtlContinueRx)
    USBD_CtlContinueSendData                 0x08008a87   Thumb Code    16  usbd_ioreq.o(i.USBD_CtlContinueSendData)
    USBD_CtlError                            0x08008a97   Thumb Code    22  usbd_ctlreq.o(i.USBD_CtlError)
    USBD_CtlPrepareRx                        0x08008aad   Thumb Code    30  usbd_ioreq.o(i.USBD_CtlPrepareRx)
    USBD_CtlReceiveStatus                    0x08008acb   Thumb Code    22  usbd_ioreq.o(i.USBD_CtlReceiveStatus)
    USBD_CtlSendData                         0x08008ae1   Thumb Code    26  usbd_ioreq.o(i.USBD_CtlSendData)
    USBD_CtlSendStatus                       0x08008afb   Thumb Code    22  usbd_ioreq.o(i.USBD_CtlSendStatus)
    USBD_GetString                           0x08008c0b   Thumb Code    72  usbd_ctlreq.o(i.USBD_GetString)
    USBD_Init                                0x08008c6b   Thumb Code    38  usbd_core.o(i.USBD_Init)
    USBD_LL_ClearStallEP                     0x08008c91   Thumb Code    18  usbd_conf.o(i.USBD_LL_ClearStallEP)
    USBD_LL_CloseEP                          0x08008ca3   Thumb Code    18  usbd_conf.o(i.USBD_LL_CloseEP)
    USBD_LL_DataInStage                      0x08008cb5   Thumb Code   168  usbd_core.o(i.USBD_LL_DataInStage)
    USBD_LL_DataOutStage                     0x08008d5d   Thumb Code   108  usbd_core.o(i.USBD_LL_DataOutStage)
    USBD_LL_GetRxDataSize                    0x08008dc9   Thumb Code     8  usbd_conf.o(i.USBD_LL_GetRxDataSize)
    USBD_LL_Init                             0x08008dd1   Thumb Code   122  usbd_conf.o(i.USBD_LL_Init)
    USBD_LL_IsStallEP                        0x08008e55   Thumb Code    30  usbd_conf.o(i.USBD_LL_IsStallEP)
    USBD_LL_OpenEP                           0x08008e73   Thumb Code    24  usbd_conf.o(i.USBD_LL_OpenEP)
    USBD_LL_PrepareReceive                   0x08008e8b   Thumb Code    18  usbd_conf.o(i.USBD_LL_PrepareReceive)
    USBD_LL_Reset                            0x08008e9d   Thumb Code    90  usbd_core.o(i.USBD_LL_Reset)
    USBD_LL_Resume                           0x08008ef7   Thumb Code    20  usbd_core.o(i.USBD_LL_Resume)
    USBD_LL_SOF                              0x08008f0b   Thumb Code    32  usbd_core.o(i.USBD_LL_SOF)
    USBD_LL_SetSpeed                         0x08008f2b   Thumb Code     6  usbd_core.o(i.USBD_LL_SetSpeed)
    USBD_LL_SetUSBAddress                    0x08008f31   Thumb Code    18  usbd_conf.o(i.USBD_LL_SetUSBAddress)
    USBD_LL_SetupStage                       0x08008f43   Thumb Code    96  usbd_core.o(i.USBD_LL_SetupStage)
    USBD_LL_StallEP                          0x08008fa3   Thumb Code    18  usbd_conf.o(i.USBD_LL_StallEP)
    USBD_LL_Start                            0x08008fb5   Thumb Code    18  usbd_conf.o(i.USBD_LL_Start)
    USBD_LL_Suspend                          0x08008fc7   Thumb Code    18  usbd_core.o(i.USBD_LL_Suspend)
    USBD_LL_Transmit                         0x08008fd9   Thumb Code    18  usbd_conf.o(i.USBD_LL_Transmit)
    USBD_ParseSetupRequest                   0x08008feb   Thumb Code    48  usbd_ctlreq.o(i.USBD_ParseSetupRequest)
    USBD_RegisterClass                       0x0800901b   Thumb Code    36  usbd_core.o(i.USBD_RegisterClass)
    USBD_SetClassConfig                      0x0800903f   Thumb Code    20  usbd_core.o(i.USBD_SetClassConfig)
    USBD_Start                               0x08009111   Thumb Code     4  usbd_core.o(i.USBD_Start)
    USBD_StdDevReq                           0x08009115   Thumb Code   276  usbd_ctlreq.o(i.USBD_StdDevReq)
    USBD_StdEPReq                            0x08009229   Thumb Code   320  usbd_ctlreq.o(i.USBD_StdEPReq)
    USBD_StdItfReq                           0x08009369   Thumb Code    82  usbd_ctlreq.o(i.USBD_StdItfReq)
    USBD_static_free                         0x080093bb   Thumb Code     2  usbd_conf.o(i.USBD_static_free)
    USBD_static_malloc                       0x080093bd   Thumb Code     4  usbd_conf.o(i.USBD_static_malloc)
    USB_ActivateEndpoint                     0x080093c5   Thumb Code   852  stm32g4xx_ll_usb.o(i.USB_ActivateEndpoint)
    USB_DeactivateEndpoint                   0x08009719   Thumb Code   272  stm32g4xx_ll_usb.o(i.USB_DeactivateEndpoint)
    USB_DevConnect                           0x08009829   Thumb Code    14  stm32g4xx_ll_usb.o(i.USB_DevConnect)
    USB_DevInit                              0x08009837   Thumb Code    18  stm32g4xx_ll_usb.o(i.USB_DevInit)
    USB_DisableGlobalInt                     0x08009849   Thumb Code    16  stm32g4xx_ll_usb.o(i.USB_DisableGlobalInt)
    USB_EPClearStall                         0x08009859   Thumb Code   112  stm32g4xx_ll_usb.o(i.USB_EPClearStall)
    USB_EPSetStall                           0x080098c9   Thumb Code    50  stm32g4xx_ll_usb.o(i.USB_EPSetStall)
    USB_EPStartXfer                          0x080098fb   Thumb Code   874  stm32g4xx_ll_usb.o(i.USB_EPStartXfer)
    USB_EnableGlobalInt                      0x08009c65   Thumb Code    18  stm32g4xx_ll_usb.o(i.USB_EnableGlobalInt)
    USB_LP_IRQHandler                        0x08009c79   Thumb Code     6  stm32g4xx_it.o(i.USB_LP_IRQHandler)
    USB_ReadInterrupts                       0x08009c85   Thumb Code     6  stm32g4xx_ll_usb.o(i.USB_ReadInterrupts)
    USB_ReadPMA                              0x08009c8b   Thumb Code    40  stm32g4xx_ll_usb.o(i.USB_ReadPMA)
    USB_SetDevAddress                        0x08009cb3   Thumb Code    12  stm32g4xx_ll_usb.o(i.USB_SetDevAddress)
    USB_WritePMA                             0x08009cbf   Thumb Code    36  stm32g4xx_ll_usb.o(i.USB_WritePMA)
    UsageFault_Handler                       0x08009ce3   Thumb Code     2  stm32g4xx_it.o(i.UsageFault_Handler)
    __ARM_fpclassify                         0x08009ce5   Thumb Code    48  fpclassify.o(i.__ARM_fpclassify)
    _is_digit                                0x08009d35   Thumb Code    14  __printf_wp.o(i._is_digit)
    adc2_median_filter                       0x08009d45   Thumb Code    68  motor_adc.o(i.adc2_median_filter)
    adc_bsp_init                             0x08009d8d   Thumb Code    38  bsp_adc.o(i.adc_bsp_init)
    crc_8                                    0x08009dc1   Thumb Code    32  crc8.o(i.crc_8)
    main                                     0x08009de5   Thumb Code    66  main.o(i.main)
    osDelay                                  0x08009e33   Thumb Code    14  cmsis_os.o(i.osDelay)
    osKernelStart                            0x08009e41   Thumb Code    10  cmsis_os.o(i.osKernelStart)
    osThreadCreate                           0x08009e4b   Thumb Code    84  cmsis_os.o(i.osThreadCreate)
    pvPortMalloc                             0x0800a1fd   Thumb Code   216  heap_4.o(i.pvPortMalloc)
    pxPortInitialiseStack                    0x0800a2d9   Thumb Code    40  port.o(i.pxPortInitialiseStack)
    uxListRemove                             0x0800a305   Thumb Code    38  list.o(i.uxListRemove)
    vApplicationGetIdleTaskMemory            0x0800a32d   Thumb Code    16  app_freertos.o(i.vApplicationGetIdleTaskMemory)
    vApplicationIdleHook                     0x0800a341   Thumb Code     2  app_freertos.o(i.vApplicationIdleHook)
    vApplicationStackOverflowHook            0x0800a343   Thumb Code     2  app_freertos.o(i.vApplicationStackOverflowHook)
    vListInitialise                          0x0800a345   Thumb Code    22  list.o(i.vListInitialise)
    vListInitialiseItem                      0x0800a35b   Thumb Code     6  list.o(i.vListInitialiseItem)
    vListInsert                              0x0800a361   Thumb Code    48  list.o(i.vListInsert)
    vListInsertEnd                           0x0800a391   Thumb Code    24  list.o(i.vListInsertEnd)
    vPortEnterCritical                       0x0800a3a9   Thumb Code    54  port.o(i.vPortEnterCritical)
    vPortExitCritical                        0x0800a3e9   Thumb Code    34  port.o(i.vPortExitCritical)
    vPortFree                                0x0800a411   Thumb Code    94  heap_4.o(i.vPortFree)
    vPortSetupTimerInterrupt                 0x0800a475   Thumb Code    32  port.o(i.vPortSetupTimerInterrupt)
    vTaskDelay                               0x0800a499   Thumb Code    66  tasks.o(i.vTaskDelay)
    vTaskStartScheduler                      0x0800a4e5   Thumb Code    90  tasks.o(i.vTaskStartScheduler)
    vTaskSuspendAll                          0x0800a551   Thumb Code    10  tasks.o(i.vTaskSuspendAll)
    vTaskSwitchContext                       0x0800a561   Thumb Code   106  tasks.o(i.vTaskSwitchContext)
    xPortStartScheduler                      0x0800a5d5   Thumb Code   224  port.o(i.xPortStartScheduler)
    xTaskCreate                              0x0800a6c9   Thumb Code    90  tasks.o(i.xTaskCreate)
    xTaskCreateStatic                        0x0800a723   Thumb Code    90  tasks.o(i.xTaskCreateStatic)
    xTaskIncrementTick                       0x0800a77d   Thumb Code   194  tasks.o(i.xTaskIncrementTick)
    xTaskResumeAll                           0x0800a849   Thumb Code   182  tasks.o(i.xTaskResumeAll)
    _get_lc_numeric                          0x0800a90d   Thumb Code    44  lc_numeric_c.o(locale$$code)
    _get_lc_ctype                            0x0800a939   Thumb Code    44  lc_ctype_c.o(locale$$code)
    _fp_init                                 0x0800a965   Thumb Code    10  fpinit.o(x$fpl$fpinit)
    __fplib_config_fpu_vfp                   0x0800a96d   Thumb Code     0  fpinit.o(x$fpl$fpinit)
    __fplib_config_pureend_doubles           0x0800a96d   Thumb Code     0  fpinit.o(x$fpl$fpinit)
    _printf_fp_dec                           0x0800a96f   Thumb Code     4  printf1.o(x$fpl$printf1)
    _printf_fp_hex                           0x0800a973   Thumb Code     4  printf2.o(x$fpl$printf2)
    __I$use$fp                               0x0800a976   Number         0  usenofp.o(x$fpl$usenofp)
    UARTPrescTable                           0x0800a9dc   Data          24  stm32g4xx_hal_uart.o(.constdata)
    AHBPrescTable                            0x0800aa04   Data          16  system_stm32g4xx.o(.constdata)
    APBPrescTable                            0x0800aa14   Data           8  system_stm32g4xx.o(.constdata)
    RED                                      0x0800aa90   Data           3  led.o(.constdata)
    GREEN                                    0x0800aa93   Data           3  led.o(.constdata)
    BLUE                                     0x0800aa96   Data           3  led.o(.constdata)
    SKY                                      0x0800aa99   Data           3  led.o(.constdata)
    MAGENTA                                  0x0800aa9c   Data           3  led.o(.constdata)
    YELLOW                                   0x0800aa9f   Data           3  led.o(.constdata)
    ORANGE                                   0x0800aaa2   Data           3  led.o(.constdata)
    BLACK                                    0x0800aaa5   Data           3  led.o(.constdata)
    WHITE                                    0x0800aaa8   Data           3  led.o(.constdata)
    PURPLE                                   0x0800aaab   Data           3  led.o(.constdata)
    BROWN                                    0x0800aaae   Data           3  led.o(.constdata)
    GRAY                                     0x0800aab1   Data           3  led.o(.constdata)
    PINK                                     0x0800aab4   Data           3  led.o(.constdata)
    GOLD                                     0x0800aab7   Data           3  led.o(.constdata)
    SILVER                                   0x0800aaba   Data           3  led.o(.constdata)
    Region$$Table$$Base                      0x0800ad2c   Number         0  anon$$obj.o(Region$$Table)
    Region$$Table$$Limit                     0x0800ad4c   Number         0  anon$$obj.o(Region$$Table)
    __ctype                                  0x0800ad75   Data           0  lc_ctype_c.o(locale$$data)
    defaultTaskHandle                        0x20000000   Data           4  app_freertos.o(.data)
    guardtaskHandle                          0x20000004   Data           4  app_freertos.o(.data)
    customtaskHandle                         0x20000008   Data           4  app_freertos.o(.data)
    CDC_Desc                                 0x20000010   Data          32  usbd_desc.o(.data)
    USBD_LangIDDesc                          0x20000030   Data           4  usbd_desc.o(.data)
    USBD_CDC_DeviceDesc                      0x20000034   Data          18  usbd_desc.o(.data)
    USBD_StringSerial                        0x20000048   Data          26  usbd_desc.o(.data)
    USBD_Interface_fops_FS                   0x20000064   Data          20  usbd_cdc_if.o(.data)
    uwTickPrio                               0x20000078   Data           4  stm32g4xx_hal.o(.data)
    uwTickFreq                               0x2000007c   Data           4  stm32g4xx_hal.o(.data)
    uwTick                                   0x20000080   Data           4  stm32g4xx_hal.o(.data)
    SystemCoreClock                          0x20000084   Data           4  system_stm32g4xx.o(.data)
    pxCurrentTCB                             0x20000088   Data           4  tasks.o(.data)
    USBD_CDC                                 0x200001cc   Data          56  usbd_cdc.o(.data)
    SysTime                                  0x20000260   Data           8  bsp_dwt.o(.data)
    CYCCNT64                                 0x20000268   Data           8  bsp_dwt.o(.data)
    encoder_data                             0x20000378   Data         632  mt6816_encoder.o(.data)
    foc_data                                 0x200005f0   Data         144  bldcmotor.o(.data)
    motor_data                               0x20000680   Data         408  focmotor.o(.data)
    current_data                             0x20000818   Data          32  motor_adc.o(.data)
    hadc1                                    0x20000a8c   Data         108  adc.o(.bss)
    hadc2                                    0x20000af8   Data         108  adc.o(.bss)
    hdma_adc2                                0x20000b64   Data          96  adc.o(.bss)
    hfdcan1                                  0x20000bc4   Data         100  fdcan.o(.bss)
    hrng                                     0x20000c28   Data          20  rng.o(.bss)
    hspi1                                    0x20000c3c   Data         100  spi.o(.bss)
    hspi3                                    0x20000ca0   Data         100  spi.o(.bss)
    htim1                                    0x20000d04   Data          76  tim.o(.bss)
    htim3                                    0x20000d50   Data          76  tim.o(.bss)
    hdma_tim3_ch2                            0x20000d9c   Data          96  tim.o(.bss)
    huart1                                   0x20000dfc   Data         148  usart.o(.bss)
    hdma_usart1_rx                           0x20000e90   Data          96  usart.o(.bss)
    hdma_usart1_tx                           0x20000ef0   Data          96  usart.o(.bss)
    htim17                                   0x20000f50   Data          76  stm32g4xx_hal_timebase_tim.o(.bss)
    hpcd_USB_FS                              0x200011bc   Data         732  usbd_conf.o(.bss)
    hUsbDeviceFS                             0x20001498   Data         720  usb_device.o(.bss)
    USBD_StrDesc                             0x20001768   Data         512  usbd_desc.o(.bss)
    UserRxBufferFS                           0x20001968   Data        1024  usbd_cdc_if.o(.bss)
    UserTxBufferFS                           0x20001d68   Data        1024  usbd_cdc_if.o(.bss)
    adc2_dma_value                           0x20002e28   Data          10  bsp_adc.o(.bss)
    led_buf                                  0x20002f88   Data         192  led.o(.bss)
    __libspace_start                         0x20003048   Data          96  libspace.o(.bss)
    __temporary_stack_top$libspace           0x200030a8   Data           0  libspace.o(.bss)



==============================================================================

Memory Map of the image

  Image Entry point : 0x080001d9

  Load Region LR_IROM1 (Base: 0x08000000, Size: 0x0000b6b0, Max: 0x00020000, ABSOLUTE, COMPRESSED[0x0000b0e4])

    Execution Region ER_IROM1 (Base: 0x08000000, Size: 0x0000ae78, Max: 0x00020000, ABSOLUTE)

    Base Addr    Size         Type   Attr      Idx    E Section Name        Object

    0x08000000   0x000001d8   Data   RO            3    RESET               startup_stm32g431xx.o
    0x080001d8   0x00000008   Code   RO         9480  * !!!main             c_w.l(__main.o)
    0x080001e0   0x00000034   Code   RO        10043    !!!scatter          c_w.l(__scatter.o)
    0x08000214   0x0000005a   Code   RO        10041    !!dczerorl2         c_w.l(__dczerorl2.o)
    0x0800026e   0x00000002   PAD
    0x08000270   0x0000001c   Code   RO        10045    !!handler_zi        c_w.l(__scatter_zi.o)
    0x0800028c   0x00000000   Code   RO         9461    .ARM.Collect$$_printf_percent$$00000000  c_w.l(_printf_percent.o)
    0x0800028c   0x00000006   Code   RO         9645    .ARM.Collect$$_printf_percent$$00000001  c_w.l(_printf_n.o)
    0x08000292   0x00000006   Code   RO         9647    .ARM.Collect$$_printf_percent$$00000002  c_w.l(_printf_p.o)
    0x08000298   0x00000006   Code   RO         9651    .ARM.Collect$$_printf_percent$$00000003  c_w.l(_printf_f.o)
    0x0800029e   0x00000006   Code   RO         9652    .ARM.Collect$$_printf_percent$$00000004  c_w.l(_printf_e.o)
    0x080002a4   0x00000006   Code   RO         9653    .ARM.Collect$$_printf_percent$$00000005  c_w.l(_printf_g.o)
    0x080002aa   0x00000006   Code   RO         9654    .ARM.Collect$$_printf_percent$$00000006  c_w.l(_printf_a.o)
    0x080002b0   0x0000000a   Code   RO         9659    .ARM.Collect$$_printf_percent$$00000007  c_w.l(_printf_ll.o)
    0x080002ba   0x00000006   Code   RO         9649    .ARM.Collect$$_printf_percent$$00000008  c_w.l(_printf_i.o)
    0x080002c0   0x00000006   Code   RO         9460    .ARM.Collect$$_printf_percent$$00000009  c_w.l(_printf_d.o)
    0x080002c6   0x00000006   Code   RO         9650    .ARM.Collect$$_printf_percent$$0000000A  c_w.l(_printf_u.o)
    0x080002cc   0x00000006   Code   RO         9648    .ARM.Collect$$_printf_percent$$0000000B  c_w.l(_printf_o.o)
    0x080002d2   0x00000006   Code   RO         9646    .ARM.Collect$$_printf_percent$$0000000C  c_w.l(_printf_x.o)
    0x080002d8   0x00000006   Code   RO         9656    .ARM.Collect$$_printf_percent$$0000000D  c_w.l(_printf_lli.o)
    0x080002de   0x00000006   Code   RO         9657    .ARM.Collect$$_printf_percent$$0000000E  c_w.l(_printf_lld.o)
    0x080002e4   0x00000006   Code   RO         9658    .ARM.Collect$$_printf_percent$$0000000F  c_w.l(_printf_llu.o)
    0x080002ea   0x00000006   Code   RO         9663    .ARM.Collect$$_printf_percent$$00000010  c_w.l(_printf_llo.o)
    0x080002f0   0x00000006   Code   RO         9664    .ARM.Collect$$_printf_percent$$00000011  c_w.l(_printf_llx.o)
    0x080002f6   0x0000000a   Code   RO         9660    .ARM.Collect$$_printf_percent$$00000012  c_w.l(_printf_l.o)
    0x08000300   0x00000006   Code   RO         9644    .ARM.Collect$$_printf_percent$$00000013  c_w.l(_printf_c.o)
    0x08000306   0x00000006   Code   RO         9459    .ARM.Collect$$_printf_percent$$00000014  c_w.l(_printf_s.o)
    0x0800030c   0x00000006   Code   RO         9661    .ARM.Collect$$_printf_percent$$00000015  c_w.l(_printf_lc.o)
    0x08000312   0x00000006   Code   RO         9662    .ARM.Collect$$_printf_percent$$00000016  c_w.l(_printf_ls.o)
    0x08000318   0x00000004   Code   RO         9655    .ARM.Collect$$_printf_percent$$00000017  c_w.l(_printf_percent_end.o)
    0x0800031c   0x00000002   Code   RO         9915    .ARM.Collect$$libinit$$00000000  c_w.l(libinit.o)
    0x0800031e   0x00000004   Code   RO         9669    .ARM.Collect$$libinit$$00000001  c_w.l(libinit2.o)
    0x08000322   0x00000000   Code   RO         9672    .ARM.Collect$$libinit$$00000004  c_w.l(libinit2.o)
    0x08000322   0x00000008   Code   RO         9673    .ARM.Collect$$libinit$$00000005  c_w.l(libinit2.o)
    0x0800032a   0x00000000   Code   RO         9675    .ARM.Collect$$libinit$$0000000A  c_w.l(libinit2.o)
    0x0800032a   0x00000000   Code   RO         9677    .ARM.Collect$$libinit$$0000000C  c_w.l(libinit2.o)
    0x0800032a   0x00000000   Code   RO         9679    .ARM.Collect$$libinit$$0000000E  c_w.l(libinit2.o)
    0x0800032a   0x00000006   Code   RO         9680    .ARM.Collect$$libinit$$0000000F  c_w.l(libinit2.o)
    0x08000330   0x00000000   Code   RO         9682    .ARM.Collect$$libinit$$00000011  c_w.l(libinit2.o)
    0x08000330   0x0000000c   Code   RO         9683    .ARM.Collect$$libinit$$00000012  c_w.l(libinit2.o)
    0x0800033c   0x00000000   Code   RO         9684    .ARM.Collect$$libinit$$00000013  c_w.l(libinit2.o)
    0x0800033c   0x00000000   Code   RO         9686    .ARM.Collect$$libinit$$00000015  c_w.l(libinit2.o)
    0x0800033c   0x0000000a   Code   RO         9687    .ARM.Collect$$libinit$$00000016  c_w.l(libinit2.o)
    0x08000346   0x00000000   Code   RO         9688    .ARM.Collect$$libinit$$00000017  c_w.l(libinit2.o)
    0x08000346   0x00000000   Code   RO         9690    .ARM.Collect$$libinit$$00000019  c_w.l(libinit2.o)
    0x08000346   0x00000000   Code   RO         9692    .ARM.Collect$$libinit$$0000001B  c_w.l(libinit2.o)
    0x08000346   0x00000000   Code   RO         9694    .ARM.Collect$$libinit$$0000001D  c_w.l(libinit2.o)
    0x08000346   0x00000000   Code   RO         9696    .ARM.Collect$$libinit$$0000001F  c_w.l(libinit2.o)
    0x08000346   0x00000000   Code   RO         9698    .ARM.Collect$$libinit$$00000021  c_w.l(libinit2.o)
    0x08000346   0x00000000   Code   RO         9700    .ARM.Collect$$libinit$$00000023  c_w.l(libinit2.o)
    0x08000346   0x00000000   Code   RO         9702    .ARM.Collect$$libinit$$00000025  c_w.l(libinit2.o)
    0x08000346   0x00000000   Code   RO         9706    .ARM.Collect$$libinit$$0000002C  c_w.l(libinit2.o)
    0x08000346   0x00000000   Code   RO         9708    .ARM.Collect$$libinit$$0000002E  c_w.l(libinit2.o)
    0x08000346   0x00000000   Code   RO         9710    .ARM.Collect$$libinit$$00000030  c_w.l(libinit2.o)
    0x08000346   0x00000000   Code   RO         9712    .ARM.Collect$$libinit$$00000032  c_w.l(libinit2.o)
    0x08000346   0x00000002   Code   RO         9713    .ARM.Collect$$libinit$$00000033  c_w.l(libinit2.o)
    0x08000348   0x00000002   Code   RO        10013    .ARM.Collect$$libshutdown$$00000000  c_w.l(libshutdown.o)
    0x0800034a   0x00000000   Code   RO         9938    .ARM.Collect$$libshutdown$$00000002  c_w.l(libshutdown2.o)
    0x0800034a   0x00000000   Code   RO         9940    .ARM.Collect$$libshutdown$$00000004  c_w.l(libshutdown2.o)
    0x0800034a   0x00000000   Code   RO         9943    .ARM.Collect$$libshutdown$$00000007  c_w.l(libshutdown2.o)
    0x0800034a   0x00000000   Code   RO         9946    .ARM.Collect$$libshutdown$$0000000A  c_w.l(libshutdown2.o)
    0x0800034a   0x00000000   Code   RO         9948    .ARM.Collect$$libshutdown$$0000000C  c_w.l(libshutdown2.o)
    0x0800034a   0x00000000   Code   RO         9951    .ARM.Collect$$libshutdown$$0000000F  c_w.l(libshutdown2.o)
    0x0800034a   0x00000002   Code   RO         9952    .ARM.Collect$$libshutdown$$00000010  c_w.l(libshutdown2.o)
    0x0800034c   0x00000000   Code   RO         9564    .ARM.Collect$$rtentry$$00000000  c_w.l(__rtentry.o)
    0x0800034c   0x00000000   Code   RO         9783    .ARM.Collect$$rtentry$$00000002  c_w.l(__rtentry2.o)
    0x0800034c   0x00000006   Code   RO         9795    .ARM.Collect$$rtentry$$00000004  c_w.l(__rtentry4.o)
    0x08000352   0x00000000   Code   RO         9785    .ARM.Collect$$rtentry$$00000009  c_w.l(__rtentry2.o)
    0x08000352   0x00000004   Code   RO         9786    .ARM.Collect$$rtentry$$0000000A  c_w.l(__rtentry2.o)
    0x08000356   0x00000000   Code   RO         9788    .ARM.Collect$$rtentry$$0000000C  c_w.l(__rtentry2.o)
    0x08000356   0x00000008   Code   RO         9789    .ARM.Collect$$rtentry$$0000000D  c_w.l(__rtentry2.o)
    0x0800035e   0x00000002   Code   RO         9922    .ARM.Collect$$rtexit$$00000000  c_w.l(rtexit.o)
    0x08000360   0x00000000   Code   RO         9973    .ARM.Collect$$rtexit$$00000002  c_w.l(rtexit2.o)
    0x08000360   0x00000004   Code   RO         9974    .ARM.Collect$$rtexit$$00000003  c_w.l(rtexit2.o)
    0x08000364   0x00000006   Code   RO         9975    .ARM.Collect$$rtexit$$00000004  c_w.l(rtexit2.o)
    0x0800036a   0x00000002   PAD
    0x0800036c   0x000000be   Code   RO         7431    .emb_text           port.o
    0x0800042a   0x00000002   PAD
    0x0800042c   0x00000000   Code   RO         9806    .emb_text           c_w.l(maybetermalloc1.o)
    0x0800042c   0x00000040   Code   RO            4    .text               startup_stm32g431xx.o
    0x0800046c   0x0000005e   Code   RO         9365    .text               c_w.l(h1_alloc.o)
    0x080004ca   0x0000004e   Code   RO         9367    .text               c_w.l(h1_free.o)
    0x08000518   0x000000ee   Code   RO         9423    .text               c_w.l(lludivv7m.o)
    0x08000606   0x00000002   PAD
    0x08000608   0x00000034   Code   RO         9427    .text               c_w.l(vsnprintf.o)
    0x0800063c   0x00000038   Code   RO         9429    .text               c_w.l(__2snprintf.o)
    0x08000674   0x00000052   Code   RO         9435    .text               c_w.l(_printf_str.o)
    0x080006c6   0x00000002   PAD
    0x080006c8   0x00000078   Code   RO         9437    .text               c_w.l(_printf_dec.o)
    0x08000740   0x00000188   Code   RO         9456    .text               c_w.l(__printf_flags_ss_wp.o)
    0x080008c8   0x0000003e   Code   RO         9464    .text               c_w.l(strlen.o)
    0x08000906   0x0000008a   Code   RO         9466    .text               c_w.l(rt_memcpy_v6.o)
    0x08000990   0x00000064   Code   RO         9468    .text               c_w.l(rt_memcpy_w.o)
    0x080009f4   0x00000010   Code   RO         9472    .text               c_w.l(aeabi_memset.o)
    0x08000a04   0x00000044   Code   RO         9474    .text               c_w.l(rt_memclr.o)
    0x08000a48   0x0000004e   Code   RO         9476    .text               c_w.l(rt_memclr_w.o)
    0x08000a96   0x00000006   Code   RO         9478    .text               c_w.l(heapauxi.o)
    0x08000a9c   0x00000008   Code   RO         9572    .text               c_w.l(rt_heap_descriptor_intlibspace.o)
    0x08000aa4   0x00000004   Code   RO         9574    .text               c_w.l(hguard.o)
    0x08000aa8   0x0000008a   Code   RO         9576    .text               c_w.l(init_alloc.o)
    0x08000b32   0x0000000e   Code   RO         9580    .text               c_w.l(h1_init.o)
    0x08000b40   0x0000004e   Code   RO         9596    .text               c_w.l(_printf_pad.o)
    0x08000b8e   0x00000024   Code   RO         9598    .text               c_w.l(_printf_truncate.o)
    0x08000bb2   0x000000b2   Code   RO         9600    .text               c_w.l(_printf_intcommon.o)
    0x08000c64   0x00000028   Code   RO         9602    .text               c_w.l(_printf_charcount.o)
    0x08000c8c   0x00000030   Code   RO         9604    .text               c_w.l(_printf_char_common.o)
    0x08000cbc   0x0000000a   Code   RO         9606    .text               c_w.l(_sputc.o)
    0x08000cc6   0x00000010   Code   RO         9608    .text               c_w.l(_snputc.o)
    0x08000cd6   0x0000002c   Code   RO         9610    .text               c_w.l(_printf_char.o)
    0x08000d02   0x00000002   PAD
    0x08000d04   0x000000bc   Code   RO         9612    .text               c_w.l(_printf_wctomb.o)
    0x08000dc0   0x0000007c   Code   RO         9615    .text               c_w.l(_printf_longlong_dec.o)
    0x08000e3c   0x00000070   Code   RO         9621    .text               c_w.l(_printf_oct_int_ll.o)
    0x08000eac   0x00000094   Code   RO         9641    .text               c_w.l(_printf_hex_int_ll_ptr.o)
    0x08000f40   0x00000008   Code   RO         9779    .text               c_w.l(libspace.o)
    0x08000f48   0x00000034   Code   RO         9808    .text               c_w.l(h1_extend.o)
    0x08000f7c   0x0000008a   Code   RO         9812    .text               c_w.l(lludiv10.o)
    0x08001006   0x0000041a   Code   RO         9816    .text               c_w.l(_printf_fp_dec.o)
    0x08001420   0x000002fc   Code   RO         9818    .text               c_w.l(_printf_fp_hex.o)
    0x0800171c   0x0000002c   Code   RO         9823    .text               c_w.l(_printf_wchar.o)
    0x08001748   0x00000040   Code   RO         9827    .text               c_w.l(_wcrtomb.o)
    0x08001788   0x0000000e   Code   RO         9832    .text               c_w.l(defsig_rtmem_outer.o)
    0x08001796   0x00000002   Code   RO         9849    .text               c_w.l(use_no_semi.o)
    0x08001798   0x00000000   Code   RO         9851    .text               c_w.l(indicate_semi.o)
    0x08001798   0x0000004a   Code   RO         9852    .text               c_w.l(sys_stackheap_outer.o)
    0x080017e2   0x00000002   PAD
    0x080017e4   0x00000010   Code   RO         9854    .text               c_w.l(rt_ctype_table.o)
    0x080017f4   0x00000008   Code   RO         9861    .text               c_w.l(rt_locale_intlibspace.o)
    0x080017fc   0x00000080   Code   RO         9865    .text               c_w.l(_printf_fp_infnan.o)
    0x0800187c   0x000000dc   Code   RO         9869    .text               c_w.l(bigflt0.o)
    0x08001958   0x00000012   Code   RO         9894    .text               c_w.l(exit.o)
    0x0800196a   0x0000000a   Code   RO         9896    .text               c_w.l(defsig_exit.o)
    0x08001974   0x00000050   Code   RO         9902    .text               c_w.l(defsig_rtmem_inner.o)
    0x080019c4   0x00000080   Code   RO         9904    .text               c_w.l(strcmpv7m.o)
    0x08001a44   0x0000000c   Code   RO         9920    .text               c_w.l(sys_exit.o)
    0x08001a50   0x00000032   Code   RO         9933    .text               c_w.l(defsig_general.o)
    0x08001a82   0x0000000e   Code   RO         9970    .text               c_w.l(sys_wrch.o)
    0x08001a90   0x0000003e   Code   RO         9872    CL$$btod_d2e        c_w.l(btod.o)
    0x08001ace   0x00000046   Code   RO         9874    CL$$btod_d2e_denorm_low  c_w.l(btod.o)
    0x08001b14   0x00000060   Code   RO         9873    CL$$btod_d2e_norm_op1  c_w.l(btod.o)
    0x08001b74   0x00000338   Code   RO         9882    CL$$btod_div_common  c_w.l(btod.o)
    0x08001eac   0x000000c6   Code   RO         9879    CL$$btod_e2e        c_w.l(btod.o)
    0x08001f72   0x00000028   Code   RO         9876    CL$$btod_ediv       c_w.l(btod.o)
    0x08001f9a   0x00000028   Code   RO         9875    CL$$btod_emul       c_w.l(btod.o)
    0x08001fc2   0x00000244   Code   RO         9881    CL$$btod_mult_common  c_w.l(btod.o)
    0x08002206   0x00000068   Code   RO         4350    i.ADC_DMAConvCplt   stm32g4xx_hal_adc.o
    0x0800226e   0x0000001a   Code   RO         4351    i.ADC_DMAError      stm32g4xx_hal_adc.o
    0x08002288   0x0000000a   Code   RO         4352    i.ADC_DMAHalfConvCplt  stm32g4xx_hal_adc.o
    0x08002292   0x00000002   PAD
    0x08002294   0x00000070   Code   RO         4353    i.ADC_Disable       stm32g4xx_hal_adc.o
    0x08002304   0x000000ac   Code   RO         4354    i.ADC_Enable        stm32g4xx_hal_adc.o
    0x080023b0   0x00000002   Code   RO          680    i.BusFault_Handler  stm32g4xx_it.o
    0x080023b2   0x00000004   Code   RO         1195    i.CDC_Control_FS    usbd_cdc_if.o
    0x080023b6   0x00000004   Code   RO         1196    i.CDC_DeInit_FS     usbd_cdc_if.o
    0x080023ba   0x00000002   PAD
    0x080023bc   0x00000024   Code   RO         1197    i.CDC_Init_FS       usbd_cdc_if.o
    0x080023e0   0x00000018   Code   RO         1198    i.CDC_Receive_FS    usbd_cdc_if.o
    0x080023f8   0x00000004   Code   RO         1199    i.CDC_TransmitCplt_FS  usbd_cdc_if.o
    0x080023fc   0x0000000c   Code   RO          681    i.DMA1_Channel1_IRQHandler  stm32g4xx_it.o
    0x08002408   0x0000000c   Code   RO          682    i.DMA1_Channel2_IRQHandler  stm32g4xx_it.o
    0x08002414   0x0000000c   Code   RO          683    i.DMA1_Channel3_IRQHandler  stm32g4xx_it.o
    0x08002420   0x0000000c   Code   RO          684    i.DMA1_Channel4_IRQHandler  stm32g4xx_it.o
    0x0800242c   0x00000040   Code   RO         3695    i.DMA_CalcDMAMUXChannelBaseAndMask  stm32g4xx_hal_dma.o
    0x0800246c   0x00000024   Code   RO         3696    i.DMA_CalcDMAMUXRequestGenBaseAndMask  stm32g4xx_hal_dma.o
    0x08002490   0x0000003e   Code   RO         3697    i.DMA_SetConfig     stm32g4xx_hal_dma.o
    0x080024ce   0x00000002   PAD
    0x080024d0   0x00000028   Code   RO         8183    i.DWT_CNT_Update    bsp_dwt.o
    0x080024f8   0x00000034   Code   RO         8184    i.DWT_Delay         bsp_dwt.o
    0x0800252c   0x0000003c   Code   RO         8187    i.DWT_GetTimeline_ms  bsp_dwt.o
    0x08002568   0x00000048   Code   RO         8190    i.DWT_Init          bsp_dwt.o
    0x080025b0   0x00000098   Code   RO         8191    i.DWT_SysTimeUpdate  bsp_dwt.o
    0x08002648   0x00000048   Code   RO         8585    i.DaemonRegister    daemon.o
    0x08002690   0x00000006   Code   RO         8586    i.DaemonReload      daemon.o
    0x08002696   0x00000002   Code   RO          685    i.DebugMon_Handler  stm32g4xx_it.o
    0x08002698   0x00000004   Code   RO           13    i.Error_Handler     main.o
    0x0800269c   0x0000000c   Code   RO          686    i.FDCAN1_IT0_IRQHandler  stm32g4xx_it.o
    0x080026a8   0x0000000c   Code   RO          687    i.FDCAN1_IT1_IRQHandler  stm32g4xx_it.o
    0x080026b4   0x0000000c   Code   RO         8479    i.FDCANCommGet      can_driver.o
    0x080026c0   0x00000074   Code   RO         8480    i.FDCANCommInit     can_driver.o
    0x08002734   0x00000004   Code   RO         8482    i.FDCANCommLostCallback  can_driver.o
    0x08002738   0x0000001a   Code   RO         8483    i.FDCANCommResetRx  can_driver.o
    0x08002752   0x000000b4   Code   RO         8484    i.FDCANCommRxCallback  can_driver.o
    0x08002806   0x00000002   PAD
    0x08002808   0x0000007c   Code   RO         8125    i.FDCANFIFOxCallback  bsp_can.o
    0x08002884   0x00000144   Code   RO         8126    i.FDCANRegister     bsp_can.o
    0x080029c8   0x00000048   Code   RO         8803    i.Foc_Pwm_LowSides  bldcmotor.o
    0x08002a10   0x00000054   Code   RO         8804    i.Foc_Pwm_Start     bldcmotor.o
    0x08002a64   0x000000a8   Code   RO         9056    i.GetTempNtc        motor_adc.o
    0x08002b0c   0x00000094   Code   RO         4592    i.HAL_ADCEx_Calibration_Start  stm32g4xx_hal_adc_ex.o
    0x08002ba0   0x00000128   Code   RO         4604    i.HAL_ADCEx_InjectedStart_IT  stm32g4xx_hal_adc_ex.o
    0x08002cc8   0x000000d4   Code   RO         4609    i.HAL_ADCEx_MultiModeConfigChannel  stm32g4xx_hal_adc_ex.o
    0x08002d9c   0x0000041c   Code   RO         4356    i.HAL_ADC_ConfigChannel  stm32g4xx_hal_adc.o
    0x080031b8   0x00000002   Code   RO         4357    i.HAL_ADC_ConvCpltCallback  stm32g4xx_hal_adc.o
    0x080031ba   0x00000002   Code   RO         4358    i.HAL_ADC_ConvHalfCpltCallback  stm32g4xx_hal_adc.o
    0x080031bc   0x00000002   Code   RO         4360    i.HAL_ADC_ErrorCallback  stm32g4xx_hal_adc.o
    0x080031be   0x00000002   PAD
    0x080031c0   0x000001f4   Code   RO         4365    i.HAL_ADC_Init      stm32g4xx_hal_adc.o
    0x080033b4   0x00000120   Code   RO          380    i.HAL_ADC_MspInit   adc.o
    0x080034d4   0x000000f0   Code   RO         4373    i.HAL_ADC_Start_DMA  stm32g4xx_hal_adc.o
    0x080035c4   0x000000ba   Code   RO         3703    i.HAL_DMA_IRQHandler  stm32g4xx_hal_dma.o
    0x0800367e   0x00000002   PAD
    0x08003680   0x000000c0   Code   RO         3704    i.HAL_DMA_Init      stm32g4xx_hal_dma.o
    0x08003740   0x0000008c   Code   RO         3708    i.HAL_DMA_Start_IT  stm32g4xx_hal_dma.o
    0x080037cc   0x000000e0   Code   RO         4808    i.HAL_FDCAN_ActivateNotification  stm32g4xx_hal_fdcan.o
    0x080038ac   0x0000005c   Code   RO         4811    i.HAL_FDCAN_ConfigFilter  stm32g4xx_hal_fdcan.o
    0x08003908   0x00000002   Code   RO         4832    i.HAL_FDCAN_ErrorCallback  stm32g4xx_hal_fdcan.o
    0x0800390a   0x00000002   Code   RO         4833    i.HAL_FDCAN_ErrorStatusCallback  stm32g4xx_hal_fdcan.o
    0x0800390c   0x00000016   Code   RO         4841    i.HAL_FDCAN_GetRxFifoFillLevel  stm32g4xx_hal_fdcan.o
    0x08003922   0x00000002   PAD
    0x08003924   0x00000110   Code   RO         4842    i.HAL_FDCAN_GetRxMessage  stm32g4xx_hal_fdcan.o
    0x08003a34   0x00000002   Code   RO         4848    i.HAL_FDCAN_HighPriorityMessageCallback  stm32g4xx_hal_fdcan.o
    0x08003a36   0x00000164   Code   RO         4849    i.HAL_FDCAN_IRQHandler  stm32g4xx_hal_fdcan.o
    0x08003b9a   0x00000002   PAD
    0x08003b9c   0x00000204   Code   RO         4850    i.HAL_FDCAN_Init    stm32g4xx_hal_fdcan.o
    0x08003da0   0x000000a4   Code   RO          453    i.HAL_FDCAN_MspInit  fdcan.o
    0x08003e44   0x0000000c   Code   RO         8129    i.HAL_FDCAN_RxFifo0Callback  bsp_can.o
    0x08003e50   0x0000000c   Code   RO         8130    i.HAL_FDCAN_RxFifo1Callback  bsp_can.o
    0x08003e5c   0x0000002c   Code   RO         4859    i.HAL_FDCAN_Start   stm32g4xx_hal_fdcan.o
    0x08003e88   0x00000002   Code   RO         4861    i.HAL_FDCAN_TimeoutOccurredCallback  stm32g4xx_hal_fdcan.o
    0x08003e8a   0x00000002   Code   RO         4862    i.HAL_FDCAN_TimestampWraparoundCallback  stm32g4xx_hal_fdcan.o
    0x08003e8c   0x00000002   Code   RO         4863    i.HAL_FDCAN_TxBufferAbortCallback  stm32g4xx_hal_fdcan.o
    0x08003e8e   0x00000002   Code   RO         4864    i.HAL_FDCAN_TxBufferCompleteCallback  stm32g4xx_hal_fdcan.o
    0x08003e90   0x00000002   Code   RO         4865    i.HAL_FDCAN_TxEventFifoCallback  stm32g4xx_hal_fdcan.o
    0x08003e92   0x00000002   Code   RO         4866    i.HAL_FDCAN_TxFifoEmptyCallback  stm32g4xx_hal_fdcan.o
    0x08003e94   0x000001b0   Code   RO         3560    i.HAL_GPIO_Init     stm32g4xx_hal_gpio.o
    0x08004044   0x0000000a   Code   RO         3564    i.HAL_GPIO_WritePin  stm32g4xx_hal_gpio.o
    0x0800404e   0x00000002   PAD
    0x08004050   0x0000000c   Code   RO         2855    i.HAL_GetTick       stm32g4xx_hal.o
    0x0800405c   0x00000010   Code   RO         2861    i.HAL_IncTick       stm32g4xx_hal.o
    0x0800406c   0x0000001e   Code   RO         2862    i.HAL_Init          stm32g4xx_hal.o
    0x0800408a   0x00000002   PAD
    0x0800408c   0x00000088   Code   RO          810    i.HAL_InitTick      stm32g4xx_hal_timebase_tim.o
    0x08004114   0x0000003c   Code   RO          786    i.HAL_MspInit       stm32g4xx_hal_msp.o
    0x08004150   0x0000001a   Code   RO         4209    i.HAL_NVIC_EnableIRQ  stm32g4xx_hal_cortex.o
    0x0800416a   0x00000002   PAD
    0x0800416c   0x00000040   Code   RO         4215    i.HAL_NVIC_SetPriority  stm32g4xx_hal_cortex.o
    0x080041ac   0x00000024   Code   RO         4216    i.HAL_NVIC_SetPriorityGrouping  stm32g4xx_hal_cortex.o
    0x080041d0   0x00000024   Code   RO         2629    i.HAL_PCDEx_ActivateLPM  stm32g4xx_hal_pcd_ex.o
    0x080041f4   0x00000044   Code   RO          849    i.HAL_PCDEx_LPM_Callback  usbd_conf.o
    0x08004238   0x0000003c   Code   RO         2635    i.HAL_PCDEx_PMAConfig  stm32g4xx_hal_pcd_ex.o
    0x08004274   0x00000012   Code   RO          851    i.HAL_PCD_DataInStageCallback  usbd_conf.o
    0x08004286   0x00000014   Code   RO          852    i.HAL_PCD_DataOutStageCallback  usbd_conf.o
    0x0800429a   0x0000004a   Code   RO         2407    i.HAL_PCD_EP_Close  stm32g4xx_hal_pcd.o
    0x080042e4   0x0000005a   Code   RO         2408    i.HAL_PCD_EP_ClrStall  stm32g4xx_hal_pcd.o
    0x0800433e   0x000000dc   Code   RO         2409    i.HAL_PCD_EP_DB_Receive  stm32g4xx_hal_pcd.o
    0x0800441a   0x0000038c   Code   RO         2410    i.HAL_PCD_EP_DB_Transmit  stm32g4xx_hal_pcd.o
    0x080047a6   0x00000012   Code   RO         2412    i.HAL_PCD_EP_GetRxCount  stm32g4xx_hal_pcd.o
    0x080047b8   0x0000005c   Code   RO         2413    i.HAL_PCD_EP_Open   stm32g4xx_hal_pcd.o
    0x08004814   0x0000002e   Code   RO         2414    i.HAL_PCD_EP_Receive  stm32g4xx_hal_pcd.o
    0x08004842   0x0000005e   Code   RO         2415    i.HAL_PCD_EP_SetStall  stm32g4xx_hal_pcd.o
    0x080048a0   0x0000002e   Code   RO         2416    i.HAL_PCD_EP_Transmit  stm32g4xx_hal_pcd.o
    0x080048ce   0x0000014a   Code   RO         2418    i.HAL_PCD_IRQHandler  stm32g4xx_hal_pcd.o
    0x08004a18   0x0000009a   Code   RO         2421    i.HAL_PCD_Init      stm32g4xx_hal_pcd.o
    0x08004ab2   0x00000002   PAD
    0x08004ab4   0x00000058   Code   RO          857    i.HAL_PCD_MspInit   usbd_conf.o
    0x08004b0c   0x00000026   Code   RO          858    i.HAL_PCD_ResetCallback  usbd_conf.o
    0x08004b32   0x00000002   PAD
    0x08004b34   0x00000028   Code   RO          859    i.HAL_PCD_ResumeCallback  usbd_conf.o
    0x08004b5c   0x00000008   Code   RO          860    i.HAL_PCD_SOFCallback  usbd_conf.o
    0x08004b64   0x00000026   Code   RO         2427    i.HAL_PCD_SetAddress  stm32g4xx_hal_pcd.o
    0x08004b8a   0x0000000e   Code   RO          861    i.HAL_PCD_SetupStageCallback  usbd_conf.o
    0x08004b98   0x0000002a   Code   RO         2429    i.HAL_PCD_Start     stm32g4xx_hal_pcd.o
    0x08004bc2   0x00000002   PAD
    0x08004bc4   0x00000024   Code   RO          862    i.HAL_PCD_SuspendCallback  usbd_conf.o
    0x08004be8   0x000000bc   Code   RO         3963    i.HAL_PWREx_ControlVoltageScaling  stm32g4xx_hal_pwr_ex.o
    0x08004ca4   0x00000010   Code   RO         3975    i.HAL_PWREx_DisableUCPDDeadBattery  stm32g4xx_hal_pwr_ex.o
    0x08004cb4   0x0000029c   Code   RO         3222    i.HAL_RCCEx_PeriphCLKConfig  stm32g4xx_hal_rcc_ex.o
    0x08004f50   0x000001dc   Code   RO         3097    i.HAL_RCC_ClockConfig  stm32g4xx_hal_rcc.o
    0x0800512c   0x00000040   Code   RO         3102    i.HAL_RCC_GetClockConfig  stm32g4xx_hal_rcc.o
    0x0800516c   0x00000024   Code   RO         3105    i.HAL_RCC_GetPCLK1Freq  stm32g4xx_hal_rcc.o
    0x08005190   0x00000024   Code   RO         3106    i.HAL_RCC_GetPCLK2Freq  stm32g4xx_hal_rcc.o
    0x080051b4   0x0000006c   Code   RO         3107    i.HAL_RCC_GetSysClockFreq  stm32g4xx_hal_rcc.o
    0x08005220   0x000003f4   Code   RO         3110    i.HAL_RCC_OscConfig  stm32g4xx_hal_rcc.o
    0x08005614   0x00000040   Code   RO         5198    i.HAL_RNG_Init      stm32g4xx_hal_rng.o
    0x08005654   0x0000004c   Code   RO          495    i.HAL_RNG_MspInit   rng.o
    0x080056a0   0x000000ea   Code   RO         5292    i.HAL_SPI_Init      stm32g4xx_hal_spi.o
    0x0800578a   0x00000002   PAD
    0x0800578c   0x000000a4   Code   RO          537    i.HAL_SPI_MspInit   spi.o
    0x08005830   0x00000002   Code   RO         1968    i.HAL_TIMEx_Break2Callback  stm32g4xx_hal_tim_ex.o
    0x08005832   0x00000002   Code   RO         1969    i.HAL_TIMEx_BreakCallback  stm32g4xx_hal_tim_ex.o
    0x08005834   0x00000002   Code   RO         1970    i.HAL_TIMEx_CommutCallback  stm32g4xx_hal_tim_ex.o
    0x08005836   0x00000002   PAD
    0x08005838   0x0000009c   Code   RO         1973    i.HAL_TIMEx_ConfigBreakDeadTime  stm32g4xx_hal_tim_ex.o
    0x080058d4   0x00000002   Code   RO         1981    i.HAL_TIMEx_DirectionChangeCallback  stm32g4xx_hal_tim_ex.o
    0x080058d6   0x00000002   Code   RO         1995    i.HAL_TIMEx_EncoderIndexCallback  stm32g4xx_hal_tim_ex.o
    0x080058d8   0x00000002   Code   RO         2009    i.HAL_TIMEx_IndexErrorCallback  stm32g4xx_hal_tim_ex.o
    0x080058da   0x00000002   PAD
    0x080058dc   0x0000009c   Code   RO         2010    i.HAL_TIMEx_MasterConfigSynchronization  stm32g4xx_hal_tim_ex.o
    0x08005978   0x000000bc   Code   RO         2022    i.HAL_TIMEx_PWMN_Start  stm32g4xx_hal_tim_ex.o
    0x08005a34   0x00000002   Code   RO         2031    i.HAL_TIMEx_TransitionErrorCallback  stm32g4xx_hal_tim_ex.o
    0x08005a36   0x00000062   Code   RO         1254    i.HAL_TIM_Base_Init  stm32g4xx_hal_tim.o
    0x08005a98   0x00000002   Code   RO         1256    i.HAL_TIM_Base_MspInit  stm32g4xx_hal_tim.o
    0x08005a9a   0x00000002   PAD
    0x08005a9c   0x00000078   Code   RO         1259    i.HAL_TIM_Base_Start_IT  stm32g4xx_hal_tim.o
    0x08005b14   0x00000002   Code   RO         1284    i.HAL_TIM_ErrorCallback  stm32g4xx_hal_tim.o
    0x08005b16   0x00000002   Code   RO         1288    i.HAL_TIM_IC_CaptureCallback  stm32g4xx_hal_tim.o
    0x08005b18   0x000001a2   Code   RO         1302    i.HAL_TIM_IRQHandler  stm32g4xx_hal_tim.o
    0x08005cba   0x00000002   PAD
    0x08005cbc   0x000000b8   Code   RO          584    i.HAL_TIM_MspPostInit  tim.o
    0x08005d74   0x00000002   Code   RO         1305    i.HAL_TIM_OC_DelayElapsedCallback  stm32g4xx_hal_tim.o
    0x08005d76   0x00000124   Code   RO         1326    i.HAL_TIM_PWM_ConfigChannel  stm32g4xx_hal_tim.o
    0x08005e9a   0x00000062   Code   RO         1329    i.HAL_TIM_PWM_Init  stm32g4xx_hal_tim.o
    0x08005efc   0x00000094   Code   RO          586    i.HAL_TIM_PWM_MspInit  tim.o
    0x08005f90   0x00000002   Code   RO         1332    i.HAL_TIM_PWM_PulseFinishedCallback  stm32g4xx_hal_tim.o
    0x08005f92   0x00000002   Code   RO         1333    i.HAL_TIM_PWM_PulseFinishedHalfCpltCallback  stm32g4xx_hal_tim.o
    0x08005f94   0x00000108   Code   RO         1334    i.HAL_TIM_PWM_Start  stm32g4xx_hal_tim.o
    0x0800609c   0x00000224   Code   RO         1335    i.HAL_TIM_PWM_Start_DMA  stm32g4xx_hal_tim.o
    0x080062c0   0x00000014   Code   RO           14    i.HAL_TIM_PeriodElapsedCallback  main.o
    0x080062d4   0x00000002   Code   RO         1345    i.HAL_TIM_TriggerCallback  stm32g4xx_hal_tim.o
    0x080062d6   0x0000003e   Code   RO         6052    i.HAL_UARTEx_DisableFifoMode  stm32g4xx_hal_uart_ex.o
    0x08006314   0x00000052   Code   RO         6058    i.HAL_UARTEx_ReceiveToIdle_DMA  stm32g4xx_hal_uart_ex.o
    0x08006366   0x00000002   PAD
    0x08006368   0x0000006c   Code   RO         8338    i.HAL_UARTEx_RxEventCallback  bsp_usart.o
    0x080063d4   0x0000004c   Code   RO         6061    i.HAL_UARTEx_SetRxFifoThreshold  stm32g4xx_hal_uart_ex.o
    0x08006420   0x0000004c   Code   RO         6062    i.HAL_UARTEx_SetTxFifoThreshold  stm32g4xx_hal_uart_ex.o
    0x0800646c   0x000000c4   Code   RO         8339    i.HAL_UART_ErrorCallback  bsp_usart.o
    0x08006530   0x0000006a   Code   RO         5661    i.HAL_UART_Init     stm32g4xx_hal_uart.o
    0x0800659a   0x00000002   PAD
    0x0800659c   0x000000ec   Code   RO          639    i.HAL_UART_MspInit  usart.o
    0x08006688   0x00000002   Code   RO         5668    i.HAL_UART_RxCpltCallback  stm32g4xx_hal_uart.o
    0x0800668a   0x00000002   Code   RO         5669    i.HAL_UART_RxHalfCpltCallback  stm32g4xx_hal_uart.o
    0x0800668c   0x000000ae   Code   RO         5670    i.HAL_UART_Transmit  stm32g4xx_hal_uart.o
    0x0800673a   0x00000002   PAD
    0x0800673c   0x00000090   Code   RO         5671    i.HAL_UART_Transmit_DMA  stm32g4xx_hal_uart.o
    0x080067cc   0x00000098   Code   RO         5672    i.HAL_UART_Transmit_IT  stm32g4xx_hal_uart.o
    0x08006864   0x00000002   Code   RO         5673    i.HAL_UART_TxCpltCallback  stm32g4xx_hal_uart.o
    0x08006866   0x00000002   Code   RO         5674    i.HAL_UART_TxHalfCpltCallback  stm32g4xx_hal_uart.o
    0x08006868   0x00000002   Code   RO          688    i.HardFault_Handler  stm32g4xx_it.o
    0x0800686a   0x00000036   Code   RO         1109    i.IntToUnicode      usbd_desc.o
    0x080068a0   0x0000000c   Code   RO         4379    i.LL_ADC_GetOffsetChannel  stm32g4xx_hal_adc.o
    0x080068ac   0x00000008   Code   RO         4380    i.LL_ADC_INJ_IsConversionOngoing  stm32g4xx_hal_adc.o
    0x080068b4   0x00000008   Code   RO         4618    i.LL_ADC_INJ_IsConversionOngoing  stm32g4xx_hal_adc_ex.o
    0x080068bc   0x00000008   Code   RO         4381    i.LL_ADC_IsEnabled  stm32g4xx_hal_adc.o
    0x080068c4   0x00000008   Code   RO         4382    i.LL_ADC_REG_IsConversionOngoing  stm32g4xx_hal_adc.o
    0x080068cc   0x00000008   Code   RO         4620    i.LL_ADC_REG_IsConversionOngoing  stm32g4xx_hal_adc_ex.o
    0x080068d4   0x00000010   Code   RO         4383    i.LL_ADC_REG_IsTriggerSourceSWStart  stm32g4xx_hal_adc.o
    0x080068e4   0x0000001e   Code   RO         4385    i.LL_ADC_SetChannelSamplingTime  stm32g4xx_hal_adc.o
    0x08006902   0x00000010   Code   RO         4386    i.LL_ADC_SetOffsetState  stm32g4xx_hal_adc.o
    0x08006912   0x00000002   PAD
    0x08006914   0x0000011c   Code   RO         8299    i.LOG_PROTO         bsp_log.o
    0x08006a30   0x00000018   Code   RO         8300    i.LogInit           bsp_log.o
    0x08006a48   0x0000005c   Code   RO          381    i.MX_ADC1_Init      adc.o
    0x08006aa4   0x0000007c   Code   RO          382    i.MX_ADC2_Init      adc.o
    0x08006b20   0x0000006c   Code   RO          428    i.MX_DMA_Init       dma.o
    0x08006b8c   0x00000050   Code   RO          454    i.MX_FDCAN1_Init    fdcan.o
    0x08006bdc   0x00000054   Code   RO          305    i.MX_FREERTOS_Init  app_freertos.o
    0x08006c30   0x000000c0   Code   RO          281    i.MX_GPIO_Init      gpio.o
    0x08006cf0   0x00000028   Code   RO          496    i.MX_RNG_Init       rng.o
    0x08006d18   0x00000050   Code   RO          538    i.MX_SPI1_Init      spi.o
    0x08006d68   0x00000050   Code   RO          539    i.MX_SPI3_Init      spi.o
    0x08006db8   0x000000ec   Code   RO          587    i.MX_TIM1_Init      tim.o
    0x08006ea4   0x00000070   Code   RO          588    i.MX_TIM3_Init      tim.o
    0x08006f14   0x00000068   Code   RO          640    i.MX_USART1_UART_Init  usart.o
    0x08006f7c   0x00000054   Code   RO         1074    i.MX_USB_Device_Init  usb_device.o
    0x08006fd0   0x00000002   Code   RO          689    i.MemManage_Handler  stm32g4xx_it.o
    0x08006fd2   0x00000002   PAD
    0x08006fd4   0x00000094   Code   RO         8957    i.MotorGuardTask    focmotor.o
    0x08007068   0x00000002   Code   RO          690    i.NMI_Handler       stm32g4xx_it.o
    0x0800706a   0x00000332   Code   RO         2432    i.PCD_EP_ISR_Handler  stm32g4xx_hal_pcd.o
    0x0800739c   0x00000022   Code   RO         8741    i.RGB_DisplayColor  led.o
    0x080073be   0x00000002   PAD
    0x080073c0   0x000000c8   Code   RO         8742    i.RGB_DisplayColorById  led.o
    0x08007488   0x00000014   Code   RO         8743    i.RGB_SendArray     led.o
    0x0800749c   0x00000060   Code   RO         8744    i.RGB_SetColor      led.o
    0x080074fc   0x0000000c   Code   RO         8745    i.Reset_Load        led.o
    0x08007508   0x00000024   Code   RO         8023    i.RobotCMDInit      cmd_task.o
    0x0800752c   0x00000090   Code   RO         8024    i.RobotCMDTask      cmd_task.o
    0x080075bc   0x00000034   Code   RO         7889    i.RobotInit         robot.o
    0x080075f0   0x0000000a   Code   RO         7649    i.SWAPBYTE          usbd_ctlreq.o
    0x080075fa   0x00000002   PAD
    0x080075fc   0x00000030   Code   RO         7891    i.StartCustomTask   robot.o
    0x0800762c   0x0000002c   Code   RO         7892    i.StartDefaultTask  robot.o
    0x08007658   0x00000038   Code   RO         7893    i.StartGuardTask    robot.o
    0x08007690   0x0000002c   Code   RO         7432    i.SysTick_Handler   port.o
    0x080076bc   0x0000006c   Code   RO           15    i.SystemClock_Config  main.o
    0x08007728   0x00000010   Code   RO         6171    i.SystemInit        system_stm32g4xx.o
    0x08007738   0x0000002c   Code   RO          691    i.TIM1_TRG_COM_TIM17_IRQHandler  stm32g4xx_it.o
    0x08007764   0x000000bc   Code   RO         1347    i.TIM_Base_SetConfig  stm32g4xx_hal_tim.o
    0x08007820   0x0000001a   Code   RO         1348    i.TIM_CCxChannelCmd  stm32g4xx_hal_tim.o
    0x0800783a   0x0000001a   Code   RO         2034    i.TIM_CCxNChannelCmd  stm32g4xx_hal_tim_ex.o
    0x08007854   0x0000005e   Code   RO         1351    i.TIM_DMADelayPulseCplt  stm32g4xx_hal_tim.o
    0x080078b2   0x00000038   Code   RO         1352    i.TIM_DMADelayPulseHalfCplt  stm32g4xx_hal_tim.o
    0x080078ea   0x00000054   Code   RO         1353    i.TIM_DMAError      stm32g4xx_hal_tim.o
    0x0800793e   0x00000002   PAD
    0x08007940   0x0000009c   Code   RO         1360    i.TIM_OC1_SetConfig  stm32g4xx_hal_tim.o
    0x080079dc   0x00000090   Code   RO         1361    i.TIM_OC2_SetConfig  stm32g4xx_hal_tim.o
    0x08007a6c   0x00000090   Code   RO         1362    i.TIM_OC3_SetConfig  stm32g4xx_hal_tim.o
    0x08007afc   0x00000090   Code   RO         1363    i.TIM_OC4_SetConfig  stm32g4xx_hal_tim.o
    0x08007b8c   0x00000070   Code   RO         1364    i.TIM_OC5_SetConfig  stm32g4xx_hal_tim.o
    0x08007bfc   0x00000070   Code   RO         1365    i.TIM_OC6_SetConfig  stm32g4xx_hal_tim.o
    0x08007c6c   0x00000016   Code   RO         8961    i.TempResultTask    focmotor.o
    0x08007c82   0x00000002   PAD
    0x08007c84   0x00000044   Code   RO         6066    i.UARTEx_SetNbDataToProcess  stm32g4xx_hal_uart_ex.o
    0x08007cc8   0x000000c8   Code   RO         5675    i.UART_AdvFeatureConfig  stm32g4xx_hal_uart.o
    0x08007d90   0x000000ac   Code   RO         5676    i.UART_CheckIdleState  stm32g4xx_hal_uart.o
    0x08007e3c   0x00000050   Code   RO         5678    i.UART_DMAError     stm32g4xx_hal_uart.o
    0x08007e8c   0x00000086   Code   RO         5679    i.UART_DMAReceiveCplt  stm32g4xx_hal_uart.o
    0x08007f12   0x00000020   Code   RO         5681    i.UART_DMARxHalfCplt  stm32g4xx_hal_uart.o
    0x08007f32   0x00000042   Code   RO         5683    i.UART_DMATransmitCplt  stm32g4xx_hal_uart.o
    0x08007f74   0x0000000a   Code   RO         5685    i.UART_DMATxHalfCplt  stm32g4xx_hal_uart.o
    0x08007f7e   0x00000002   PAD
    0x08007f80   0x00000054   Code   RO         5687    i.UART_EndRxTransfer  stm32g4xx_hal_uart.o
    0x08007fd4   0x0000002e   Code   RO         5688    i.UART_EndTxTransfer  stm32g4xx_hal_uart.o
    0x08008002   0x00000002   PAD
    0x08008004   0x00000270   Code   RO         5693    i.UART_SetConfig    stm32g4xx_hal_uart.o
    0x08008274   0x000000ac   Code   RO         5694    i.UART_Start_Receive_DMA  stm32g4xx_hal_uart.o
    0x08008320   0x00000052   Code   RO         5696    i.UART_TxISR_16BIT  stm32g4xx_hal_uart.o
    0x08008372   0x00000068   Code   RO         5697    i.UART_TxISR_16BIT_FIFOEN  stm32g4xx_hal_uart.o
    0x080083da   0x0000004e   Code   RO         5698    i.UART_TxISR_8BIT   stm32g4xx_hal_uart.o
    0x08008428   0x00000064   Code   RO         5699    i.UART_TxISR_8BIT_FIFOEN  stm32g4xx_hal_uart.o
    0x0800848c   0x00000092   Code   RO         5700    i.UART_WaitOnFlagUntilTimeout  stm32g4xx_hal_uart.o
    0x0800851e   0x00000002   PAD
    0x08008520   0x0000011c   Code   RO         8341    i.USARTRegister     bsp_usart.o
    0x0800863c   0x00000028   Code   RO         8342    i.USARTSend         bsp_usart.o
    0x08008664   0x00000026   Code   RO         8343    i.USARTServiceInit  bsp_usart.o
    0x0800868a   0x00000002   PAD
    0x0800868c   0x00000020   Code   RO         1110    i.USBD_CDC_ConfigStrDescriptor  usbd_desc.o
    0x080086ac   0x0000005e   Code   RO         7782    i.USBD_CDC_DataIn   usbd_cdc.o
    0x0800870a   0x0000002a   Code   RO         7783    i.USBD_CDC_DataOut  usbd_cdc.o
    0x08008734   0x00000048   Code   RO         7784    i.USBD_CDC_DeInit   usbd_cdc.o
    0x0800877c   0x0000000c   Code   RO         1111    i.USBD_CDC_DeviceDescriptor  usbd_desc.o
    0x08008788   0x0000002e   Code   RO         7785    i.USBD_CDC_EP0_RxReady  usbd_cdc.o
    0x080087b6   0x00000002   PAD
    0x080087b8   0x0000000c   Code   RO         7786    i.USBD_CDC_GetDeviceQualifierDescriptor  usbd_cdc.o
    0x080087c4   0x0000000c   Code   RO         7787    i.USBD_CDC_GetFSCfgDesc  usbd_cdc.o
    0x080087d0   0x0000000c   Code   RO         7788    i.USBD_CDC_GetHSCfgDesc  usbd_cdc.o
    0x080087dc   0x0000000c   Code   RO         7789    i.USBD_CDC_GetOtherSpeedCfgDesc  usbd_cdc.o
    0x080087e8   0x000000a2   Code   RO         7790    i.USBD_CDC_Init     usbd_cdc.o
    0x0800888a   0x00000002   PAD
    0x0800888c   0x00000024   Code   RO         1112    i.USBD_CDC_InterfaceStrDescriptor  usbd_desc.o
    0x080088b0   0x0000000c   Code   RO         1113    i.USBD_CDC_LangIDStrDescriptor  usbd_desc.o
    0x080088bc   0x00000028   Code   RO         1114    i.USBD_CDC_ManufacturerStrDescriptor  usbd_desc.o
    0x080088e4   0x0000002c   Code   RO         1115    i.USBD_CDC_ProductStrDescriptor  usbd_desc.o
    0x08008910   0x00000028   Code   RO         7791    i.USBD_CDC_ReceivePacket  usbd_cdc.o
    0x08008938   0x0000000e   Code   RO         7792    i.USBD_CDC_RegisterInterface  usbd_cdc.o
    0x08008946   0x00000002   PAD
    0x08008948   0x00000038   Code   RO         1116    i.USBD_CDC_SerialStrDescriptor  usbd_desc.o
    0x08008980   0x00000012   Code   RO         7793    i.USBD_CDC_SetRxBuffer  usbd_cdc.o
    0x08008992   0x00000016   Code   RO         7794    i.USBD_CDC_SetTxBuffer  usbd_cdc.o
    0x080089a8   0x000000be   Code   RO         7795    i.USBD_CDC_Setup    usbd_cdc.o
    0x08008a66   0x00000010   Code   RO         7511    i.USBD_ClrClassConfig  usbd_core.o
    0x08008a76   0x00000010   Code   RO         7722    i.USBD_CtlContinueRx  usbd_ioreq.o
    0x08008a86   0x00000010   Code   RO         7723    i.USBD_CtlContinueSendData  usbd_ioreq.o
    0x08008a96   0x00000016   Code   RO         7650    i.USBD_CtlError     usbd_ctlreq.o
    0x08008aac   0x0000001e   Code   RO         7724    i.USBD_CtlPrepareRx  usbd_ioreq.o
    0x08008aca   0x00000016   Code   RO         7725    i.USBD_CtlReceiveStatus  usbd_ioreq.o
    0x08008ae0   0x0000001a   Code   RO         7726    i.USBD_CtlSendData  usbd_ioreq.o
    0x08008afa   0x00000016   Code   RO         7727    i.USBD_CtlSendStatus  usbd_ioreq.o
    0x08008b10   0x000000fa   Code   RO         7651    i.USBD_GetDescriptor  usbd_ctlreq.o
    0x08008c0a   0x00000048   Code   RO         7652    i.USBD_GetString    usbd_ctlreq.o
    0x08008c52   0x00000018   Code   RO          863    i.USBD_Get_USB_Status  usbd_conf.o
    0x08008c6a   0x00000026   Code   RO         7513    i.USBD_Init         usbd_core.o
    0x08008c90   0x00000012   Code   RO          864    i.USBD_LL_ClearStallEP  usbd_conf.o
    0x08008ca2   0x00000012   Code   RO          865    i.USBD_LL_CloseEP   usbd_conf.o
    0x08008cb4   0x000000a8   Code   RO         7514    i.USBD_LL_DataInStage  usbd_core.o
    0x08008d5c   0x0000006c   Code   RO         7515    i.USBD_LL_DataOutStage  usbd_core.o
    0x08008dc8   0x00000008   Code   RO          869    i.USBD_LL_GetRxDataSize  usbd_conf.o
    0x08008dd0   0x00000084   Code   RO          870    i.USBD_LL_Init      usbd_conf.o
    0x08008e54   0x0000001e   Code   RO          871    i.USBD_LL_IsStallEP  usbd_conf.o
    0x08008e72   0x00000018   Code   RO          872    i.USBD_LL_OpenEP    usbd_conf.o
    0x08008e8a   0x00000012   Code   RO          873    i.USBD_LL_PrepareReceive  usbd_conf.o
    0x08008e9c   0x0000005a   Code   RO         7520    i.USBD_LL_Reset     usbd_core.o
    0x08008ef6   0x00000014   Code   RO         7521    i.USBD_LL_Resume    usbd_core.o
    0x08008f0a   0x00000020   Code   RO         7522    i.USBD_LL_SOF       usbd_core.o
    0x08008f2a   0x00000006   Code   RO         7523    i.USBD_LL_SetSpeed  usbd_core.o
    0x08008f30   0x00000012   Code   RO          874    i.USBD_LL_SetUSBAddress  usbd_conf.o
    0x08008f42   0x00000060   Code   RO         7524    i.USBD_LL_SetupStage  usbd_core.o
    0x08008fa2   0x00000012   Code   RO          875    i.USBD_LL_StallEP   usbd_conf.o
    0x08008fb4   0x00000012   Code   RO          876    i.USBD_LL_Start     usbd_conf.o
    0x08008fc6   0x00000012   Code   RO         7525    i.USBD_LL_Suspend   usbd_core.o
    0x08008fd8   0x00000012   Code   RO          878    i.USBD_LL_Transmit  usbd_conf.o
    0x08008fea   0x00000030   Code   RO         7653    i.USBD_ParseSetupRequest  usbd_ctlreq.o
    0x0800901a   0x00000024   Code   RO         7526    i.USBD_RegisterClass  usbd_core.o
    0x0800903e   0x00000014   Code   RO         7528    i.USBD_SetClassConfig  usbd_core.o
    0x08009052   0x00000002   PAD
    0x08009054   0x000000bc   Code   RO         7654    i.USBD_SetConfig    usbd_ctlreq.o
    0x08009110   0x00000004   Code   RO         7529    i.USBD_Start        usbd_core.o
    0x08009114   0x00000114   Code   RO         7655    i.USBD_StdDevReq    usbd_ctlreq.o
    0x08009228   0x00000140   Code   RO         7656    i.USBD_StdEPReq     usbd_ctlreq.o
    0x08009368   0x00000052   Code   RO         7657    i.USBD_StdItfReq    usbd_ctlreq.o
    0x080093ba   0x00000002   Code   RO          879    i.USBD_static_free  usbd_conf.o
    0x080093bc   0x00000008   Code   RO          880    i.USBD_static_malloc  usbd_conf.o
    0x080093c4   0x00000354   Code   RO         2694    i.USB_ActivateEndpoint  stm32g4xx_ll_usb.o
    0x08009718   0x00000110   Code   RO         2698    i.USB_DeactivateEndpoint  stm32g4xx_ll_usb.o
    0x08009828   0x0000000e   Code   RO         2699    i.USB_DevConnect    stm32g4xx_ll_usb.o
    0x08009836   0x00000012   Code   RO         2701    i.USB_DevInit       stm32g4xx_ll_usb.o
    0x08009848   0x00000010   Code   RO         2702    i.USB_DisableGlobalInt  stm32g4xx_ll_usb.o
    0x08009858   0x00000070   Code   RO         2703    i.USB_EPClearStall  stm32g4xx_ll_usb.o
    0x080098c8   0x00000032   Code   RO         2704    i.USB_EPSetStall    stm32g4xx_ll_usb.o
    0x080098fa   0x0000036a   Code   RO         2705    i.USB_EPStartXfer   stm32g4xx_ll_usb.o
    0x08009c64   0x00000012   Code   RO         2707    i.USB_EnableGlobalInt  stm32g4xx_ll_usb.o
    0x08009c76   0x00000002   PAD
    0x08009c78   0x0000000c   Code   RO          692    i.USB_LP_IRQHandler  stm32g4xx_it.o
    0x08009c84   0x00000006   Code   RO         2710    i.USB_ReadInterrupts  stm32g4xx_ll_usb.o
    0x08009c8a   0x00000028   Code   RO         2711    i.USB_ReadPMA       stm32g4xx_ll_usb.o
    0x08009cb2   0x0000000c   Code   RO         2713    i.USB_SetDevAddress  stm32g4xx_ll_usb.o
    0x08009cbe   0x00000024   Code   RO         2715    i.USB_WritePMA      stm32g4xx_ll_usb.o
    0x08009ce2   0x00000002   Code   RO          693    i.UsageFault_Handler  stm32g4xx_it.o
    0x08009ce4   0x00000030   Code   RO         9918    i.__ARM_fpclassify  m_wm.l(fpclassify.o)
    0x08009d14   0x00000020   Code   RO         4222    i.__NVIC_SetPriority  stm32g4xx_hal_cortex.o
    0x08009d34   0x0000000e   Code   RO         9449    i._is_digit         c_w.l(__printf_wp.o)
    0x08009d42   0x00000002   PAD
    0x08009d44   0x00000048   Code   RO         9060    i.adc2_median_filter  motor_adc.o
    0x08009d8c   0x00000034   Code   RO         8094    i.adc_bsp_init      bsp_adc.o
    0x08009dc0   0x00000024   Code   RO         8396    i.crc_8             crc8.o
    0x08009de4   0x00000042   Code   RO           16    i.main              main.o
    0x08009e26   0x0000000c   Code   RO         6997    i.makeFreeRtosPriority  cmsis_os.o
    0x08009e32   0x0000000e   Code   RO         6999    i.osDelay           cmsis_os.o
    0x08009e40   0x0000000a   Code   RO         7002    i.osKernelStart     cmsis_os.o
    0x08009e4a   0x00000054   Code   RO         7036    i.osThreadCreate    cmsis_os.o
    0x08009e9e   0x00000002   PAD
    0x08009ea0   0x00000070   Code   RO         6673    i.prvAddCurrentTaskToDelayedList  tasks.o
    0x08009f10   0x000000d0   Code   RO         6674    i.prvAddNewTaskToReadyList  tasks.o
    0x08009fe0   0x00000034   Code   RO         6675    i.prvDeleteTCB      tasks.o
    0x0800a014   0x00000048   Code   RO         7364    i.prvHeapInit       heap_4.o
    0x0800a05c   0x00000060   Code   RO         6676    i.prvIdleTask       tasks.o
    0x0800a0bc   0x000000aa   Code   RO         6677    i.prvInitialiseNewTask  tasks.o
    0x0800a166   0x00000002   PAD
    0x0800a168   0x0000004c   Code   RO         7365    i.prvInsertBlockIntoFreeList  heap_4.o
    0x0800a1b4   0x00000020   Code   RO         6678    i.prvResetNextTaskUnblockTime  tasks.o
    0x0800a1d4   0x00000028   Code   RO         7433    i.prvTaskExitError  port.o
    0x0800a1fc   0x000000dc   Code   RO         7366    i.pvPortMalloc      heap_4.o
    0x0800a2d8   0x0000002c   Code   RO         7434    i.pxPortInitialiseStack  port.o
    0x0800a304   0x00000026   Code   RO         6309    i.uxListRemove      list.o
    0x0800a32a   0x00000002   PAD
    0x0800a32c   0x00000014   Code   RO          309    i.vApplicationGetIdleTaskMemory  app_freertos.o
    0x0800a340   0x00000002   Code   RO          310    i.vApplicationIdleHook  app_freertos.o
    0x0800a342   0x00000002   Code   RO          311    i.vApplicationStackOverflowHook  app_freertos.o
    0x0800a344   0x00000016   Code   RO         6310    i.vListInitialise   list.o
    0x0800a35a   0x00000006   Code   RO         6311    i.vListInitialiseItem  list.o
    0x0800a360   0x00000030   Code   RO         6312    i.vListInsert       list.o
    0x0800a390   0x00000018   Code   RO         6313    i.vListInsertEnd    list.o
    0x0800a3a8   0x00000040   Code   RO         7436    i.vPortEnterCritical  port.o
    0x0800a3e8   0x00000028   Code   RO         7437    i.vPortExitCritical  port.o
    0x0800a410   0x00000064   Code   RO         7367    i.vPortFree         heap_4.o
    0x0800a474   0x00000024   Code   RO         7438    i.vPortSetupTimerInterrupt  port.o
    0x0800a498   0x0000004c   Code   RO         6688    i.vTaskDelay        tasks.o
    0x0800a4e4   0x0000006c   Code   RO         6701    i.vTaskStartScheduler  tasks.o
    0x0800a550   0x00000010   Code   RO         6703    i.vTaskSuspendAll   tasks.o
    0x0800a560   0x00000074   Code   RO         6704    i.vTaskSwitchContext  tasks.o
    0x0800a5d4   0x000000f4   Code   RO         7440    i.xPortStartScheduler  port.o
    0x0800a6c8   0x0000005a   Code   RO         6707    i.xTaskCreate       tasks.o
    0x0800a722   0x0000005a   Code   RO         6708    i.xTaskCreateStatic  tasks.o
    0x0800a77c   0x000000cc   Code   RO         6715    i.xTaskIncrementTick  tasks.o
    0x0800a848   0x000000c4   Code   RO         6721    i.xTaskResumeAll    tasks.o
    0x0800a90c   0x0000002c   Code   RO         9830    locale$$code        c_w.l(lc_numeric_c.o)
    0x0800a938   0x0000002c   Code   RO         9929    locale$$code        c_w.l(lc_ctype_c.o)
    0x0800a964   0x0000000a   Code   RO         9845    x$fpl$fpinit        fz_wm.l(fpinit.o)
    0x0800a96e   0x00000004   Code   RO         9740    x$fpl$printf1       fz_wm.l(printf1.o)
    0x0800a972   0x00000004   Code   RO         9742    x$fpl$printf2       fz_wm.l(printf2.o)
    0x0800a976   0x00000000   Code   RO         9748    x$fpl$usenofp       fz_wm.l(usenofp.o)
    0x0800a976   0x00000002   PAD
    0x0800a978   0x00000054   Data   RO          313    .constdata          app_freertos.o
    0x0800a9cc   0x00000010   Data   RO         4867    .constdata          stm32g4xx_hal_fdcan.o
    0x0800a9dc   0x00000018   Data   RO         5701    .constdata          stm32g4xx_hal_uart.o
    0x0800a9f4   0x00000010   Data   RO         6067    .constdata          stm32g4xx_hal_uart_ex.o
    0x0800aa04   0x00000010   Data   RO         6172    .constdata          system_stm32g4xx.o
    0x0800aa14   0x00000008   Data   RO         6173    .constdata          system_stm32g4xx.o
    0x0800aa1c   0x00000018   Data   RO         8026    .constdata          cmd_task.o
    0x0800aa34   0x00000028   Data   RO         8132    .constdata          bsp_can.o
    0x0800aa5c   0x00000025   Data   RO         8345    .constdata          bsp_usart.o
    0x0800aa81   0x00000003   PAD
    0x0800aa84   0x0000000c   Data   RO         8486    .constdata          can_driver.o
    0x0800aa90   0x0000002d   Data   RO         8747    .constdata          led.o
    0x0800aabd   0x00000001   PAD
    0x0800aabe   0x000000fc   Data   RO         9061    .constdata          motor_adc.o
    0x0800abba   0x00000011   Data   RO         9457    .constdata          c_w.l(__printf_flags_ss_wp.o)
    0x0800abcb   0x00000001   PAD
    0x0800abcc   0x00000008   Data   RO         9613    .constdata          c_w.l(_printf_wctomb.o)
    0x0800abd4   0x00000028   Data   RO         9642    .constdata          c_w.l(_printf_hex_int_ll_ptr.o)
    0x0800abfc   0x00000026   Data   RO         9819    .constdata          c_w.l(_printf_fp_hex.o)
    0x0800ac22   0x00000002   PAD
    0x0800ac24   0x00000094   Data   RO         9870    .constdata          c_w.l(bigflt0.o)
    0x0800acb8   0x00000023   Data   RO          314    .conststring        app_freertos.o
    0x0800acdb   0x00000001   PAD
    0x0800acdc   0x0000004e   Data   RO         8133    .conststring        bsp_can.o
    0x0800ad2a   0x00000002   PAD
    0x0800ad2c   0x00000020   Data   RO        10039    Region$$Table       anon$$obj.o
    0x0800ad4c   0x0000001c   Data   RO         9829    locale$$data        c_w.l(lc_numeric_c.o)
    0x0800ad68   0x00000110   Data   RO         9928    locale$$data        c_w.l(lc_ctype_c.o)


    Execution Region RW_IRAM1 (Base: 0x20000000, Size: 0x000070a8, Max: 0x00008000, ABSOLUTE, COMPRESSED[0x0000026c])

    Base Addr    Size         Type   Attr      Idx    E Section Name        Object

    0x20000000   0x0000000c   Data   RW          315    .data               app_freertos.o
    0x2000000c   0x00000004   Data   RW          384    .data               adc.o
    0x20000010   0x00000020   Data   RW         1118    .data               usbd_desc.o
    0x20000030   0x00000032   Data   RW         1119    .data               usbd_desc.o
    0x20000062   0x00000002   PAD
    0x20000064   0x00000014   Data   RW         1202    .data               usbd_cdc_if.o
    0x20000078   0x0000000c   Data   RW         2882    .data               stm32g4xx_hal.o
    0x20000084   0x00000004   Data   RW         6174    .data               system_stm32g4xx.o
    0x20000088   0x0000003c   Data   RW         6724    .data               tasks.o
    0x200000c4   0x00000020   Data   RW         7373    .data               heap_4.o
    0x200000e4   0x0000000c   Data   RW         7441    .data               port.o
    0x200000f0   0x00000001   Data   RW         7658    .data               usbd_ctlreq.o
    0x200000f1   0x00000003   PAD
    0x200000f4   0x000000d7   Data   RW         7797    .data               usbd_cdc.o
    0x200001cb   0x00000001   PAD
    0x200001cc   0x00000038   Data   RW         7798    .data               usbd_cdc.o
    0x20000204   0x00000018   Data   RW         7894    .data               robot.o
    0x2000021c   0x00000008   Data   RW         8027    .data               cmd_task.o
    0x20000224   0x0000000c   Data   RW         8134    .data               bsp_can.o
    0x20000230   0x00000040   Data   RW         8192    .data               bsp_dwt.o
    0x20000270   0x00000004   Data   RW         8301    .data               bsp_log.o
    0x20000274   0x00000001   Data   RW         8346    .data               bsp_usart.o
    0x20000275   0x00000100   Data   RW         8398    .data               crc8.o
    0x20000375   0x00000001   Data   RW         8589    .data               daemon.o
    0x20000376   0x00000002   PAD
    0x20000378   0x00000278   Data   RW         8631    .data               mt6816_encoder.o
    0x200005f0   0x00000090   Data   RW         8821    .data               bldcmotor.o
    0x20000680   0x00000198   Data   RW         8962    .data               focmotor.o
    0x20000818   0x00000020   Data   RW         9062    .data               motor_adc.o
    0x20000838   0x00000254   Zero   RW          312    .bss                app_freertos.o
    0x20000a8c   0x00000138   Zero   RW          383    .bss                adc.o
    0x20000bc4   0x00000064   Zero   RW          455    .bss                fdcan.o
    0x20000c28   0x00000014   Zero   RW          497    .bss                rng.o
    0x20000c3c   0x000000c8   Zero   RW          540    .bss                spi.o
    0x20000d04   0x000000f8   Zero   RW          589    .bss                tim.o
    0x20000dfc   0x00000154   Zero   RW          641    .bss                usart.o
    0x20000f50   0x0000004c   Zero   RW          813    .bss                stm32g4xx_hal_timebase_tim.o
    0x20000f9c   0x000004fc   Zero   RW          881    .bss                usbd_conf.o
    0x20001498   0x000002d0   Zero   RW         1075    .bss                usb_device.o
    0x20001768   0x00000200   Zero   RW         1117    .bss                usbd_desc.o
    0x20001968   0x00000800   Zero   RW         1201    .bss                usbd_cdc_if.o
    0x20002168   0x000000f0   Zero   RW         6723    .bss                tasks.o
    0x20002258   0x00000bb8   Zero   RW         7372    .bss                heap_4.o
    0x20002e10   0x00000018   Zero   RW         8025    .bss                cmd_task.o
    0x20002e28   0x0000000a   Zero   RW         8096    .bss                bsp_adc.o
    0x20002e32   0x00000002   PAD
    0x20002e34   0x00000040   Zero   RW         8131    .bss                bsp_can.o
    0x20002e74   0x00000014   Zero   RW         8344    .bss                bsp_usart.o
    0x20002e88   0x00000100   Zero   RW         8588    .bss                daemon.o
    0x20002f88   0x000000c0   Zero   RW         8746    .bss                led.o
    0x20003048   0x00000060   Zero   RW         9780    .bss                c_w.l(libspace.o)
    0x200030a8   0x00003000   Zero   RW            2    HEAP                startup_stm32g431xx.o
    0x200060a8   0x00001000   Zero   RW            1    STACK               startup_stm32g431xx.o


==============================================================================

Image component sizes


      Code (inc. data)   RO Data    RW Data    ZI Data      Debug   Object Name

       504         40          0          4        312       2696   adc.o
       108         14        119         12        596       3255   app_freertos.o
       156          8          0        144          0       5258   bldcmotor.o
        52         14          0          0         10       1067   bsp_adc.o
       472        118        118         12         64       4998   bsp_can.o
       376         56          0         64          0       3771   bsp_dwt.o
       308        148          0          4          0       2526   bsp_log.o
       666        252         37          1         20       4033   bsp_usart.o
       338          8         12          0          0       5107   can_driver.o
       180         22         24          8         24       4362   cmd_task.o
       120          0          0          0          0      23217   cmsis_os.o
        36          4          0        256          0       1208   crc8.o
        78          8          0          1        256       2260   daemon.o
       108          4          0          0          0        834   dma.o
         0          0          0          0          0      16812   event_groups.o
       244         24          0          0        100       1791   fdcan.o
       170         22          0        408          0       9163   focmotor.o
       192         14          0          0          0        991   gpio.o
       468         22          0         32       3000       7495   heap_4.o
       362         38         45          0        192       4240   led.o
       138          0          0          0          0       3546   list.o
       198          6          0          0          0     761033   main.o
       240          8        252         32          0       2789   motor_adc.o
         0          0          0        632          0       1983   mt6816_encoder.o
       702         70          0         12          0      10988   port.o
       116         20          0          0         20       1623   rng.o
       200         32          0         24          0       7227   robot.o
       324         32          0          0        200       2394   spi.o
        64         26        472          0      16384        844   startup_stm32g431xx.o
        58         10          0         12          0       3002   stm32g4xx_hal.o
      2320        136          0          0          0      81483   stm32g4xx_hal_adc.o
       672         32          0          0          0      71070   stm32g4xx_hal_adc_ex.o
       158         14          0          0          0      33014   stm32g4xx_hal_cortex.o
       680         30          0          0          0       5071   stm32g4xx_hal_dma.o
      1544         22         16          0          0      15709   stm32g4xx_hal_fdcan.o
       442         32          0          0          0       2220   stm32g4xx_hal_gpio.o
        60          6          0          0          0        870   stm32g4xx_hal_msp.o
      2970          0          0          0          0      15349   stm32g4xx_hal_pcd.o
        96          0          0          0          0       1948   stm32g4xx_hal_pcd_ex.o
       204         18          0          0          0       1437   stm32g4xx_hal_pwr_ex.o
      1732         98          0          0          0       7181   stm32g4xx_hal_rcc.o
       668          8          0          0          0       1988   stm32g4xx_hal_rcc_ex.o
        64          0          0          0          0       1091   stm32g4xx_hal_rng.o
       234          0          0          0          0       1271   stm32g4xx_hal_spi.o
      3112        282          0          0          0      20890   stm32g4xx_hal_tim.o
       540         56          0          0          0       8115   stm32g4xx_hal_tim_ex.o
       136         20          0          0         76       1428   stm32g4xx_hal_timebase_tim.o
      2714        114         24          0          0      37958   stm32g4xx_hal_uart.o
       364          6         16          0          0       4588   stm32g4xx_hal_uart_ex.o
       140         52          0          0          0       6725   stm32g4xx_it.o
      2320          0          0          0          0      14992   stm32g4xx_ll_usb.o
         0          0          0          0          0        392   stream_buffer.o
        16          4         24          4          0       1127   system_stm32g4xx.o
      1566        110          0         60        240      19666   tasks.o
       680         56          0          0        248       3422   tim.o
       340         32          0          0        340       1984   usart.o
        84         18          0          0        720        808   usb_device.o
       748         16          0        271          0      12995   usbd_cdc.o
        72         16          0         20       2048       3390   usbd_cdc_if.o
       684         38          0          0       1276      17190   usbd_conf.o
       652          0          0          0          0       9907   usbd_core.o
      1268         22          0          1          0      14544   usbd_ctlreq.o
       286        104          0         82        512       6286   usbd_desc.o
       132          0          0          0          0       4528   usbd_ioreq.o

    ----------------------------------------------------------------------
     34758       2362       1198       2104      26640    1331150   Object Totals
         0          0         32          0          0          0   (incl. Generated)
        82          0          7          8          2          0   (incl. Padding)

    ----------------------------------------------------------------------

      Code (inc. data)   RO Data    RW Data    ZI Data      Debug   Library Member Name

        56          6          0          0          0         88   __2snprintf.o
        90          0          0          0          0          0   __dczerorl2.o
         8          0          0          0          0         68   __main.o
       392          4         17          0          0         92   __printf_flags_ss_wp.o
        14          0          0          0          0         68   __printf_wp.o
         0          0          0          0          0          0   __rtentry.o
        12          0          0          0          0          0   __rtentry2.o
         6          0          0          0          0          0   __rtentry4.o
        52          8          0          0          0          0   __scatter.o
        28          0          0          0          0          0   __scatter_zi.o
         6          0          0          0          0          0   _printf_a.o
         6          0          0          0          0          0   _printf_c.o
        44          0          0          0          0        108   _printf_char.o
        48          6          0          0          0         96   _printf_char_common.o
        40          0          0          0          0         68   _printf_charcount.o
         6          0          0          0          0          0   _printf_d.o
       120         16          0          0          0         92   _printf_dec.o
         6          0          0          0          0          0   _printf_e.o
         6          0          0          0          0          0   _printf_f.o
      1050          0          0          0          0        216   _printf_fp_dec.o
       764         10         38          0          0        100   _printf_fp_hex.o
       128         16          0          0          0         84   _printf_fp_infnan.o
         6          0          0          0          0          0   _printf_g.o
       148          4         40          0          0        160   _printf_hex_int_ll_ptr.o
         6          0          0          0          0          0   _printf_i.o
       178          0          0          0          0         88   _printf_intcommon.o
        10          0          0          0          0          0   _printf_l.o
         6          0          0          0          0          0   _printf_lc.o
        10          0          0          0          0          0   _printf_ll.o
         6          0          0          0          0          0   _printf_lld.o
         6          0          0          0          0          0   _printf_lli.o
         6          0          0          0          0          0   _printf_llo.o
         6          0          0          0          0          0   _printf_llu.o
         6          0          0          0          0          0   _printf_llx.o
       124         16          0          0          0         92   _printf_longlong_dec.o
         6          0          0          0          0          0   _printf_ls.o
         6          0          0          0          0          0   _printf_n.o
         6          0          0          0          0          0   _printf_o.o
       112          8          0          0          0        124   _printf_oct_int_ll.o
         6          0          0          0          0          0   _printf_p.o
        78          0          0          0          0        108   _printf_pad.o
         0          0          0          0          0          0   _printf_percent.o
         4          0          0          0          0          0   _printf_percent_end.o
         6          0          0          0          0          0   _printf_s.o
        82          0          0          0          0         80   _printf_str.o
        36          0          0          0          0         84   _printf_truncate.o
         6          0          0          0          0          0   _printf_u.o
        44          0          0          0          0        108   _printf_wchar.o
       188          6          8          0          0         92   _printf_wctomb.o
         6          0          0          0          0          0   _printf_x.o
        16          0          0          0          0         68   _snputc.o
        10          0          0          0          0         68   _sputc.o
        64          0          0          0          0         92   _wcrtomb.o
        16          0          0          0          0         68   aeabi_memset.o
       220          4        148          0          0         96   bigflt0.o
      1910        128          0          0          0        672   btod.o
        10          0          0          0          0         68   defsig_exit.o
        50          0          0          0          0         88   defsig_general.o
        80         58          0          0          0         76   defsig_rtmem_inner.o
        14          0          0          0          0         80   defsig_rtmem_outer.o
        18          0          0          0          0         80   exit.o
        94          0          0          0          0         80   h1_alloc.o
        52          0          0          0          0         68   h1_extend.o
        78          0          0          0          0         80   h1_free.o
        14          0          0          0          0         84   h1_init.o
         6          0          0          0          0        152   heapauxi.o
         4          0          0          0          0        136   hguard.o
         0          0          0          0          0          0   indicate_semi.o
       138          0          0          0          0        168   init_alloc.o
        44         10        272          0          0         76   lc_ctype_c.o
        44         10         28          0          0         76   lc_numeric_c.o
         2          0          0          0          0          0   libinit.o
        42          0          0          0          0          0   libinit2.o
         2          0          0          0          0          0   libshutdown.o
         2          0          0          0          0          0   libshutdown2.o
         8          4          0          0         96         68   libspace.o
       138          0          0          0          0         80   lludiv10.o
       238          0          0          0          0        100   lludivv7m.o
         0          0          0          0          0          0   maybetermalloc1.o
        16          4          0          0          0         76   rt_ctype_table.o
         8          4          0          0          0         68   rt_heap_descriptor_intlibspace.o
         8          4          0          0          0         68   rt_locale_intlibspace.o
        68          0          0          0          0         68   rt_memclr.o
        78          0          0          0          0         80   rt_memclr_w.o
       138          0          0          0          0         68   rt_memcpy_v6.o
       100          0          0          0          0         80   rt_memcpy_w.o
         2          0          0          0          0          0   rtexit.o
        10          0          0          0          0          0   rtexit2.o
       128          0          0          0          0         68   strcmpv7m.o
        62          0          0          0          0         76   strlen.o
        12          4          0          0          0         68   sys_exit.o
        74          0          0          0          0         80   sys_stackheap_outer.o
        14          0          0          0          0         76   sys_wrch.o
         2          0          0          0          0         68   use_no_semi.o
        52          4          0          0          0         80   vsnprintf.o
        10          0          0          0          0        116   fpinit.o
         4          0          0          0          0        116   printf1.o
         4          0          0          0          0        116   printf2.o
         0          0          0          0          0          0   usenofp.o
        48          0          0          0          0        124   fpclassify.o

    ----------------------------------------------------------------------
      8154        334        554          0         96       6136   Library Totals
        16          0          3          0          0          0   (incl. Padding)

    ----------------------------------------------------------------------

      Code (inc. data)   RO Data    RW Data    ZI Data      Debug   Library Name

      8072        334        551          0         96       5664   c_w.l
        18          0          0          0          0        348   fz_wm.l
        48          0          0          0          0        124   m_wm.l

    ----------------------------------------------------------------------
      8154        334        554          0         96       6136   Library Totals

    ----------------------------------------------------------------------

==============================================================================


      Code (inc. data)   RO Data    RW Data    ZI Data      Debug   

     42912       2696       1752       2104      26736    1298862   Grand Totals
     42912       2696       1752        620      26736    1298862   ELF Image Totals (compressed)
     42912       2696       1752        620          0          0   ROM Totals

==============================================================================

    Total RO  Size (Code + RO Data)                44664 (  43.62kB)
    Total RW  Size (RW Data + ZI Data)             28840 (  28.16kB)
    Total ROM Size (Code + RO Data + RW Data)      45284 (  44.22kB)

==============================================================================

