<html>
<body>
<pre>
<h1>µVision Build Log</h1>
<h2>Tool Versions:</h2>
IDE-Version: ¦ÌVision V5.18.0.0
Copyright (C) 2016 ARM Ltd and ARM Germany GmbH. All rights reserved.
License Information: a aa, a, LIC=TIVNB-21KSP-9U04U-SGLHG-L12VU-H1P4E
 
Tool Versions:
Toolchain:       MDK-ARM Standard  Version: 5.18
Toolchain Path:  C:\Keil_v5\ARM\ARMCC\Bin
C Compiler:      Armcc.exe V5.06 update 1 (build 61)
Assembler:       Armasm.exe V5.06 update 1 (build 61)
Linker/Locator:  ArmLink.exe V5.06 update 1 (build 61)
Library Manager: ArmAr.exe V5.06 update 1 (build 61)
Hex Converter:   FromElf.exe V5.06 update 1 (build 61)
CPU DLL:         SARMCM3.DLL V5.18
Dialog DLL:      DCM.DLL V1.13.6.0
Target DLL:      STLink\ST-LINKIII-KEIL_SWO.dll V2.0.18.0
Dialog DLL:      TCM.DLL V1.14.8.0
 
<h2>Project:</h2>
C:\Users\Admin\Desktop\FOC\DIY\MDK-ARM\DIY.uvprojx
Project File Date:  08/06/2025

<h2>Output:</h2>
*** Using Compiler 'V5.06 update 1 (build 61)', folder: 'C:\Keil_v5\ARM\ARMCC\Bin'
Rebuild target 'DIY'
assembling startup_stm32g431xx.s...
compiling rng.c...
compiling tim.c...
compiling dma.c...
compiling gpio.c...
compiling stm32g4xx_it.c...
compiling usart.c...
compiling fdcan.c...
compiling adc.c...
compiling spi.c...
compiling app_freertos.c...
../Core/Src/app_freertos.c(164): warning:  #223-D: function "MX_USB_Device_Init" declared implicitly
    MX_USB_Device_Init();
../Core/Src/app_freertos.c: 1 warning, 0 errors
compiling main.c...
compiling usbd_cdc_if.c...
compiling stm32g4xx_hal_msp.c...
compiling stm32g4xx_hal_timebase_tim.c...
compiling usb_device.c...
compiling stm32g4xx_hal_pcd_ex.c...
compiling usbd_desc.c...
compiling usbd_conf.c...
compiling stm32g4xx_hal_pcd.c...
compiling stm32g4xx_ll_usb.c...
compiling stm32g4xx_hal_tim_ex.c...
compiling stm32g4xx_hal_tim.c...
compiling stm32g4xx_hal.c...
compiling stm32g4xx_hal_flash_ramfunc.c...
compiling stm32g4xx_hal_dma_ex.c...
compiling stm32g4xx_hal_exti.c...
compiling stm32g4xx_hal_dma.c...
compiling stm32g4xx_hal_flash.c...
compiling stm32g4xx_hal_flash_ex.c...
compiling stm32g4xx_hal_pwr.c...
compiling stm32g4xx_hal_gpio.c...
compiling stm32g4xx_hal_rcc.c...
compiling stm32g4xx_hal_rcc_ex.c...
compiling stm32g4xx_ll_adc.c...
compiling stm32g4xx_hal_pwr_ex.c...
compiling croutine.c...
compiling stm32g4xx_hal_rng.c...
compiling system_stm32g4xx.c...
compiling stm32g4xx_hal_spi_ex.c...
compiling event_groups.c...
compiling stm32g4xx_hal_uart_ex.c...
compiling stm32g4xx_hal_cortex.c...
compiling stm32g4xx_hal_fdcan.c...
compiling stm32g4xx_hal_spi.c...
compiling stm32g4xx_hal_adc_ex.c...
compiling stm32g4xx_hal_uart.c...
compiling stm32g4xx_hal_adc.c...
compiling list.c...
compiling queue.c...
compiling stream_buffer.c...
compiling timers.c...
compiling tasks.c...
compiling heap_4.c...
compiling cmsis_os.c...
compiling port.c...
compiling usbd_core.c...
compiling usbd_ctlreq.c...
compiling usbd_ioreq.c...
compiling usbd_cdc.c...
compiling bsp_can.c...
compiling bsp_adc.c...
compiling bsp_dwt.c...
compiling bsp_flash.c...
compiling motor_task.c...
compiling cmd_task.c...
compiling robot.c...
..\APP\robot_task.h(33): warning:  #550-D: variable "default_dt" was set but never used
      static float default_dt;
..\APP\robot_task.h(57): warning:  #550-D: variable "guard_dt" was set but never used
      static float guard_dt;
..\APP\robot_task.h(76): warning:  #550-D: variable "custom_dt" was set but never used
      static float custom_dt;
..\APP\robot.c: 3 warnings, 0 errors
compiling daemon.c...
compiling bsp_log.c...
compiling bsp_usart.c...
compiling crc8.c...
compiling crc16.c...
compiling pid.c...
compiling can_driver.c...
compiling flash_driver.c...
compiling led.c...
compiling BLDCMotor.c...
compiling FOCMotor.c...
compiling Motor_ADC.c...
compiling mt6816_encoder.c...
compiling trapTraj.c...
compiling vofa.c...
linking...
Program Size: Code=38696 RO-data=1200 RW-data=2112 ZI-data=26640  
FromELF: creating hex file...
"DIY\DIY.axf" - 0 Error(s), 4 Warning(s).

<h2>Software Packages used:</h2>

Package Vendor: ARM
                http://www.keil.com/pack/ARM.CMSIS.5.8.0.pack
                ARM::CMSIS:CORE:5.5.0
                CMSIS (Common Microcontroller Software Interface Standard)
   * Component: CORE Version: 5.5.0

<h2>Collection of Component include folders:</h2>
  C:\Users\Admin\Desktop\FOC\DIY\MDK-ARM\RTE
  C:\Keil_v5\ARM\PACK\ARM\CMSIS\5.8.0\CMSIS\Core\Include
  C:\Keil_v5\ARM\PACK\Keil\STM32G4xx_DFP\1.5.0\Drivers\CMSIS\Device\ST\STM32G4xx\Include

<h2>Collection of Component Files used:</h2>

   * Component: ARM::CMSIS:CORE:5.5.0
      Source file:   CMSIS\Core\Template\ARMv8-M\main_s.c
      Source file:   CMSIS\Core\Template\ARMv8-M\tz_context.c
      Include file:  CMSIS\Core\Include\tz_context.h
Build Time Elapsed:  00:00:41
</pre>
</body>
</html>
