Component: ARM Compiler 5.06 update 1 (build 61) Tool: armlink [4d35a8]

==============================================================================

Section Cross References

    startup_stm32g431xx.o(RESET) refers to startup_stm32g431xx.o(STACK) for __initial_sp
    startup_stm32g431xx.o(RESET) refers to startup_stm32g431xx.o(.text) for Reset_Handler
    startup_stm32g431xx.o(RESET) refers to stm32g4xx_it.o(i.NMI_Handler) for NMI_Handler
    startup_stm32g431xx.o(RESET) refers to stm32g4xx_it.o(i.HardFault_Handler) for HardFault_Handler
    startup_stm32g431xx.o(RESET) refers to stm32g4xx_it.o(i.MemManage_Handler) for MemManage_Handler
    startup_stm32g431xx.o(RESET) refers to stm32g4xx_it.o(i.BusFault_Handler) for BusFault_Handler
    startup_stm32g431xx.o(RESET) refers to stm32g4xx_it.o(i.UsageFault_Handler) for UsageFault_Handler
    startup_stm32g431xx.o(RESET) refers to port.o(.emb_text) for SVC_Handler
    startup_stm32g431xx.o(RESET) refers to stm32g4xx_it.o(i.DebugMon_Handler) for DebugMon_Handler
    startup_stm32g431xx.o(RESET) refers to port.o(i.SysTick_Handler) for SysTick_Handler
    startup_stm32g431xx.o(RESET) refers to stm32g4xx_it.o(i.DMA1_Channel1_IRQHandler) for DMA1_Channel1_IRQHandler
    startup_stm32g431xx.o(RESET) refers to stm32g4xx_it.o(i.DMA1_Channel2_IRQHandler) for DMA1_Channel2_IRQHandler
    startup_stm32g431xx.o(RESET) refers to stm32g4xx_it.o(i.DMA1_Channel3_IRQHandler) for DMA1_Channel3_IRQHandler
    startup_stm32g431xx.o(RESET) refers to stm32g4xx_it.o(i.DMA1_Channel4_IRQHandler) for DMA1_Channel4_IRQHandler
    startup_stm32g431xx.o(RESET) refers to stm32g4xx_it.o(i.USB_LP_IRQHandler) for USB_LP_IRQHandler
    startup_stm32g431xx.o(RESET) refers to stm32g4xx_it.o(i.FDCAN1_IT0_IRQHandler) for FDCAN1_IT0_IRQHandler
    startup_stm32g431xx.o(RESET) refers to stm32g4xx_it.o(i.FDCAN1_IT1_IRQHandler) for FDCAN1_IT1_IRQHandler
    startup_stm32g431xx.o(RESET) refers to stm32g4xx_it.o(i.TIM1_TRG_COM_TIM17_IRQHandler) for TIM1_TRG_COM_TIM17_IRQHandler
    startup_stm32g431xx.o(.text) refers to system_stm32g4xx.o(i.SystemInit) for SystemInit
    startup_stm32g431xx.o(.text) refers to entry.o(.ARM.Collect$$$$00000000) for __main
    main.o(i.HAL_TIM_PeriodElapsedCallback) refers to stm32g4xx_hal.o(i.HAL_IncTick) for HAL_IncTick
    main.o(i.SystemClock_Config) refers to memseta.o(.text) for __aeabi_memclr4
    main.o(i.SystemClock_Config) refers to stm32g4xx_hal_pwr_ex.o(i.HAL_PWREx_ControlVoltageScaling) for HAL_PWREx_ControlVoltageScaling
    main.o(i.SystemClock_Config) refers to stm32g4xx_hal_rcc.o(i.HAL_RCC_OscConfig) for HAL_RCC_OscConfig
    main.o(i.SystemClock_Config) refers to stm32g4xx_hal_rcc.o(i.HAL_RCC_ClockConfig) for HAL_RCC_ClockConfig
    main.o(i.main) refers to stm32g4xx_hal.o(i.HAL_Init) for HAL_Init
    main.o(i.main) refers to main.o(i.SystemClock_Config) for SystemClock_Config
    main.o(i.main) refers to gpio.o(i.MX_GPIO_Init) for MX_GPIO_Init
    main.o(i.main) refers to dma.o(i.MX_DMA_Init) for MX_DMA_Init
    main.o(i.main) refers to adc.o(i.MX_ADC1_Init) for MX_ADC1_Init
    main.o(i.main) refers to fdcan.o(i.MX_FDCAN1_Init) for MX_FDCAN1_Init
    main.o(i.main) refers to tim.o(i.MX_TIM1_Init) for MX_TIM1_Init
    main.o(i.main) refers to usart.o(i.MX_USART1_UART_Init) for MX_USART1_UART_Init
    main.o(i.main) refers to spi.o(i.MX_SPI1_Init) for MX_SPI1_Init
    main.o(i.main) refers to spi.o(i.MX_SPI3_Init) for MX_SPI3_Init
    main.o(i.main) refers to tim.o(i.MX_TIM3_Init) for MX_TIM3_Init
    main.o(i.main) refers to adc.o(i.MX_ADC2_Init) for MX_ADC2_Init
    main.o(i.main) refers to rng.o(i.MX_RNG_Init) for MX_RNG_Init
    main.o(i.main) refers to robot.o(i.RobotInit) for RobotInit
    main.o(i.main) refers to app_freertos.o(i.MX_FREERTOS_Init) for MX_FREERTOS_Init
    main.o(i.main) refers to cmsis_os.o(i.osKernelStart) for osKernelStart
    gpio.o(i.MX_GPIO_Init) refers to memseta.o(.text) for __aeabi_memclr4
    gpio.o(i.MX_GPIO_Init) refers to stm32g4xx_hal_gpio.o(i.HAL_GPIO_WritePin) for HAL_GPIO_WritePin
    gpio.o(i.MX_GPIO_Init) refers to stm32g4xx_hal_gpio.o(i.HAL_GPIO_Init) for HAL_GPIO_Init
    app_freertos.o(i.MX_FREERTOS_Init) refers to memcpya.o(.text) for __aeabi_memcpy4
    app_freertos.o(i.MX_FREERTOS_Init) refers to cmsis_os.o(i.osThreadCreate) for osThreadCreate
    app_freertos.o(i.MX_FREERTOS_Init) refers to app_freertos.o(.constdata) for .constdata
    app_freertos.o(i.MX_FREERTOS_Init) refers to app_freertos.o(.data) for .data
    app_freertos.o(i.StartCustomTask) refers to cmsis_os.o(i.osDelay) for osDelay
    app_freertos.o(i.StartDefaultTask) refers to usb_device.o(i.MX_USB_Device_Init) for MX_USB_Device_Init
    app_freertos.o(i.StartDefaultTask) refers to cmsis_os.o(i.osDelay) for osDelay
    app_freertos.o(i.StartGuardTask) refers to cmsis_os.o(i.osDelay) for osDelay
    app_freertos.o(i.vApplicationGetIdleTaskMemory) refers to app_freertos.o(.bss) for .bss
[...]
    DWT_GetTimeline_ms                       0x08000be1   Thumb Code    52  bsp_dwt.o(i.DWT_GetTimeline_ms)
    DWT_Init                                 0x08000c1d   Thumb Code    54  bsp_dwt.o(i.DWT_Init)
    DWT_SysTimeUpdate                        0x08000c65   Thumb Code   142  bsp_dwt.o(i.DWT_SysTimeUpdate)
    DaemonRegister                           0x08000cfd   Thumb Code    64  daemon.o(i.DaemonRegister)
    DaemonReload                             0x08000d45   Thumb Code     6  daemon.o(i.DaemonReload)
    DebugMon_Handler                         0x08000d4b   Thumb Code     2  stm32g4xx_it.o(i.DebugMon_Handler)
    Error_Handler                            0x08000d4d   Thumb Code     4  main.o(i.Error_Handler)
    FDCAN1_IT0_IRQHandler                    0x08000d51   Thumb Code     6  stm32g4xx_it.o(i.FDCAN1_IT0_IRQHandler)
    FDCAN1_IT1_IRQHandler                    0x08000d5d   Thumb Code     6  stm32g4xx_it.o(i.FDCAN1_IT1_IRQHandler)
    FDCANCommGet                             0x08000d69   Thumb Code    12  can_driver.o(i.FDCANCommGet)
    FDCANCommInit                            0x08000d75   Thumb Code   108  can_driver.o(i.FDCANCommInit)
    FDCANRegister                            0x08000f39   Thumb Code   216  bsp_can.o(i.FDCANRegister)
    Foc_Pwm_LowSides                         0x0800107d   Thumb Code    68  bldcmotor.o(i.Foc_Pwm_LowSides)
    Foc_Pwm_Start                            0x080010c5   Thumb Code    80  bldcmotor.o(i.Foc_Pwm_Start)
    GetTempNtc                               0x08001119   Thumb Code   164  motor_adc.o(i.GetTempNtc)
    HAL_ADCEx_Calibration_Start              0x080011c1   Thumb Code   138  stm32g4xx_hal_adc_ex.o(i.HAL_ADCEx_Calibration_Start)
    HAL_ADCEx_InjectedStart_IT               0x08001255   Thumb Code   282  stm32g4xx_hal_adc_ex.o(i.HAL_ADCEx_InjectedStart_IT)
    HAL_ADCEx_MultiModeConfigChannel         0x0800137d   Thumb Code   204  stm32g4xx_hal_adc_ex.o(i.HAL_ADCEx_MultiModeConfigChannel)
    HAL_ADC_ConfigChannel                    0x08001451   Thumb Code   998  stm32g4xx_hal_adc.o(i.HAL_ADC_ConfigChannel)
    HAL_ADC_ConvCpltCallback                 0x0800186d   Thumb Code     2  stm32g4xx_hal_adc.o(i.HAL_ADC_ConvCpltCallback)
    HAL_ADC_ConvHalfCpltCallback             0x0800186f   Thumb Code     2  stm32g4xx_hal_adc.o(i.HAL_ADC_ConvHalfCpltCallback)
    HAL_ADC_ErrorCallback                    0x08001871   Thumb Code     2  stm32g4xx_hal_adc.o(i.HAL_ADC_ErrorCallback)
    HAL_ADC_Init                             0x08001875   Thumb Code   466  stm32g4xx_hal_adc.o(i.HAL_ADC_Init)
    HAL_ADC_MspInit                          0x08001a69   Thumb Code   264  adc.o(i.HAL_ADC_MspInit)
    HAL_ADC_Start_DMA                        0x08001b89   Thumb Code   214  stm32g4xx_hal_adc.o(i.HAL_ADC_Start_DMA)
    HAL_DMA_IRQHandler                       0x08001c79   Thumb Code   186  stm32g4xx_hal_dma.o(i.HAL_DMA_IRQHandler)
    HAL_DMA_Init                             0x08001d35   Thumb Code   178  stm32g4xx_hal_dma.o(i.HAL_DMA_Init)
    HAL_DMA_Start_IT                         0x08001df5   Thumb Code   140  stm32g4xx_hal_dma.o(i.HAL_DMA_Start_IT)
    HAL_FDCAN_ActivateNotification           0x08001e81   Thumb Code   224  stm32g4xx_hal_fdcan.o(i.HAL_FDCAN_ActivateNotification)
    HAL_FDCAN_ConfigFilter                   0x08001f61   Thumb Code    92  stm32g4xx_hal_fdcan.o(i.HAL_FDCAN_ConfigFilter)
    HAL_FDCAN_ErrorCallback                  0x08001fbd   Thumb Code     2  stm32g4xx_hal_fdcan.o(i.HAL_FDCAN_ErrorCallback)
    HAL_FDCAN_ErrorStatusCallback            0x08001fbf   Thumb Code     2  stm32g4xx_hal_fdcan.o(i.HAL_FDCAN_ErrorStatusCallback)
    HAL_FDCAN_GetRxFifoFillLevel             0x08001fc1   Thumb Code    22  stm32g4xx_hal_fdcan.o(i.HAL_FDCAN_GetRxFifoFillLevel)
    HAL_FDCAN_GetRxMessage                   0x08001fd9   Thumb Code   268  stm32g4xx_hal_fdcan.o(i.HAL_FDCAN_GetRxMessage)
    HAL_FDCAN_HighPriorityMessageCallback    0x080020e9   Thumb Code     2  stm32g4xx_hal_fdcan.o(i.HAL_FDCAN_HighPriorityMessageCallback)
    HAL_FDCAN_IRQHandler                     0x080020eb   Thumb Code   356  stm32g4xx_hal_fdcan.o(i.HAL_FDCAN_IRQHandler)
    HAL_FDCAN_Init                           0x08002251   Thumb Code   498  stm32g4xx_hal_fdcan.o(i.HAL_FDCAN_Init)
    HAL_FDCAN_MspInit                        0x08002455   Thumb Code   150  fdcan.o(i.HAL_FDCAN_MspInit)
    HAL_FDCAN_RxFifo0Callback                0x080024f9   Thumb Code    12  bsp_can.o(i.HAL_FDCAN_RxFifo0Callback)
    HAL_FDCAN_RxFifo1Callback                0x08002505   Thumb Code    12  bsp_can.o(i.HAL_FDCAN_RxFifo1Callback)
    HAL_FDCAN_Start                          0x08002511   Thumb Code    44  stm32g4xx_hal_fdcan.o(i.HAL_FDCAN_Start)
    HAL_FDCAN_TimeoutOccurredCallback        0x0800253d   Thumb Code     2  stm32g4xx_hal_fdcan.o(i.HAL_FDCAN_TimeoutOccurredCallback)
    HAL_FDCAN_TimestampWraparoundCallback    0x0800253f   Thumb Code     2  stm32g4xx_hal_fdcan.o(i.HAL_FDCAN_TimestampWraparoundCallback)
    HAL_FDCAN_TxBufferAbortCallback          0x08002541   Thumb Code     2  stm32g4xx_hal_fdcan.o(i.HAL_FDCAN_TxBufferAbortCallback)
    HAL_FDCAN_TxBufferCompleteCallback       0x08002543   Thumb Code     2  stm32g4xx_hal_fdcan.o(i.HAL_FDCAN_TxBufferCompleteCallback)
    HAL_FDCAN_TxEventFifoCallback            0x08002545   Thumb Code     2  stm32g4xx_hal_fdcan.o(i.HAL_FDCAN_TxEventFifoCallback)
    HAL_FDCAN_TxFifoEmptyCallback            0x08002547   Thumb Code     2  stm32g4xx_hal_fdcan.o(i.HAL_FDCAN_TxFifoEmptyCallback)
    HAL_GPIO_Init                            0x08002549   Thumb Code   400  stm32g4xx_hal_gpio.o(i.HAL_GPIO_Init)
    HAL_GPIO_WritePin                        0x080026f9   Thumb Code    10  stm32g4xx_hal_gpio.o(i.HAL_GPIO_WritePin)
    HAL_GetTick                              0x08002705   Thumb Code     6  stm32g4xx_hal.o(i.HAL_GetTick)
    HAL_IncTick                              0x08002711   Thumb Code    12  stm32g4xx_hal.o(i.HAL_IncTick)
    HAL_Init                                 0x08002721   Thumb Code    30  stm32g4xx_hal.o(i.HAL_Init)
    HAL_InitTick                             0x08002741   Thumb Code   116  stm32g4xx_hal_timebase_tim.o(i.HAL_InitTick)
    HAL_MspInit                              0x080027c9   Thumb Code    54  stm32g4xx_hal_msp.o(i.HAL_MspInit)
    HAL_NVIC_EnableIRQ                       0x08002805   Thumb Code    26  stm32g4xx_hal_cortex.o(i.HAL_NVIC_EnableIRQ)
    HAL_NVIC_SetPriority                     0x08002821   Thumb Code    60  stm32g4xx_hal_cortex.o(i.HAL_NVIC_SetPriority)
    HAL_NVIC_SetPriorityGrouping             0x08002861   Thumb Code    26  stm32g4xx_hal_cortex.o(i.HAL_NVIC_SetPriorityGrouping)
    HAL_PCDEx_ActivateLPM                    0x08002885   Thumb Code    36  stm32g4xx_hal_pcd_ex.o(i.HAL_PCDEx_ActivateLPM)
    HAL_PCDEx_LPM_Callback                   0x080028a9   Thumb Code    64  usbd_conf.o(i.HAL_PCDEx_LPM_Callback)
    HAL_PCDEx_PMAConfig                      0x080028ed   Thumb Code    60  stm32g4xx_hal_pcd_ex.o(i.HAL_PCDEx_PMAConfig)
    HAL_PCD_DataInStageCallback              0x08002929   Thumb Code    18  usbd_conf.o(i.HAL_PCD_DataInStageCallback)
    HAL_PCD_DataOutStageCallback             0x0800293b   Thumb Code    20  usbd_conf.o(i.HAL_PCD_DataOutStageCallback)
    HAL_PCD_EP_Close                         0x0800294f   Thumb Code    74  stm32g4xx_hal_pcd.o(i.HAL_PCD_EP_Close)
    HAL_PCD_EP_ClrStall                      0x08002999   Thumb Code    90  stm32g4xx_hal_pcd.o(i.HAL_PCD_EP_ClrStall)
    HAL_PCD_EP_GetRxCount                    0x08002e5b   Thumb Code    18  stm32g4xx_hal_pcd.o(i.HAL_PCD_EP_GetRxCount)
    HAL_PCD_EP_Open                          0x08002e6d   Thumb Code    92  stm32g4xx_hal_pcd.o(i.HAL_PCD_EP_Open)
    HAL_PCD_EP_Receive                       0x08002ec9   Thumb Code    46  stm32g4xx_hal_pcd.o(i.HAL_PCD_EP_Receive)
    HAL_PCD_EP_SetStall                      0x08002ef7   Thumb Code    94  stm32g4xx_hal_pcd.o(i.HAL_PCD_EP_SetStall)
    HAL_PCD_EP_Transmit                      0x08002f55   Thumb Code    46  stm32g4xx_hal_pcd.o(i.HAL_PCD_EP_Transmit)
    HAL_PCD_IRQHandler                       0x08002f83   Thumb Code   330  stm32g4xx_hal_pcd.o(i.HAL_PCD_IRQHandler)
    HAL_PCD_Init                             0x080030cd   Thumb Code   154  stm32g4xx_hal_pcd.o(i.HAL_PCD_Init)
    HAL_PCD_MspInit                          0x08003169   Thumb Code    80  usbd_conf.o(i.HAL_PCD_MspInit)
    HAL_PCD_ResetCallback                    0x080031c1   Thumb Code    38  usbd_conf.o(i.HAL_PCD_ResetCallback)
    HAL_PCD_ResumeCallback                   0x080031e9   Thumb Code    34  usbd_conf.o(i.HAL_PCD_ResumeCallback)
    HAL_PCD_SOFCallback                      0x08003211   Thumb Code     8  usbd_conf.o(i.HAL_PCD_SOFCallback)
    HAL_PCD_SetAddress                       0x08003219   Thumb Code    38  stm32g4xx_hal_pcd.o(i.HAL_PCD_SetAddress)
    HAL_PCD_SetupStageCallback               0x0800323f   Thumb Code    14  usbd_conf.o(i.HAL_PCD_SetupStageCallback)
    HAL_PCD_Start                            0x0800324d   Thumb Code    42  stm32g4xx_hal_pcd.o(i.HAL_PCD_Start)
    HAL_PCD_SuspendCallback                  0x08003279   Thumb Code    30  usbd_conf.o(i.HAL_PCD_SuspendCallback)
    HAL_PWREx_ControlVoltageScaling          0x0800329d   Thumb Code   174  stm32g4xx_hal_pwr_ex.o(i.HAL_PWREx_ControlVoltageScaling)
    HAL_PWREx_DisableUCPDDeadBattery         0x08003359   Thumb Code    12  stm32g4xx_hal_pwr_ex.o(i.HAL_PWREx_DisableUCPDDeadBattery)
    HAL_RCCEx_PeriphCLKConfig                0x08003369   Thumb Code   660  stm32g4xx_hal_rcc_ex.o(i.HAL_RCCEx_PeriphCLKConfig)
    HAL_RCC_ClockConfig                      0x08003605   Thumb Code   442  stm32g4xx_hal_rcc.o(i.HAL_RCC_ClockConfig)
    HAL_RCC_GetClockConfig                   0x080037e1   Thumb Code    54  stm32g4xx_hal_rcc.o(i.HAL_RCC_GetClockConfig)
    HAL_RCC_GetPCLK1Freq                     0x08003821   Thumb Code    24  stm32g4xx_hal_rcc.o(i.HAL_RCC_GetPCLK1Freq)
    HAL_RCC_GetPCLK2Freq                     0x08003845   Thumb Code    24  stm32g4xx_hal_rcc.o(i.HAL_RCC_GetPCLK2Freq)
    HAL_RCC_GetSysClockFreq                  0x08003869   Thumb Code    98  stm32g4xx_hal_rcc.o(i.HAL_RCC_GetSysClockFreq)
    HAL_RCC_OscConfig                        0x080038d5   Thumb Code   992  stm32g4xx_hal_rcc.o(i.HAL_RCC_OscConfig)
    HAL_RNG_Init                             0x08003cc9   Thumb Code    64  stm32g4xx_hal_rng.o(i.HAL_RNG_Init)
    HAL_RNG_MspInit                          0x08003d09   Thumb Code    66  rng.o(i.HAL_RNG_MspInit)
    HAL_SPI_Init                             0x08003d55   Thumb Code   234  stm32g4xx_hal_spi.o(i.HAL_SPI_Init)
    HAL_SPI_MspInit                          0x08003e41   Thumb Code   148  spi.o(i.HAL_SPI_MspInit)
    HAL_TIMEx_Break2Callback                 0x08003ee5   Thumb Code     2  stm32g4xx_hal_tim_ex.o(i.HAL_TIMEx_Break2Callback)
    HAL_TIMEx_BreakCallback                  0x08003ee7   Thumb Code     2  stm32g4xx_hal_tim_ex.o(i.HAL_TIMEx_BreakCallback)
    HAL_TIMEx_CommutCallback                 0x08003ee9   Thumb Code     2  stm32g4xx_hal_tim_ex.o(i.HAL_TIMEx_CommutCallback)
    HAL_TIMEx_ConfigBreakDeadTime            0x08003eed   Thumb Code   148  stm32g4xx_hal_tim_ex.o(i.HAL_TIMEx_ConfigBreakDeadTime)
    HAL_TIMEx_DirectionChangeCallback        0x08003f89   Thumb Code     2  stm32g4xx_hal_tim_ex.o(i.HAL_TIMEx_DirectionChangeCallback)
    HAL_TIMEx_EncoderIndexCallback           0x08003f8b   Thumb Code     2  stm32g4xx_hal_tim_ex.o(i.HAL_TIMEx_EncoderIndexCallback)
    HAL_TIMEx_IndexErrorCallback             0x08003f8d   Thumb Code     2  stm32g4xx_hal_tim_ex.o(i.HAL_TIMEx_IndexErrorCallback)
    HAL_TIMEx_MasterConfigSynchronization    0x08003f91   Thumb Code   132  stm32g4xx_hal_tim_ex.o(i.HAL_TIMEx_MasterConfigSynchronization)
    HAL_TIMEx_PWMN_Start                     0x0800402d   Thumb Code   164  stm32g4xx_hal_tim_ex.o(i.HAL_TIMEx_PWMN_Start)
    HAL_TIMEx_TransitionErrorCallback        0x080040e9   Thumb Code     2  stm32g4xx_hal_tim_ex.o(i.HAL_TIMEx_TransitionErrorCallback)
    HAL_TIM_Base_Init                        0x080040eb   Thumb Code    98  stm32g4xx_hal_tim.o(i.HAL_TIM_Base_Init)
    HAL_TIM_Base_MspInit                     0x0800414d   Thumb Code     2  stm32g4xx_hal_tim.o(i.HAL_TIM_Base_MspInit)
    HAL_TIM_Base_Start_IT                    0x08004151   Thumb Code    94  stm32g4xx_hal_tim.o(i.HAL_TIM_Base_Start_IT)
    HAL_TIM_ErrorCallback                    0x080041c9   Thumb Code     2  stm32g4xx_hal_tim.o(i.HAL_TIM_ErrorCallback)
    HAL_TIM_IC_CaptureCallback               0x080041cb   Thumb Code     2  stm32g4xx_hal_tim.o(i.HAL_TIM_IC_CaptureCallback)
    HAL_TIM_IRQHandler                       0x080041cd   Thumb Code   418  stm32g4xx_hal_tim.o(i.HAL_TIM_IRQHandler)
    HAL_TIM_MspPostInit                      0x08004371   Thumb Code   168  tim.o(i.HAL_TIM_MspPostInit)
    HAL_TIM_OC_DelayElapsedCallback          0x08004429   Thumb Code     2  stm32g4xx_hal_tim.o(i.HAL_TIM_OC_DelayElapsedCallback)
    HAL_TIM_PWM_ConfigChannel                0x0800442b   Thumb Code   292  stm32g4xx_hal_tim.o(i.HAL_TIM_PWM_ConfigChannel)
    HAL_TIM_PWM_Init                         0x0800454f   Thumb Code    98  stm32g4xx_hal_tim.o(i.HAL_TIM_PWM_Init)
    HAL_TIM_PWM_MspInit                      0x080045b1   Thumb Code   126  tim.o(i.HAL_TIM_PWM_MspInit)
    HAL_TIM_PWM_PulseFinishedCallback        0x08004645   Thumb Code     2  stm32g4xx_hal_tim.o(i.HAL_TIM_PWM_PulseFinishedCallback)
    HAL_TIM_PWM_PulseFinishedHalfCpltCallback 0x08004647   Thumb Code     2  stm32g4xx_hal_tim.o(i.HAL_TIM_PWM_PulseFinishedHalfCpltCallback)
    HAL_TIM_PWM_Start                        0x08004649   Thumb Code   230  stm32g4xx_hal_tim.o(i.HAL_TIM_PWM_Start)
    HAL_TIM_PWM_Start_DMA                    0x08004751   Thumb Code   502  stm32g4xx_hal_tim.o(i.HAL_TIM_PWM_Start_DMA)
    HAL_TIM_PeriodElapsedCallback            0x08004975   Thumb Code    14  main.o(i.HAL_TIM_PeriodElapsedCallback)
    HAL_TIM_TriggerCallback                  0x08004989   Thumb Code     2  stm32g4xx_hal_tim.o(i.HAL_TIM_TriggerCallback)
    HAL_UARTEx_DisableFifoMode               0x0800498b   Thumb Code    62  stm32g4xx_hal_uart_ex.o(i.HAL_UARTEx_DisableFifoMode)
    HAL_UARTEx_ReceiveToIdle_DMA             0x080049c9   Thumb Code    82  stm32g4xx_hal_uart_ex.o(i.HAL_UARTEx_ReceiveToIdle_DMA)
    HAL_UARTEx_RxEventCallback               0x08004a1d   Thumb Code    98  bsp_usart.o(i.HAL_UARTEx_RxEventCallback)
    HAL_UARTEx_SetRxFifoThreshold            0x08004a89   Thumb Code    76  stm32g4xx_hal_uart_ex.o(i.HAL_UARTEx_SetRxFifoThreshold)
    HAL_UARTEx_SetTxFifoThreshold            0x08004ad5   Thumb Code    76  stm32g4xx_hal_uart_ex.o(i.HAL_UARTEx_SetTxFifoThreshold)
    HAL_UART_ErrorCallback                   0x08004b21   Thumb Code    92  bsp_usart.o(i.HAL_UART_ErrorCallback)
    HAL_UART_Init                            0x08004be5   Thumb Code   106  stm32g4xx_hal_uart.o(i.HAL_UART_Init)
    HAL_UART_MspInit                         0x08004c51   Thumb Code   214  usart.o(i.HAL_UART_MspInit)
    HAL_UART_RxCpltCallback                  0x08004d3d   Thumb Code     2  stm32g4xx_hal_uart.o(i.HAL_UART_RxCpltCallback)
    HAL_UART_RxHalfCpltCallback              0x08004d3f   Thumb Code     2  stm32g4xx_hal_uart.o(i.HAL_UART_RxHalfCpltCallback)
    HAL_UART_Transmit                        0x08004d41   Thumb Code   174  stm32g4xx_hal_uart.o(i.HAL_UART_Transmit)
    HAL_UART_Transmit_DMA                    0x08004df1   Thumb Code   132  stm32g4xx_hal_uart.o(i.HAL_UART_Transmit_DMA)
    HAL_UART_Transmit_IT                     0x08004e81   Thumb Code   134  stm32g4xx_hal_uart.o(i.HAL_UART_Transmit_IT)
    HAL_UART_TxCpltCallback                  0x08004f19   Thumb Code     2  stm32g4xx_hal_uart.o(i.HAL_UART_TxCpltCallback)
    HAL_UART_TxHalfCpltCallback              0x08004f1b   Thumb Code     2  stm32g4xx_hal_uart.o(i.HAL_UART_TxHalfCpltCallback)
    HardFault_Handler                        0x08004f1d   Thumb Code     2  stm32g4xx_it.o(i.HardFault_Handler)
    LOG_PROTO                                0x08004fc9   Thumb Code   142  bsp_log.o(i.LOG_PROTO)
    LogInit                                  0x080050e5   Thumb Code    18  bsp_log.o(i.LogInit)
    MX_ADC1_Init                             0x080050fd   Thumb Code    88  adc.o(i.MX_ADC1_Init)
    MX_ADC2_Init                             0x08005159   Thumb Code   112  adc.o(i.MX_ADC2_Init)
    MX_DMA_Init                              0x080051d5   Thumb Code   104  dma.o(i.MX_DMA_Init)
    MX_FDCAN1_Init                           0x08005241   Thumb Code    70  fdcan.o(i.MX_FDCAN1_Init)
    MX_FREERTOS_Init                         0x08005291   Thumb Code    74  app_freertos.o(i.MX_FREERTOS_Init)
    MX_GPIO_Init                             0x080052e5   Thumb Code   178  gpio.o(i.MX_GPIO_Init)
    MX_RNG_Init                              0x080053a5   Thumb Code    30  rng.o(i.MX_RNG_Init)
    MX_SPI1_Init                             0x080053cd   Thumb Code    72  spi.o(i.MX_SPI1_Init)
    MX_SPI3_Init                             0x0800541d   Thumb Code    72  spi.o(i.MX_SPI3_Init)
    MX_TIM1_Init                             0x0800546d   Thumb Code   228  tim.o(i.MX_TIM1_Init)
    MX_TIM3_Init                             0x08005559   Thumb Code   102  tim.o(i.MX_TIM3_Init)
    MX_USART1_UART_Init                      0x080055c9   Thumb Code    94  usart.o(i.MX_USART1_UART_Init)
    MX_USB_Device_Init                       0x08005631   Thumb Code    66  usb_device.o(i.MX_USB_Device_Init)
    MemManage_Handler                        0x08005685   Thumb Code     2  stm32g4xx_it.o(i.MemManage_Handler)
    MotorGuardTask                           0x08005689   Thumb Code   126  focmotor.o(i.MotorGuardTask)
    NMI_Handler                              0x0800571d   Thumb Code     2  stm32g4xx_it.o(i.NMI_Handler)
    RGB_DisplayColor                         0x08005a51   Thumb Code    34  led.o(i.RGB_DisplayColor)
    RGB_DisplayColorById                     0x08005a75   Thumb Code   196  led.o(i.RGB_DisplayColorById)
    RGB_SendArray                            0x08005b3d   Thumb Code    12  led.o(i.RGB_SendArray)
    RGB_SetColor                             0x08005b51   Thumb Code    90  led.o(i.RGB_SetColor)
    Reset_Load                               0x08005bb1   Thumb Code     8  led.o(i.Reset_Load)
    RobotCMDInit                             0x08005bbd   Thumb Code    28  cmd_task.o(i.RobotCMDInit)
    RobotCMDTask                             0x08005be1   Thumb Code   130  cmd_task.o(i.RobotCMDTask)
    RobotInit                                0x08005c71   Thumb Code    42  robot.o(i.RobotInit)
    StartCustomTask                          0x08005cb1   Thumb Code    42  robot.o(i.StartCustomTask)
    StartDefaultTask                         0x08005ce1   Thumb Code    38  robot.o(i.StartDefaultTask)
    StartGuardTask                           0x08005d0d   Thumb Code    46  robot.o(i.StartGuardTask)
    SysTick_Handler                          0x08005d45   Thumb Code    38  port.o(i.SysTick_Handler)
    SystemClock_Config                       0x08005d71   Thumb Code   108  main.o(i.SystemClock_Config)
    SystemInit                               0x08005ddd   Thumb Code    12  system_stm32g4xx.o(i.SystemInit)
    TIM1_TRG_COM_TIM17_IRQHandler            0x08005ded   Thumb Code    34  stm32g4xx_it.o(i.TIM1_TRG_COM_TIM17_IRQHandler)
    TIM_Base_SetConfig                       0x08005e19   Thumb Code   160  stm32g4xx_hal_tim.o(i.TIM_Base_SetConfig)
    TIM_CCxChannelCmd                        0x08005ed5   Thumb Code    26  stm32g4xx_hal_tim.o(i.TIM_CCxChannelCmd)
    TIM_DMADelayPulseHalfCplt                0x08005f67   Thumb Code    56  stm32g4xx_hal_tim.o(i.TIM_DMADelayPulseHalfCplt)
    TIM_DMAError                             0x08005f9f   Thumb Code    84  stm32g4xx_hal_tim.o(i.TIM_DMAError)
    TIM_OC2_SetConfig                        0x08006091   Thumb Code   120  stm32g4xx_hal_tim.o(i.TIM_OC2_SetConfig)
    TempResultTask                           0x08006321   Thumb Code    22  focmotor.o(i.TempResultTask)
    UART_AdvFeatureConfig                    0x0800637d   Thumb Code   200  stm32g4xx_hal_uart.o(i.UART_AdvFeatureConfig)
    UART_CheckIdleState                      0x08006445   Thumb Code   172  stm32g4xx_hal_uart.o(i.UART_CheckIdleState)
    UART_SetConfig                           0x080066b9   Thumb Code   580  stm32g4xx_hal_uart.o(i.UART_SetConfig)
    UART_Start_Receive_DMA                   0x08006929   Thumb Code   158  stm32g4xx_hal_uart.o(i.UART_Start_Receive_DMA)
    UART_WaitOnFlagUntilTimeout              0x08006b41   Thumb Code   146  stm32g4xx_hal_uart.o(i.UART_WaitOnFlagUntilTimeout)
    USARTRegister                            0x08006bd5   Thumb Code   146  bsp_usart.o(i.USARTRegister)
    USARTSend                                0x08006cf1   Thumb Code    40  bsp_usart.o(i.USARTSend)
    USARTServiceInit                         0x08006d19   Thumb Code    38  bsp_usart.o(i.USARTServiceInit)
    USBD_CDC_ConfigStrDescriptor             0x08006d41   Thumb Code    16  usbd_desc.o(i.USBD_CDC_ConfigStrDescriptor)
    USBD_CDC_DeviceDescriptor                0x08006e31   Thumb Code     8  usbd_desc.o(i.USBD_CDC_DeviceDescriptor)
    USBD_CDC_GetDeviceQualifierDescriptor    0x08006e6d   Thumb Code     8  usbd_cdc.o(i.USBD_CDC_GetDeviceQualifierDescriptor)
    USBD_CDC_InterfaceStrDescriptor          0x08006f41   Thumb Code    16  usbd_desc.o(i.USBD_CDC_InterfaceStrDescriptor)
    USBD_CDC_LangIDStrDescriptor             0x08006f65   Thumb Code     8  usbd_desc.o(i.USBD_CDC_LangIDStrDescriptor)
    USBD_CDC_ManufacturerStrDescriptor       0x08006f71   Thumb Code    16  usbd_desc.o(i.USBD_CDC_ManufacturerStrDescriptor)
    USBD_CDC_ProductStrDescriptor            0x08006f99   Thumb Code    16  usbd_desc.o(i.USBD_CDC_ProductStrDescriptor)
    USBD_CDC_ReceivePacket                   0x08006fc5   Thumb Code    40  usbd_cdc.o(i.USBD_CDC_ReceivePacket)
    USBD_CDC_RegisterInterface               0x08006fed   Thumb Code    14  usbd_cdc.o(i.USBD_CDC_RegisterInterface)
    USBD_CDC_SerialStrDescriptor             0x08006ffd   Thumb Code    48  usbd_desc.o(i.USBD_CDC_SerialStrDescriptor)
    USBD_CDC_SetRxBuffer                     0x08007035   Thumb Code    18  usbd_cdc.o(i.USBD_CDC_SetRxBuffer)
    USBD_CDC_SetTxBuffer                     0x08007047   Thumb Code    22  usbd_cdc.o(i.USBD_CDC_SetTxBuffer)
    USBD_ClrClassConfig                      0x0800711b   Thumb Code    16  usbd_core.o(i.USBD_ClrClassConfig)
    USBD_CtlContinueRx                       0x0800712b   Thumb Code    16  usbd_ioreq.o(i.USBD_CtlContinueRx)
    USBD_CtlContinueSendData                 0x0800713b   Thumb Code    16  usbd_ioreq.o(i.USBD_CtlContinueSendData)
    USBD_CtlError                            0x0800714b   Thumb Code    22  usbd_ctlreq.o(i.USBD_CtlError)
    USBD_CtlPrepareRx                        0x08007161   Thumb Code    30  usbd_ioreq.o(i.USBD_CtlPrepareRx)
    USBD_CtlReceiveStatus                    0x0800717f   Thumb Code    22  usbd_ioreq.o(i.USBD_CtlReceiveStatus)
    USBD_CtlSendData                         0x08007195   Thumb Code    26  usbd_ioreq.o(i.USBD_CtlSendData)
    USBD_CtlSendStatus                       0x080071af   Thumb Code    22  usbd_ioreq.o(i.USBD_CtlSendStatus)
    USBD_GetString                           0x080072bf   Thumb Code    72  usbd_ctlreq.o(i.USBD_GetString)
    USBD_Init                                0x0800731f   Thumb Code    38  usbd_core.o(i.USBD_Init)
    USBD_LL_ClearStallEP                     0x08007345   Thumb Code    18  usbd_conf.o(i.USBD_LL_ClearStallEP)
    USBD_LL_CloseEP                          0x08007357   Thumb Code    18  usbd_conf.o(i.USBD_LL_CloseEP)
    USBD_LL_DataInStage                      0x08007369   Thumb Code   168  usbd_core.o(i.USBD_LL_DataInStage)
    USBD_LL_DataOutStage                     0x08007411   Thumb Code   108  usbd_core.o(i.USBD_LL_DataOutStage)
    USBD_LL_GetRxDataSize                    0x0800747d   Thumb Code     8  usbd_conf.o(i.USBD_LL_GetRxDataSize)
    USBD_LL_Init                             0x08007485   Thumb Code   122  usbd_conf.o(i.USBD_LL_Init)
    USBD_LL_IsStallEP                        0x08007509   Thumb Code    30  usbd_conf.o(i.USBD_LL_IsStallEP)
    USBD_LL_OpenEP                           0x08007527   Thumb Code    24  usbd_conf.o(i.USBD_LL_OpenEP)
    USBD_LL_PrepareReceive                   0x0800753f   Thumb Code    18  usbd_conf.o(i.USBD_LL_PrepareReceive)
    USBD_LL_Reset                            0x08007551   Thumb Code    90  usbd_core.o(i.USBD_LL_Reset)
    USBD_LL_Resume                           0x080075ab   Thumb Code    20  usbd_core.o(i.USBD_LL_Resume)
    USBD_LL_SOF                              0x080075bf   Thumb Code    32  usbd_core.o(i.USBD_LL_SOF)
    USBD_LL_SetSpeed                         0x080075df   Thumb Code     6  usbd_core.o(i.USBD_LL_SetSpeed)
    USBD_LL_SetUSBAddress                    0x080075e5   Thumb Code    18  usbd_conf.o(i.USBD_LL_SetUSBAddress)
    USBD_LL_SetupStage                       0x080075f7   Thumb Code    96  usbd_core.o(i.USBD_LL_SetupStage)
    USBD_LL_StallEP                          0x08007657   Thumb Code    18  usbd_conf.o(i.USBD_LL_StallEP)
    USBD_LL_Start                            0x08007669   Thumb Code    18  usbd_conf.o(i.USBD_LL_Start)
    USBD_LL_Suspend                          0x0800767b   Thumb Code    18  usbd_core.o(i.USBD_LL_Suspend)
    USBD_LL_Transmit                         0x0800768d   Thumb Code    18  usbd_conf.o(i.USBD_LL_Transmit)
    USBD_ParseSetupRequest                   0x0800769f   Thumb Code    48  usbd_ctlreq.o(i.USBD_ParseSetupRequest)
    USBD_RegisterClass                       0x080076cf   Thumb Code    36  usbd_core.o(i.USBD_RegisterClass)
    USBD_SetClassConfig                      0x080076f3   Thumb Code    20  usbd_core.o(i.USBD_SetClassConfig)
    USBD_Start                               0x080077c5   Thumb Code     4  usbd_core.o(i.USBD_Start)
    USBD_StdDevReq                           0x080077c9   Thumb Code   276  usbd_ctlreq.o(i.USBD_StdDevReq)
    USBD_StdEPReq                            0x080078dd   Thumb Code   320  usbd_ctlreq.o(i.USBD_StdEPReq)
    USBD_StdItfReq                           0x08007a1d   Thumb Code    82  usbd_ctlreq.o(i.USBD_StdItfReq)
    USBD_static_free                         0x08007a6f   Thumb Code     2  usbd_conf.o(i.USBD_static_free)
    USBD_static_malloc                       0x08007a71   Thumb Code     4  usbd_conf.o(i.USBD_static_malloc)
    USB_ActivateEndpoint                     0x08007a79   Thumb Code   852  stm32g4xx_ll_usb.o(i.USB_ActivateEndpoint)
    USB_DeactivateEndpoint                   0x08007dcd   Thumb Code   272  stm32g4xx_ll_usb.o(i.USB_DeactivateEndpoint)
    USB_DevConnect                           0x08007edd   Thumb Code    14  stm32g4xx_ll_usb.o(i.USB_DevConnect)
    USB_DevInit                              0x08007eeb   Thumb Code    18  stm32g4xx_ll_usb.o(i.USB_DevInit)
    USB_DisableGlobalInt                     0x08007efd   Thumb Code    16  stm32g4xx_ll_usb.o(i.USB_DisableGlobalInt)
    USB_EPClearStall                         0x08007f0d   Thumb Code   112  stm32g4xx_ll_usb.o(i.USB_EPClearStall)
    USB_EPSetStall                           0x08007f7d   Thumb Code    50  stm32g4xx_ll_usb.o(i.USB_EPSetStall)
    USB_EPStartXfer                          0x08007faf   Thumb Code   874  stm32g4xx_ll_usb.o(i.USB_EPStartXfer)
    USB_EnableGlobalInt                      0x08008319   Thumb Code    18  stm32g4xx_ll_usb.o(i.USB_EnableGlobalInt)
    USB_LP_IRQHandler                        0x0800832d   Thumb Code     6  stm32g4xx_it.o(i.USB_LP_IRQHandler)
    USB_ReadInterrupts                       0x08008339   Thumb Code     6  stm32g4xx_ll_usb.o(i.USB_ReadInterrupts)
    USB_ReadPMA                              0x0800833f   Thumb Code    40  stm32g4xx_ll_usb.o(i.USB_ReadPMA)
    USB_SetDevAddress                        0x08008367   Thumb Code    12  stm32g4xx_ll_usb.o(i.USB_SetDevAddress)
    USB_WritePMA                             0x08008373   Thumb Code    36  stm32g4xx_ll_usb.o(i.USB_WritePMA)
    UsageFault_Handler                       0x08008397   Thumb Code     2  stm32g4xx_it.o(i.UsageFault_Handler)
    __0snprintf                              0x08008399   Thumb Code    36  printfa.o(i.__0snprintf)
    __1snprintf                              0x08008399   Thumb Code     0  printfa.o(i.__0snprintf)
    __2snprintf                              0x08008399   Thumb Code     0  printfa.o(i.__0snprintf)
    __c89snprintf                            0x08008399   Thumb Code     0  printfa.o(i.__0snprintf)
    snprintf                                 0x08008399   Thumb Code     0  printfa.o(i.__0snprintf)
    __0vsnprintf                             0x080083c1   Thumb Code    32  printfa.o(i.__0vsnprintf)
    __1vsnprintf                             0x080083c1   Thumb Code     0  printfa.o(i.__0vsnprintf)
    __2vsnprintf                             0x080083c1   Thumb Code     0  printfa.o(i.__0vsnprintf)
    __c89vsnprintf                           0x080083c1   Thumb Code     0  printfa.o(i.__0vsnprintf)
    vsnprintf                                0x080083c1   Thumb Code     0  printfa.o(i.__0vsnprintf)
    __scatterload_copy                       0x08008405   Thumb Code    14  handlers.o(i.__scatterload_copy)
    __scatterload_null                       0x08008413   Thumb Code     2  handlers.o(i.__scatterload_null)
    __scatterload_zeroinit                   0x08008415   Thumb Code    14  handlers.o(i.__scatterload_zeroinit)
    adc2_median_filter                       0x08008ccd   Thumb Code    68  motor_adc.o(i.adc2_median_filter)
    adc_bsp_init                             0x08008d15   Thumb Code    38  bsp_adc.o(i.adc_bsp_init)
    crc_8                                    0x08008d49   Thumb Code    32  crc8.o(i.crc_8)
    main                                     0x08008d6d   Thumb Code    66  main.o(i.main)
    malloc                                   0x08008dbd   Thumb Code    92  malloc.o(i.malloc)
    osDelay                                  0x08008e29   Thumb Code    14  cmsis_os.o(i.osDelay)
    osKernelStart                            0x08008e37   Thumb Code    10  cmsis_os.o(i.osKernelStart)
    osThreadCreate                           0x08008e41   Thumb Code    84  cmsis_os.o(i.osThreadCreate)
    pvPortMalloc                             0x080091f1   Thumb Code   216  heap_4.o(i.pvPortMalloc)
    pxPortInitialiseStack                    0x080092cd   Thumb Code    40  port.o(i.pxPortInitialiseStack)
    uxListRemove                             0x080092f9   Thumb Code    38  list.o(i.uxListRemove)
    vApplicationGetIdleTaskMemory            0x08009321   Thumb Code    16  app_freertos.o(i.vApplicationGetIdleTaskMemory)
    vApplicationIdleHook                     0x08009335   Thumb Code     2  app_freertos.o(i.vApplicationIdleHook)
    vApplicationStackOverflowHook            0x08009337   Thumb Code     2  app_freertos.o(i.vApplicationStackOverflowHook)
    vListInitialise                          0x08009339   Thumb Code    22  list.o(i.vListInitialise)
    vListInitialiseItem                      0x0800934f   Thumb Code     6  list.o(i.vListInitialiseItem)
    vListInsert                              0x08009355   Thumb Code    48  list.o(i.vListInsert)
    vListInsertEnd                           0x08009385   Thumb Code    24  list.o(i.vListInsertEnd)
    vPortEnterCritical                       0x0800939d   Thumb Code    54  port.o(i.vPortEnterCritical)
    vPortExitCritical                        0x080093dd   Thumb Code    34  port.o(i.vPortExitCritical)
    vPortFree                                0x08009405   Thumb Code    94  heap_4.o(i.vPortFree)
    vPortSetupTimerInterrupt                 0x08009469   Thumb Code    32  port.o(i.vPortSetupTimerInterrupt)
    vTaskDelay                               0x0800948d   Thumb Code    66  tasks.o(i.vTaskDelay)
    vTaskStartScheduler                      0x080094d9   Thumb Code    90  tasks.o(i.vTaskStartScheduler)
    vTaskSuspendAll                          0x08009545   Thumb Code    10  tasks.o(i.vTaskSuspendAll)
    vTaskSwitchContext                       0x08009555   Thumb Code   106  tasks.o(i.vTaskSwitchContext)
    xPortStartScheduler                      0x080095c9   Thumb Code   224  port.o(i.xPortStartScheduler)
    xTaskCreate                              0x080096bd   Thumb Code    90  tasks.o(i.xTaskCreate)
    xTaskCreateStatic                        0x08009717   Thumb Code    90  tasks.o(i.xTaskCreateStatic)
    xTaskIncrementTick                       0x08009771   Thumb Code   194  tasks.o(i.xTaskIncrementTick)
    xTaskResumeAll                           0x0800983d   Thumb Code   182  tasks.o(i.xTaskResumeAll)
    UARTPrescTable                           0x08009964   Data          24  stm32g4xx_hal_uart.o(.constdata)
    AHBPrescTable                            0x0800998c   Data          16  system_stm32g4xx.o(.constdata)
    APBPrescTable                            0x0800999c   Data           8  system_stm32g4xx.o(.constdata)
    RED                                      0x08009a18   Data           3  led.o(.constdata)
    GREEN                                    0x08009a1b   Data           3  led.o(.constdata)
    BLUE                                     0x08009a1e   Data           3  led.o(.constdata)
    SKY                                      0x08009a21   Data           3  led.o(.constdata)
    MAGENTA                                  0x08009a24   Data           3  led.o(.constdata)
    YELLOW                                   0x08009a27   Data           3  led.o(.constdata)
    ORANGE                                   0x08009a2a   Data           3  led.o(.constdata)
    BLACK                                    0x08009a2d   Data           3  led.o(.constdata)
    WHITE                                    0x08009a30   Data           3  led.o(.constdata)
    PURPLE                                   0x08009a33   Data           3  led.o(.constdata)
    BROWN                                    0x08009a36   Data           3  led.o(.constdata)
    GRAY                                     0x08009a39   Data           3  led.o(.constdata)
    PINK                                     0x08009a3c   Data           3  led.o(.constdata)
    GOLD                                     0x08009a3f   Data           3  led.o(.constdata)
    SILVER                                   0x08009a42   Data           3  led.o(.constdata)
    Region$$Table$$Base                      0x08009bb8   Number         0  anon$$obj.o(Region$$Table)
    Region$$Table$$Limit                     0x08009bd8   Number         0  anon$$obj.o(Region$$Table)
    defaultTaskHandle                        0x20000000   Data           4  app_freertos.o(.data)
    guardtaskHandle                          0x20000004   Data           4  app_freertos.o(.data)
    customtaskHandle                         0x20000008   Data           4  app_freertos.o(.data)
    CDC_Desc                                 0x20000010   Data          32  usbd_desc.o(.data)
    USBD_LangIDDesc                          0x20000030   Data           4  usbd_desc.o(.data)
    USBD_CDC_DeviceDesc                      0x20000034   Data          18  usbd_desc.o(.data)
    USBD_StringSerial                        0x20000048   Data          26  usbd_desc.o(.data)
    USBD_Interface_fops_FS                   0x20000064   Data          20  usbd_cdc_if.o(.data)
    uwTickPrio                               0x20000078   Data           4  stm32g4xx_hal.o(.data)
    uwTickFreq                               0x2000007c   Data           4  stm32g4xx_hal.o(.data)
    uwTick                                   0x20000080   Data           4  stm32g4xx_hal.o(.data)
    SystemCoreClock                          0x20000084   Data           4  system_stm32g4xx.o(.data)
    pxCurrentTCB                             0x20000088   Data           4  tasks.o(.data)
    USBD_CDC                                 0x200001cc   Data          56  usbd_cdc.o(.data)
    SysTime                                  0x20000260   Data           8  bsp_dwt.o(.data)
    CYCCNT64                                 0x20000268   Data           8  bsp_dwt.o(.data)
    encoder_data                             0x20000378   Data         632  mt6816_encoder.o(.data)
    foc_data                                 0x200005f0   Data         144  bldcmotor.o(.data)
    motor_data                               0x20000680   Data         408  focmotor.o(.data)
    current_data                             0x20000818   Data          32  motor_adc.o(.data)
    __microlib_freelist                      0x20000838   Data           4  mvars.o(.data)
    __microlib_freelist_initialised          0x2000083c   Data           4  mvars.o(.data)
    hadc1                                    0x20000a94   Data         108  adc.o(.bss)
    hadc2                                    0x20000b00   Data         108  adc.o(.bss)
    hdma_adc2                                0x20000b6c   Data          96  adc.o(.bss)
    hfdcan1                                  0x20000bcc   Data         100  fdcan.o(.bss)
    hrng                                     0x20000c30   Data          20  rng.o(.bss)
    hspi1                                    0x20000c44   Data         100  spi.o(.bss)
    hspi3                                    0x20000ca8   Data         100  spi.o(.bss)
    htim1                                    0x20000d0c   Data          76  tim.o(.bss)
    htim3                                    0x20000d58   Data          76  tim.o(.bss)
    hdma_tim3_ch2                            0x20000da4   Data          96  tim.o(.bss)
    huart1                                   0x20000e04   Data         148  usart.o(.bss)
    hdma_usart1_rx                           0x20000e98   Data          96  usart.o(.bss)
    hdma_usart1_tx                           0x20000ef8   Data          96  usart.o(.bss)
    htim17                                   0x20000f58   Data          76  stm32g4xx_hal_timebase_tim.o(.bss)
    hpcd_USB_FS                              0x200011c4   Data         732  usbd_conf.o(.bss)
    hUsbDeviceFS                             0x200014a0   Data         720  usb_device.o(.bss)
    USBD_StrDesc                             0x20001770   Data         512  usbd_desc.o(.bss)
    UserRxBufferFS                           0x20001970   Data        1024  usbd_cdc_if.o(.bss)
    UserTxBufferFS                           0x20001d70   Data        1024  usbd_cdc_if.o(.bss)
    adc2_dma_value                           0x20002e30   Data          10  bsp_adc.o(.bss)
    led_buf                                  0x20002f90   Data         192  led.o(.bss)
    __heap_base                              0x20003050   Data           0  startup_stm32g431xx.o(HEAP)
    __heap_limit                             0x20006050   Data           0  startup_stm32g431xx.o(HEAP)
    __initial_sp                             0x20007050   Data           0  startup_stm32g431xx.o(STACK)



==============================================================================

Memory Map of the image

  Image Entry point : 0x080001d9

  Load Region LR_IROM1 (Base: 0x08000000, Size: 0x0000a418, Max: 0x00020000, ABSOLUTE, COMPRESSED[0x00009e44])

    Execution Region ER_IROM1 (Base: 0x08000000, Size: 0x00009bd8, Max: 0x00020000, ABSOLUTE)

    Base Addr    Size         Type   Attr      Idx    E Section Name        Object

    0x08000000   0x000001d8   Data   RO            3    RESET               startup_stm32g431xx.o
    0x080001d8   0x00000000   Code   RO         9415  * .ARM.Collect$$$$00000000  mc_w.l(entry.o)
    0x080001d8   0x00000004   Code   RO         9765    .ARM.Collect$$$$00000001  mc_w.l(entry2.o)
    0x080001dc   0x00000004   Code   RO         9768    .ARM.Collect$$$$00000004  mc_w.l(entry5.o)
    0x080001e0   0x00000000   Code   RO         9770    .ARM.Collect$$$$00000008  mc_w.l(entry7b.o)
    0x080001e0   0x00000000   Code   RO         9772    .ARM.Collect$$$$0000000A  mc_w.l(entry8b.o)
    0x080001e0   0x00000008   Code   RO         9773    .ARM.Collect$$$$0000000B  mc_w.l(entry9a.o)
    0x080001e8   0x00000000   Code   RO         9775    .ARM.Collect$$$$0000000D  mc_w.l(entry10a.o)
    0x080001e8   0x00000000   Code   RO         9777    .ARM.Collect$$$$0000000F  mc_w.l(entry11a.o)
    0x080001e8   0x00000004   Code   RO         9766    .ARM.Collect$$$$00002712  mc_w.l(entry2.o)
    0x080001ec   0x000000be   Code   RO         7431    .emb_text           port.o
    0x080002aa   0x00000002   PAD
    0x080002ac   0x00000024   Code   RO            4    .text               startup_stm32g431xx.o
    0x080002d0   0x00000062   Code   RO         9418    .text               mc_w.l(uldiv.o)
    0x08000332   0x00000024   Code   RO         9422    .text               mc_w.l(memcpya.o)
    0x08000356   0x00000024   Code   RO         9426    .text               mc_w.l(memseta.o)
    0x0800037a   0x0000000e   Code   RO         9430    .text               mc_w.l(strlen.o)
    0x08000388   0x000000de   Code   RO         9723    .text               mf_w.l(ddiv.o)
    0x08000466   0x0000002c   Code   RO         9782    .text               mc_w.l(uidiv.o)
    0x08000492   0x0000001e   Code   RO         9784    .text               mc_w.l(llshl.o)
    0x080004b0   0x00000020   Code   RO         9786    .text               mc_w.l(llushr.o)
    0x080004d0   0x00000000   Code   RO         9799    .text               mc_w.l(iusefp.o)
    0x080004d0   0x000000ba   Code   RO         9804    .text               mf_w.l(depilogue.o)
    0x0800058a   0x0000014e   Code   RO         9806    .text               mf_w.l(dadd.o)
    0x080006d8   0x000000e4   Code   RO         9808    .text               mf_w.l(dmul.o)
    0x080007bc   0x00000030   Code   RO         9814    .text               mf_w.l(dfixul.o)
    0x080007ec   0x00000030   Code   RO         9818    .text               mf_w.l(cdrcmple.o)
    0x0800081c   0x00000024   Code   RO         9822    .text               mc_w.l(init.o)
    0x08000840   0x00000024   Code   RO         9825    .text               mc_w.l(llsshr.o)
    0x08000864   0x00000056   Code   RO         9849    .text               mc_w.l(__dczerorl2.o)
    0x080008ba   0x00000068   Code   RO         4350    i.ADC_DMAConvCplt   stm32g4xx_hal_adc.o
    0x08000922   0x0000001a   Code   RO         4351    i.ADC_DMAError      stm32g4xx_hal_adc.o
    0x0800093c   0x0000000a   Code   RO         4352    i.ADC_DMAHalfConvCplt  stm32g4xx_hal_adc.o
    0x08000946   0x00000002   PAD
    0x08000948   0x00000070   Code   RO         4353    i.ADC_Disable       stm32g4xx_hal_adc.o
    0x080009b8   0x000000ac   Code   RO         4354    i.ADC_Enable        stm32g4xx_hal_adc.o
    0x08000a64   0x00000002   Code   RO          680    i.BusFault_Handler  stm32g4xx_it.o
    0x08000a66   0x00000004   Code   RO         1195    i.CDC_Control_FS    usbd_cdc_if.o
    0x08000a6a   0x00000004   Code   RO         1196    i.CDC_DeInit_FS     usbd_cdc_if.o
    0x08000a6e   0x00000002   PAD
    0x08000a70   0x00000024   Code   RO         1197    i.CDC_Init_FS       usbd_cdc_if.o
    0x08000a94   0x00000018   Code   RO         1198    i.CDC_Receive_FS    usbd_cdc_if.o
    0x08000aac   0x00000004   Code   RO         1199    i.CDC_TransmitCplt_FS  usbd_cdc_if.o
    0x08000ab0   0x0000000c   Code   RO          681    i.DMA1_Channel1_IRQHandler  stm32g4xx_it.o
    0x08000abc   0x0000000c   Code   RO          682    i.DMA1_Channel2_IRQHandler  stm32g4xx_it.o
    0x08000ac8   0x0000000c   Code   RO          683    i.DMA1_Channel3_IRQHandler  stm32g4xx_it.o
    0x08000ad4   0x0000000c   Code   RO          684    i.DMA1_Channel4_IRQHandler  stm32g4xx_it.o
    0x08000ae0   0x00000040   Code   RO         3695    i.DMA_CalcDMAMUXChannelBaseAndMask  stm32g4xx_hal_dma.o
    0x08000b20   0x00000024   Code   RO         3696    i.DMA_CalcDMAMUXRequestGenBaseAndMask  stm32g4xx_hal_dma.o
    0x08000b44   0x0000003e   Code   RO         3697    i.DMA_SetConfig     stm32g4xx_hal_dma.o
    0x08000b82   0x00000002   PAD
    0x08000b84   0x00000028   Code   RO         8183    i.DWT_CNT_Update    bsp_dwt.o
    0x08000bac   0x00000034   Code   RO         8184    i.DWT_Delay         bsp_dwt.o
    0x08000be0   0x0000003c   Code   RO         8187    i.DWT_GetTimeline_ms  bsp_dwt.o
    0x08000c1c   0x00000048   Code   RO         8190    i.DWT_Init          bsp_dwt.o
    0x08000c64   0x00000098   Code   RO         8191    i.DWT_SysTimeUpdate  bsp_dwt.o
    0x08000cfc   0x00000048   Code   RO         8585    i.DaemonRegister    daemon.o
    0x08000d44   0x00000006   Code   RO         8586    i.DaemonReload      daemon.o
    0x08000d4a   0x00000002   Code   RO          685    i.DebugMon_Handler  stm32g4xx_it.o
    0x08000d4c   0x00000004   Code   RO           13    i.Error_Handler     main.o
    0x08000d50   0x0000000c   Code   RO          686    i.FDCAN1_IT0_IRQHandler  stm32g4xx_it.o
    0x08000d5c   0x0000000c   Code   RO          687    i.FDCAN1_IT1_IRQHandler  stm32g4xx_it.o
    0x08000d68   0x0000000c   Code   RO         8479    i.FDCANCommGet      can_driver.o
    0x08000d74   0x00000074   Code   RO         8480    i.FDCANCommInit     can_driver.o
    0x08000de8   0x00000004   Code   RO         8482    i.FDCANCommLostCallback  can_driver.o
    0x08000dec   0x0000001a   Code   RO         8483    i.FDCANCommResetRx  can_driver.o
    0x08000e06   0x000000b4   Code   RO         8484    i.FDCANCommRxCallback  can_driver.o
    0x08000eba   0x00000002   PAD
    0x08000ebc   0x0000007c   Code   RO         8125    i.FDCANFIFOxCallback  bsp_can.o
    0x08000f38   0x00000144   Code   RO         8126    i.FDCANRegister     bsp_can.o
    0x0800107c   0x00000048   Code   RO         8803    i.Foc_Pwm_LowSides  bldcmotor.o
    0x080010c4   0x00000054   Code   RO         8804    i.Foc_Pwm_Start     bldcmotor.o
    0x08001118   0x000000a8   Code   RO         9056    i.GetTempNtc        motor_adc.o
    0x080011c0   0x00000094   Code   RO         4592    i.HAL_ADCEx_Calibration_Start  stm32g4xx_hal_adc_ex.o
    0x08001254   0x00000128   Code   RO         4604    i.HAL_ADCEx_InjectedStart_IT  stm32g4xx_hal_adc_ex.o
    0x0800137c   0x000000d4   Code   RO         4609    i.HAL_ADCEx_MultiModeConfigChannel  stm32g4xx_hal_adc_ex.o
    0x08001450   0x0000041c   Code   RO         4356    i.HAL_ADC_ConfigChannel  stm32g4xx_hal_adc.o
    0x0800186c   0x00000002   Code   RO         4357    i.HAL_ADC_ConvCpltCallback  stm32g4xx_hal_adc.o
    0x0800186e   0x00000002   Code   RO         4358    i.HAL_ADC_ConvHalfCpltCallback  stm32g4xx_hal_adc.o
    0x08001870   0x00000002   Code   RO         4360    i.HAL_ADC_ErrorCallback  stm32g4xx_hal_adc.o
    0x08001872   0x00000002   PAD
    0x08001874   0x000001f4   Code   RO         4365    i.HAL_ADC_Init      stm32g4xx_hal_adc.o
    0x08001a68   0x00000120   Code   RO          380    i.HAL_ADC_MspInit   adc.o
    0x08001b88   0x000000f0   Code   RO         4373    i.HAL_ADC_Start_DMA  stm32g4xx_hal_adc.o
    0x08001c78   0x000000ba   Code   RO         3703    i.HAL_DMA_IRQHandler  stm32g4xx_hal_dma.o
    0x08001d32   0x00000002   PAD
    0x08001d34   0x000000c0   Code   RO         3704    i.HAL_DMA_Init      stm32g4xx_hal_dma.o
    0x08001df4   0x0000008c   Code   RO         3708    i.HAL_DMA_Start_IT  stm32g4xx_hal_dma.o
    0x08001e80   0x000000e0   Code   RO         4808    i.HAL_FDCAN_ActivateNotification  stm32g4xx_hal_fdcan.o
    0x08001f60   0x0000005c   Code   RO         4811    i.HAL_FDCAN_ConfigFilter  stm32g4xx_hal_fdcan.o
    0x08001fbc   0x00000002   Code   RO         4832    i.HAL_FDCAN_ErrorCallback  stm32g4xx_hal_fdcan.o
    0x08001fbe   0x00000002   Code   RO         4833    i.HAL_FDCAN_ErrorStatusCallback  stm32g4xx_hal_fdcan.o
    0x08001fc0   0x00000016   Code   RO         4841    i.HAL_FDCAN_GetRxFifoFillLevel  stm32g4xx_hal_fdcan.o
    0x08001fd6   0x00000002   PAD
    0x08001fd8   0x00000110   Code   RO         4842    i.HAL_FDCAN_GetRxMessage  stm32g4xx_hal_fdcan.o
    0x080020e8   0x00000002   Code   RO         4848    i.HAL_FDCAN_HighPriorityMessageCallback  stm32g4xx_hal_fdcan.o
    0x080020ea   0x00000164   Code   RO         4849    i.HAL_FDCAN_IRQHandler  stm32g4xx_hal_fdcan.o
    0x0800224e   0x00000002   PAD
    0x08002250   0x00000204   Code   RO         4850    i.HAL_FDCAN_Init    stm32g4xx_hal_fdcan.o
    0x08002454   0x000000a4   Code   RO          453    i.HAL_FDCAN_MspInit  fdcan.o
    0x080024f8   0x0000000c   Code   RO         8129    i.HAL_FDCAN_RxFifo0Callback  bsp_can.o
    0x08002504   0x0000000c   Code   RO         8130    i.HAL_FDCAN_RxFifo1Callback  bsp_can.o
    0x08002510   0x0000002c   Code   RO         4859    i.HAL_FDCAN_Start   stm32g4xx_hal_fdcan.o
    0x0800253c   0x00000002   Code   RO         4861    i.HAL_FDCAN_TimeoutOccurredCallback  stm32g4xx_hal_fdcan.o
    0x0800253e   0x00000002   Code   RO         4862    i.HAL_FDCAN_TimestampWraparoundCallback  stm32g4xx_hal_fdcan.o
    0x08002540   0x00000002   Code   RO         4863    i.HAL_FDCAN_TxBufferAbortCallback  stm32g4xx_hal_fdcan.o
    0x08002542   0x00000002   Code   RO         4864    i.HAL_FDCAN_TxBufferCompleteCallback  stm32g4xx_hal_fdcan.o
    0x08002544   0x00000002   Code   RO         4865    i.HAL_FDCAN_TxEventFifoCallback  stm32g4xx_hal_fdcan.o
    0x08002546   0x00000002   Code   RO         4866    i.HAL_FDCAN_TxFifoEmptyCallback  stm32g4xx_hal_fdcan.o
    0x08002548   0x000001b0   Code   RO         3560    i.HAL_GPIO_Init     stm32g4xx_hal_gpio.o
    0x080026f8   0x0000000a   Code   RO         3564    i.HAL_GPIO_WritePin  stm32g4xx_hal_gpio.o
    0x08002702   0x00000002   PAD
    0x08002704   0x0000000c   Code   RO         2855    i.HAL_GetTick       stm32g4xx_hal.o
    0x08002710   0x00000010   Code   RO         2861    i.HAL_IncTick       stm32g4xx_hal.o
    0x08002720   0x0000001e   Code   RO         2862    i.HAL_Init          stm32g4xx_hal.o
    0x0800273e   0x00000002   PAD
    0x08002740   0x00000088   Code   RO          810    i.HAL_InitTick      stm32g4xx_hal_timebase_tim.o
    0x080027c8   0x0000003c   Code   RO          786    i.HAL_MspInit       stm32g4xx_hal_msp.o
    0x08002804   0x0000001a   Code   RO         4209    i.HAL_NVIC_EnableIRQ  stm32g4xx_hal_cortex.o
    0x0800281e   0x00000002   PAD
    0x08002820   0x00000040   Code   RO         4215    i.HAL_NVIC_SetPriority  stm32g4xx_hal_cortex.o
    0x08002860   0x00000024   Code   RO         4216    i.HAL_NVIC_SetPriorityGrouping  stm32g4xx_hal_cortex.o
    0x08002884   0x00000024   Code   RO         2629    i.HAL_PCDEx_ActivateLPM  stm32g4xx_hal_pcd_ex.o
    0x080028a8   0x00000044   Code   RO          849    i.HAL_PCDEx_LPM_Callback  usbd_conf.o
    0x080028ec   0x0000003c   Code   RO         2635    i.HAL_PCDEx_PMAConfig  stm32g4xx_hal_pcd_ex.o
    0x08002928   0x00000012   Code   RO          851    i.HAL_PCD_DataInStageCallback  usbd_conf.o
    0x0800293a   0x00000014   Code   RO          852    i.HAL_PCD_DataOutStageCallback  usbd_conf.o
    0x0800294e   0x0000004a   Code   RO         2407    i.HAL_PCD_EP_Close  stm32g4xx_hal_pcd.o
    0x08002998   0x0000005a   Code   RO         2408    i.HAL_PCD_EP_ClrStall  stm32g4xx_hal_pcd.o
    0x080029f2   0x000000dc   Code   RO         2409    i.HAL_PCD_EP_DB_Receive  stm32g4xx_hal_pcd.o
    0x08002ace   0x0000038c   Code   RO         2410    i.HAL_PCD_EP_DB_Transmit  stm32g4xx_hal_pcd.o
    0x08002e5a   0x00000012   Code   RO         2412    i.HAL_PCD_EP_GetRxCount  stm32g4xx_hal_pcd.o
    0x08002e6c   0x0000005c   Code   RO         2413    i.HAL_PCD_EP_Open   stm32g4xx_hal_pcd.o
    0x08002ec8   0x0000002e   Code   RO         2414    i.HAL_PCD_EP_Receive  stm32g4xx_hal_pcd.o
    0x08002ef6   0x0000005e   Code   RO         2415    i.HAL_PCD_EP_SetStall  stm32g4xx_hal_pcd.o
    0x08002f54   0x0000002e   Code   RO         2416    i.HAL_PCD_EP_Transmit  stm32g4xx_hal_pcd.o
    0x08002f82   0x0000014a   Code   RO         2418    i.HAL_PCD_IRQHandler  stm32g4xx_hal_pcd.o
    0x080030cc   0x0000009a   Code   RO         2421    i.HAL_PCD_Init      stm32g4xx_hal_pcd.o
    0x08003166   0x00000002   PAD
    0x08003168   0x00000058   Code   RO          857    i.HAL_PCD_MspInit   usbd_conf.o
    0x080031c0   0x00000026   Code   RO          858    i.HAL_PCD_ResetCallback  usbd_conf.o
    0x080031e6   0x00000002   PAD
    0x080031e8   0x00000028   Code   RO          859    i.HAL_PCD_ResumeCallback  usbd_conf.o
    0x08003210   0x00000008   Code   RO          860    i.HAL_PCD_SOFCallback  usbd_conf.o
    0x08003218   0x00000026   Code   RO         2427    i.HAL_PCD_SetAddress  stm32g4xx_hal_pcd.o
    0x0800323e   0x0000000e   Code   RO          861    i.HAL_PCD_SetupStageCallback  usbd_conf.o
    0x0800324c   0x0000002a   Code   RO         2429    i.HAL_PCD_Start     stm32g4xx_hal_pcd.o
    0x08003276   0x00000002   PAD
    0x08003278   0x00000024   Code   RO          862    i.HAL_PCD_SuspendCallback  usbd_conf.o
    0x0800329c   0x000000bc   Code   RO         3963    i.HAL_PWREx_ControlVoltageScaling  stm32g4xx_hal_pwr_ex.o
    0x08003358   0x00000010   Code   RO         3975    i.HAL_PWREx_DisableUCPDDeadBattery  stm32g4xx_hal_pwr_ex.o
    0x08003368   0x0000029c   Code   RO         3222    i.HAL_RCCEx_PeriphCLKConfig  stm32g4xx_hal_rcc_ex.o
    0x08003604   0x000001dc   Code   RO         3097    i.HAL_RCC_ClockConfig  stm32g4xx_hal_rcc.o
    0x080037e0   0x00000040   Code   RO         3102    i.HAL_RCC_GetClockConfig  stm32g4xx_hal_rcc.o
    0x08003820   0x00000024   Code   RO         3105    i.HAL_RCC_GetPCLK1Freq  stm32g4xx_hal_rcc.o
    0x08003844   0x00000024   Code   RO         3106    i.HAL_RCC_GetPCLK2Freq  stm32g4xx_hal_rcc.o
    0x08003868   0x0000006c   Code   RO         3107    i.HAL_RCC_GetSysClockFreq  stm32g4xx_hal_rcc.o
    0x080038d4   0x000003f4   Code   RO         3110    i.HAL_RCC_OscConfig  stm32g4xx_hal_rcc.o
    0x08003cc8   0x00000040   Code   RO         5198    i.HAL_RNG_Init      stm32g4xx_hal_rng.o
    0x08003d08   0x0000004c   Code   RO          495    i.HAL_RNG_MspInit   rng.o
    0x08003d54   0x000000ea   Code   RO         5292    i.HAL_SPI_Init      stm32g4xx_hal_spi.o
    0x08003e3e   0x00000002   PAD
    0x08003e40   0x000000a4   Code   RO          537    i.HAL_SPI_MspInit   spi.o
    0x08003ee4   0x00000002   Code   RO         1968    i.HAL_TIMEx_Break2Callback  stm32g4xx_hal_tim_ex.o
    0x08003ee6   0x00000002   Code   RO         1969    i.HAL_TIMEx_BreakCallback  stm32g4xx_hal_tim_ex.o
    0x08003ee8   0x00000002   Code   RO         1970    i.HAL_TIMEx_CommutCallback  stm32g4xx_hal_tim_ex.o
    0x08003eea   0x00000002   PAD
    0x08003eec   0x0000009c   Code   RO         1973    i.HAL_TIMEx_ConfigBreakDeadTime  stm32g4xx_hal_tim_ex.o
    0x08003f88   0x00000002   Code   RO         1981    i.HAL_TIMEx_DirectionChangeCallback  stm32g4xx_hal_tim_ex.o
    0x08003f8a   0x00000002   Code   RO         1995    i.HAL_TIMEx_EncoderIndexCallback  stm32g4xx_hal_tim_ex.o
    0x08003f8c   0x00000002   Code   RO         2009    i.HAL_TIMEx_IndexErrorCallback  stm32g4xx_hal_tim_ex.o
    0x08003f8e   0x00000002   PAD
    0x08003f90   0x0000009c   Code   RO         2010    i.HAL_TIMEx_MasterConfigSynchronization  stm32g4xx_hal_tim_ex.o
    0x0800402c   0x000000bc   Code   RO         2022    i.HAL_TIMEx_PWMN_Start  stm32g4xx_hal_tim_ex.o
    0x080040e8   0x00000002   Code   RO         2031    i.HAL_TIMEx_TransitionErrorCallback  stm32g4xx_hal_tim_ex.o
    0x080040ea   0x00000062   Code   RO         1254    i.HAL_TIM_Base_Init  stm32g4xx_hal_tim.o
    0x0800414c   0x00000002   Code   RO         1256    i.HAL_TIM_Base_MspInit  stm32g4xx_hal_tim.o
    0x0800414e   0x00000002   PAD
    0x08004150   0x00000078   Code   RO         1259    i.HAL_TIM_Base_Start_IT  stm32g4xx_hal_tim.o
    0x080041c8   0x00000002   Code   RO         1284    i.HAL_TIM_ErrorCallback  stm32g4xx_hal_tim.o
    0x080041ca   0x00000002   Code   RO         1288    i.HAL_TIM_IC_CaptureCallback  stm32g4xx_hal_tim.o
    0x080041cc   0x000001a2   Code   RO         1302    i.HAL_TIM_IRQHandler  stm32g4xx_hal_tim.o
    0x0800436e   0x00000002   PAD
    0x08004370   0x000000b8   Code   RO          584    i.HAL_TIM_MspPostInit  tim.o
    0x08004428   0x00000002   Code   RO         1305    i.HAL_TIM_OC_DelayElapsedCallback  stm32g4xx_hal_tim.o
    0x0800442a   0x00000124   Code   RO         1326    i.HAL_TIM_PWM_ConfigChannel  stm32g4xx_hal_tim.o
    0x0800454e   0x00000062   Code   RO         1329    i.HAL_TIM_PWM_Init  stm32g4xx_hal_tim.o
    0x080045b0   0x00000094   Code   RO          586    i.HAL_TIM_PWM_MspInit  tim.o
    0x08004644   0x00000002   Code   RO         1332    i.HAL_TIM_PWM_PulseFinishedCallback  stm32g4xx_hal_tim.o
    0x08004646   0x00000002   Code   RO         1333    i.HAL_TIM_PWM_PulseFinishedHalfCpltCallback  stm32g4xx_hal_tim.o
    0x08004648   0x00000108   Code   RO         1334    i.HAL_TIM_PWM_Start  stm32g4xx_hal_tim.o
    0x08004750   0x00000224   Code   RO         1335    i.HAL_TIM_PWM_Start_DMA  stm32g4xx_hal_tim.o
    0x08004974   0x00000014   Code   RO           14    i.HAL_TIM_PeriodElapsedCallback  main.o
    0x08004988   0x00000002   Code   RO         1345    i.HAL_TIM_TriggerCallback  stm32g4xx_hal_tim.o
    0x0800498a   0x0000003e   Code   RO         6052    i.HAL_UARTEx_DisableFifoMode  stm32g4xx_hal_uart_ex.o
    0x080049c8   0x00000052   Code   RO         6058    i.HAL_UARTEx_ReceiveToIdle_DMA  stm32g4xx_hal_uart_ex.o
    0x08004a1a   0x00000002   PAD
    0x08004a1c   0x0000006c   Code   RO         8338    i.HAL_UARTEx_RxEventCallback  bsp_usart.o
    0x08004a88   0x0000004c   Code   RO         6061    i.HAL_UARTEx_SetRxFifoThreshold  stm32g4xx_hal_uart_ex.o
    0x08004ad4   0x0000004c   Code   RO         6062    i.HAL_UARTEx_SetTxFifoThreshold  stm32g4xx_hal_uart_ex.o
    0x08004b20   0x000000c4   Code   RO         8339    i.HAL_UART_ErrorCallback  bsp_usart.o
    0x08004be4   0x0000006a   Code   RO         5661    i.HAL_UART_Init     stm32g4xx_hal_uart.o
    0x08004c4e   0x00000002   PAD
    0x08004c50   0x000000ec   Code   RO          639    i.HAL_UART_MspInit  usart.o
    0x08004d3c   0x00000002   Code   RO         5668    i.HAL_UART_RxCpltCallback  stm32g4xx_hal_uart.o
    0x08004d3e   0x00000002   Code   RO         5669    i.HAL_UART_RxHalfCpltCallback  stm32g4xx_hal_uart.o
    0x08004d40   0x000000ae   Code   RO         5670    i.HAL_UART_Transmit  stm32g4xx_hal_uart.o
    0x08004dee   0x00000002   PAD
    0x08004df0   0x00000090   Code   RO         5671    i.HAL_UART_Transmit_DMA  stm32g4xx_hal_uart.o
    0x08004e80   0x00000098   Code   RO         5672    i.HAL_UART_Transmit_IT  stm32g4xx_hal_uart.o
    0x08004f18   0x00000002   Code   RO         5673    i.HAL_UART_TxCpltCallback  stm32g4xx_hal_uart.o
    0x08004f1a   0x00000002   Code   RO         5674    i.HAL_UART_TxHalfCpltCallback  stm32g4xx_hal_uart.o
    0x08004f1c   0x00000002   Code   RO          688    i.HardFault_Handler  stm32g4xx_it.o
    0x08004f1e   0x00000036   Code   RO         1109    i.IntToUnicode      usbd_desc.o
    0x08004f54   0x0000000c   Code   RO         4379    i.LL_ADC_GetOffsetChannel  stm32g4xx_hal_adc.o
    0x08004f60   0x00000008   Code   RO         4380    i.LL_ADC_INJ_IsConversionOngoing  stm32g4xx_hal_adc.o
    0x08004f68   0x00000008   Code   RO         4618    i.LL_ADC_INJ_IsConversionOngoing  stm32g4xx_hal_adc_ex.o
    0x08004f70   0x00000008   Code   RO         4381    i.LL_ADC_IsEnabled  stm32g4xx_hal_adc.o
    0x08004f78   0x00000008   Code   RO         4382    i.LL_ADC_REG_IsConversionOngoing  stm32g4xx_hal_adc.o
    0x08004f80   0x00000008   Code   RO         4620    i.LL_ADC_REG_IsConversionOngoing  stm32g4xx_hal_adc_ex.o
    0x08004f88   0x00000010   Code   RO         4383    i.LL_ADC_REG_IsTriggerSourceSWStart  stm32g4xx_hal_adc.o
    0x08004f98   0x0000001e   Code   RO         4385    i.LL_ADC_SetChannelSamplingTime  stm32g4xx_hal_adc.o
    0x08004fb6   0x00000010   Code   RO         4386    i.LL_ADC_SetOffsetState  stm32g4xx_hal_adc.o
    0x08004fc6   0x00000002   PAD
    0x08004fc8   0x0000011c   Code   RO         8299    i.LOG_PROTO         bsp_log.o
    0x080050e4   0x00000018   Code   RO         8300    i.LogInit           bsp_log.o
    0x080050fc   0x0000005c   Code   RO          381    i.MX_ADC1_Init      adc.o
    0x08005158   0x0000007c   Code   RO          382    i.MX_ADC2_Init      adc.o
    0x080051d4   0x0000006c   Code   RO          428    i.MX_DMA_Init       dma.o
    0x08005240   0x00000050   Code   RO          454    i.MX_FDCAN1_Init    fdcan.o
    0x08005290   0x00000054   Code   RO          305    i.MX_FREERTOS_Init  app_freertos.o
    0x080052e4   0x000000c0   Code   RO          281    i.MX_GPIO_Init      gpio.o
    0x080053a4   0x00000028   Code   RO          496    i.MX_RNG_Init       rng.o
    0x080053cc   0x00000050   Code   RO          538    i.MX_SPI1_Init      spi.o
    0x0800541c   0x00000050   Code   RO          539    i.MX_SPI3_Init      spi.o
    0x0800546c   0x000000ec   Code   RO          587    i.MX_TIM1_Init      tim.o
    0x08005558   0x00000070   Code   RO          588    i.MX_TIM3_Init      tim.o
    0x080055c8   0x00000068   Code   RO          640    i.MX_USART1_UART_Init  usart.o
    0x08005630   0x00000054   Code   RO         1074    i.MX_USB_Device_Init  usb_device.o
    0x08005684   0x00000002   Code   RO          689    i.MemManage_Handler  stm32g4xx_it.o
    0x08005686   0x00000002   PAD
    0x08005688   0x00000094   Code   RO         8957    i.MotorGuardTask    focmotor.o
    0x0800571c   0x00000002   Code   RO          690    i.NMI_Handler       stm32g4xx_it.o
    0x0800571e   0x00000332   Code   RO         2432    i.PCD_EP_ISR_Handler  stm32g4xx_hal_pcd.o
    0x08005a50   0x00000022   Code   RO         8741    i.RGB_DisplayColor  led.o
    0x08005a72   0x00000002   PAD
    0x08005a74   0x000000c8   Code   RO         8742    i.RGB_DisplayColorById  led.o
    0x08005b3c   0x00000014   Code   RO         8743    i.RGB_SendArray     led.o
    0x08005b50   0x00000060   Code   RO         8744    i.RGB_SetColor      led.o
    0x08005bb0   0x0000000c   Code   RO         8745    i.Reset_Load        led.o
    0x08005bbc   0x00000024   Code   RO         8023    i.RobotCMDInit      cmd_task.o
    0x08005be0   0x00000090   Code   RO         8024    i.RobotCMDTask      cmd_task.o
    0x08005c70   0x00000034   Code   RO         7889    i.RobotInit         robot.o
    0x08005ca4   0x0000000a   Code   RO         7649    i.SWAPBYTE          usbd_ctlreq.o
    0x08005cae   0x00000002   PAD
    0x08005cb0   0x00000030   Code   RO         7891    i.StartCustomTask   robot.o
    0x08005ce0   0x0000002c   Code   RO         7892    i.StartDefaultTask  robot.o
    0x08005d0c   0x00000038   Code   RO         7893    i.StartGuardTask    robot.o
    0x08005d44   0x0000002c   Code   RO         7432    i.SysTick_Handler   port.o
    0x08005d70   0x0000006c   Code   RO           15    i.SystemClock_Config  main.o
    0x08005ddc   0x00000010   Code   RO         6171    i.SystemInit        system_stm32g4xx.o
    0x08005dec   0x0000002c   Code   RO          691    i.TIM1_TRG_COM_TIM17_IRQHandler  stm32g4xx_it.o
    0x08005e18   0x000000bc   Code   RO         1347    i.TIM_Base_SetConfig  stm32g4xx_hal_tim.o
    0x08005ed4   0x0000001a   Code   RO         1348    i.TIM_CCxChannelCmd  stm32g4xx_hal_tim.o
    0x08005eee   0x0000001a   Code   RO         2034    i.TIM_CCxNChannelCmd  stm32g4xx_hal_tim_ex.o
    0x08005f08   0x0000005e   Code   RO         1351    i.TIM_DMADelayPulseCplt  stm32g4xx_hal_tim.o
    0x08005f66   0x00000038   Code   RO         1352    i.TIM_DMADelayPulseHalfCplt  stm32g4xx_hal_tim.o
    0x08005f9e   0x00000054   Code   RO         1353    i.TIM_DMAError      stm32g4xx_hal_tim.o
    0x08005ff2   0x00000002   PAD
    0x08005ff4   0x0000009c   Code   RO         1360    i.TIM_OC1_SetConfig  stm32g4xx_hal_tim.o
    0x08006090   0x00000090   Code   RO         1361    i.TIM_OC2_SetConfig  stm32g4xx_hal_tim.o
    0x08006120   0x00000090   Code   RO         1362    i.TIM_OC3_SetConfig  stm32g4xx_hal_tim.o
    0x080061b0   0x00000090   Code   RO         1363    i.TIM_OC4_SetConfig  stm32g4xx_hal_tim.o
    0x08006240   0x00000070   Code   RO         1364    i.TIM_OC5_SetConfig  stm32g4xx_hal_tim.o
    0x080062b0   0x00000070   Code   RO         1365    i.TIM_OC6_SetConfig  stm32g4xx_hal_tim.o
    0x08006320   0x00000016   Code   RO         8961    i.TempResultTask    focmotor.o
    0x08006336   0x00000002   PAD
    0x08006338   0x00000044   Code   RO         6066    i.UARTEx_SetNbDataToProcess  stm32g4xx_hal_uart_ex.o
    0x0800637c   0x000000c8   Code   RO         5675    i.UART_AdvFeatureConfig  stm32g4xx_hal_uart.o
    0x08006444   0x000000ac   Code   RO         5676    i.UART_CheckIdleState  stm32g4xx_hal_uart.o
    0x080064f0   0x00000050   Code   RO         5678    i.UART_DMAError     stm32g4xx_hal_uart.o
    0x08006540   0x00000086   Code   RO         5679    i.UART_DMAReceiveCplt  stm32g4xx_hal_uart.o
    0x080065c6   0x00000020   Code   RO         5681    i.UART_DMARxHalfCplt  stm32g4xx_hal_uart.o
    0x080065e6   0x00000042   Code   RO         5683    i.UART_DMATransmitCplt  stm32g4xx_hal_uart.o
    0x08006628   0x0000000a   Code   RO         5685    i.UART_DMATxHalfCplt  stm32g4xx_hal_uart.o
    0x08006632   0x00000002   PAD
    0x08006634   0x00000054   Code   RO         5687    i.UART_EndRxTransfer  stm32g4xx_hal_uart.o
    0x08006688   0x0000002e   Code   RO         5688    i.UART_EndTxTransfer  stm32g4xx_hal_uart.o
    0x080066b6   0x00000002   PAD
    0x080066b8   0x00000270   Code   RO         5693    i.UART_SetConfig    stm32g4xx_hal_uart.o
    0x08006928   0x000000ac   Code   RO         5694    i.UART_Start_Receive_DMA  stm32g4xx_hal_uart.o
    0x080069d4   0x00000052   Code   RO         5696    i.UART_TxISR_16BIT  stm32g4xx_hal_uart.o
    0x08006a26   0x00000068   Code   RO         5697    i.UART_TxISR_16BIT_FIFOEN  stm32g4xx_hal_uart.o
    0x08006a8e   0x0000004e   Code   RO         5698    i.UART_TxISR_8BIT   stm32g4xx_hal_uart.o
    0x08006adc   0x00000064   Code   RO         5699    i.UART_TxISR_8BIT_FIFOEN  stm32g4xx_hal_uart.o
    0x08006b40   0x00000092   Code   RO         5700    i.UART_WaitOnFlagUntilTimeout  stm32g4xx_hal_uart.o
    0x08006bd2   0x00000002   PAD
    0x08006bd4   0x0000011c   Code   RO         8341    i.USARTRegister     bsp_usart.o
    0x08006cf0   0x00000028   Code   RO         8342    i.USARTSend         bsp_usart.o
    0x08006d18   0x00000026   Code   RO         8343    i.USARTServiceInit  bsp_usart.o
    0x08006d3e   0x00000002   PAD
    0x08006d40   0x00000020   Code   RO         1110    i.USBD_CDC_ConfigStrDescriptor  usbd_desc.o
    0x08006d60   0x0000005e   Code   RO         7782    i.USBD_CDC_DataIn   usbd_cdc.o
    0x08006dbe   0x0000002a   Code   RO         7783    i.USBD_CDC_DataOut  usbd_cdc.o
    0x08006de8   0x00000048   Code   RO         7784    i.USBD_CDC_DeInit   usbd_cdc.o
    0x08006e30   0x0000000c   Code   RO         1111    i.USBD_CDC_DeviceDescriptor  usbd_desc.o
    0x08006e3c   0x0000002e   Code   RO         7785    i.USBD_CDC_EP0_RxReady  usbd_cdc.o
    0x08006e6a   0x00000002   PAD
    0x08006e6c   0x0000000c   Code   RO         7786    i.USBD_CDC_GetDeviceQualifierDescriptor  usbd_cdc.o
    0x08006e78   0x0000000c   Code   RO         7787    i.USBD_CDC_GetFSCfgDesc  usbd_cdc.o
    0x08006e84   0x0000000c   Code   RO         7788    i.USBD_CDC_GetHSCfgDesc  usbd_cdc.o
    0x08006e90   0x0000000c   Code   RO         7789    i.USBD_CDC_GetOtherSpeedCfgDesc  usbd_cdc.o
    0x08006e9c   0x000000a2   Code   RO         7790    i.USBD_CDC_Init     usbd_cdc.o
    0x08006f3e   0x00000002   PAD
    0x08006f40   0x00000024   Code   RO         1112    i.USBD_CDC_InterfaceStrDescriptor  usbd_desc.o
    0x08006f64   0x0000000c   Code   RO         1113    i.USBD_CDC_LangIDStrDescriptor  usbd_desc.o
    0x08006f70   0x00000028   Code   RO         1114    i.USBD_CDC_ManufacturerStrDescriptor  usbd_desc.o
    0x08006f98   0x0000002c   Code   RO         1115    i.USBD_CDC_ProductStrDescriptor  usbd_desc.o
    0x08006fc4   0x00000028   Code   RO         7791    i.USBD_CDC_ReceivePacket  usbd_cdc.o
    0x08006fec   0x0000000e   Code   RO         7792    i.USBD_CDC_RegisterInterface  usbd_cdc.o
    0x08006ffa   0x00000002   PAD
    0x08006ffc   0x00000038   Code   RO         1116    i.USBD_CDC_SerialStrDescriptor  usbd_desc.o
    0x08007034   0x00000012   Code   RO         7793    i.USBD_CDC_SetRxBuffer  usbd_cdc.o
    0x08007046   0x00000016   Code   RO         7794    i.USBD_CDC_SetTxBuffer  usbd_cdc.o
    0x0800705c   0x000000be   Code   RO         7795    i.USBD_CDC_Setup    usbd_cdc.o
    0x0800711a   0x00000010   Code   RO         7511    i.USBD_ClrClassConfig  usbd_core.o
    0x0800712a   0x00000010   Code   RO         7722    i.USBD_CtlContinueRx  usbd_ioreq.o
    0x0800713a   0x00000010   Code   RO         7723    i.USBD_CtlContinueSendData  usbd_ioreq.o
    0x0800714a   0x00000016   Code   RO         7650    i.USBD_CtlError     usbd_ctlreq.o
    0x08007160   0x0000001e   Code   RO         7724    i.USBD_CtlPrepareRx  usbd_ioreq.o
    0x0800717e   0x00000016   Code   RO         7725    i.USBD_CtlReceiveStatus  usbd_ioreq.o
    0x08007194   0x0000001a   Code   RO         7726    i.USBD_CtlSendData  usbd_ioreq.o
    0x080071ae   0x00000016   Code   RO         7727    i.USBD_CtlSendStatus  usbd_ioreq.o
    0x080071c4   0x000000fa   Code   RO         7651    i.USBD_GetDescriptor  usbd_ctlreq.o
    0x080072be   0x00000048   Code   RO         7652    i.USBD_GetString    usbd_ctlreq.o
    0x08007306   0x00000018   Code   RO          863    i.USBD_Get_USB_Status  usbd_conf.o
    0x0800731e   0x00000026   Code   RO         7513    i.USBD_Init         usbd_core.o
    0x08007344   0x00000012   Code   RO          864    i.USBD_LL_ClearStallEP  usbd_conf.o
    0x08007356   0x00000012   Code   RO          865    i.USBD_LL_CloseEP   usbd_conf.o
    0x08007368   0x000000a8   Code   RO         7514    i.USBD_LL_DataInStage  usbd_core.o
    0x08007410   0x0000006c   Code   RO         7515    i.USBD_LL_DataOutStage  usbd_core.o
    0x0800747c   0x00000008   Code   RO          869    i.USBD_LL_GetRxDataSize  usbd_conf.o
    0x08007484   0x00000084   Code   RO          870    i.USBD_LL_Init      usbd_conf.o
    0x08007508   0x0000001e   Code   RO          871    i.USBD_LL_IsStallEP  usbd_conf.o
    0x08007526   0x00000018   Code   RO          872    i.USBD_LL_OpenEP    usbd_conf.o
    0x0800753e   0x00000012   Code   RO          873    i.USBD_LL_PrepareReceive  usbd_conf.o
    0x08007550   0x0000005a   Code   RO         7520    i.USBD_LL_Reset     usbd_core.o
    0x080075aa   0x00000014   Code   RO         7521    i.USBD_LL_Resume    usbd_core.o
    0x080075be   0x00000020   Code   RO         7522    i.USBD_LL_SOF       usbd_core.o
    0x080075de   0x00000006   Code   RO         7523    i.USBD_LL_SetSpeed  usbd_core.o
    0x080075e4   0x00000012   Code   RO          874    i.USBD_LL_SetUSBAddress  usbd_conf.o
    0x080075f6   0x00000060   Code   RO         7524    i.USBD_LL_SetupStage  usbd_core.o
    0x08007656   0x00000012   Code   RO          875    i.USBD_LL_StallEP   usbd_conf.o
    0x08007668   0x00000012   Code   RO          876    i.USBD_LL_Start     usbd_conf.o
    0x0800767a   0x00000012   Code   RO         7525    i.USBD_LL_Suspend   usbd_core.o
    0x0800768c   0x00000012   Code   RO          878    i.USBD_LL_Transmit  usbd_conf.o
    0x0800769e   0x00000030   Code   RO         7653    i.USBD_ParseSetupRequest  usbd_ctlreq.o
    0x080076ce   0x00000024   Code   RO         7526    i.USBD_RegisterClass  usbd_core.o
    0x080076f2   0x00000014   Code   RO         7528    i.USBD_SetClassConfig  usbd_core.o
    0x08007706   0x00000002   PAD
    0x08007708   0x000000bc   Code   RO         7654    i.USBD_SetConfig    usbd_ctlreq.o
    0x080077c4   0x00000004   Code   RO         7529    i.USBD_Start        usbd_core.o
    0x080077c8   0x00000114   Code   RO         7655    i.USBD_StdDevReq    usbd_ctlreq.o
    0x080078dc   0x00000140   Code   RO         7656    i.USBD_StdEPReq     usbd_ctlreq.o
    0x08007a1c   0x00000052   Code   RO         7657    i.USBD_StdItfReq    usbd_ctlreq.o
    0x08007a6e   0x00000002   Code   RO          879    i.USBD_static_free  usbd_conf.o
    0x08007a70   0x00000008   Code   RO          880    i.USBD_static_malloc  usbd_conf.o
    0x08007a78   0x00000354   Code   RO         2694    i.USB_ActivateEndpoint  stm32g4xx_ll_usb.o
    0x08007dcc   0x00000110   Code   RO         2698    i.USB_DeactivateEndpoint  stm32g4xx_ll_usb.o
    0x08007edc   0x0000000e   Code   RO         2699    i.USB_DevConnect    stm32g4xx_ll_usb.o
    0x08007eea   0x00000012   Code   RO         2701    i.USB_DevInit       stm32g4xx_ll_usb.o
    0x08007efc   0x00000010   Code   RO         2702    i.USB_DisableGlobalInt  stm32g4xx_ll_usb.o
    0x08007f0c   0x00000070   Code   RO         2703    i.USB_EPClearStall  stm32g4xx_ll_usb.o
    0x08007f7c   0x00000032   Code   RO         2704    i.USB_EPSetStall    stm32g4xx_ll_usb.o
    0x08007fae   0x0000036a   Code   RO         2705    i.USB_EPStartXfer   stm32g4xx_ll_usb.o
    0x08008318   0x00000012   Code   RO         2707    i.USB_EnableGlobalInt  stm32g4xx_ll_usb.o
    0x0800832a   0x00000002   PAD
    0x0800832c   0x0000000c   Code   RO          692    i.USB_LP_IRQHandler  stm32g4xx_it.o
    0x08008338   0x00000006   Code   RO         2710    i.USB_ReadInterrupts  stm32g4xx_ll_usb.o
    0x0800833e   0x00000028   Code   RO         2711    i.USB_ReadPMA       stm32g4xx_ll_usb.o
    0x08008366   0x0000000c   Code   RO         2713    i.USB_SetDevAddress  stm32g4xx_ll_usb.o
    0x08008372   0x00000024   Code   RO         2715    i.USB_WritePMA      stm32g4xx_ll_usb.o
    0x08008396   0x00000002   Code   RO          693    i.UsageFault_Handler  stm32g4xx_it.o
    0x08008398   0x00000028   Code   RO         9668    i.__0snprintf       mc_w.l(printfa.o)
    0x080083c0   0x00000024   Code   RO         9672    i.__0vsnprintf      mc_w.l(printfa.o)
    0x080083e4   0x00000020   Code   RO         4222    i.__NVIC_SetPriority  stm32g4xx_hal_cortex.o
    0x08008404   0x0000000e   Code   RO         9843    i.__scatterload_copy  mc_w.l(handlers.o)
    0x08008412   0x00000002   Code   RO         9844    i.__scatterload_null  mc_w.l(handlers.o)
    0x08008414   0x0000000e   Code   RO         9845    i.__scatterload_zeroinit  mc_w.l(handlers.o)
    0x08008422   0x00000002   PAD
    0x08008424   0x00000164   Code   RO         9674    i._fp_digits        mc_w.l(printfa.o)
    0x08008588   0x000006dc   Code   RO         9675    i._printf_core      mc_w.l(printfa.o)
    0x08008c64   0x00000024   Code   RO         9676    i._printf_post_padding  mc_w.l(printfa.o)
    0x08008c88   0x0000002e   Code   RO         9677    i._printf_pre_padding  mc_w.l(printfa.o)
    0x08008cb6   0x00000016   Code   RO         9678    i._snputc           mc_w.l(printfa.o)
    0x08008ccc   0x00000048   Code   RO         9060    i.adc2_median_filter  motor_adc.o
    0x08008d14   0x00000034   Code   RO         8094    i.adc_bsp_init      bsp_adc.o
    0x08008d48   0x00000024   Code   RO         8396    i.crc_8             crc8.o
    0x08008d6c   0x00000042   Code   RO           16    i.main              main.o
    0x08008dae   0x0000000c   Code   RO         6997    i.makeFreeRtosPriority  cmsis_os.o
    0x08008dba   0x00000002   PAD
    0x08008dbc   0x0000006c   Code   RO         9696    i.malloc            mc_w.l(malloc.o)
    0x08008e28   0x0000000e   Code   RO         6999    i.osDelay           cmsis_os.o
    0x08008e36   0x0000000a   Code   RO         7002    i.osKernelStart     cmsis_os.o
    0x08008e40   0x00000054   Code   RO         7036    i.osThreadCreate    cmsis_os.o
    0x08008e94   0x00000070   Code   RO         6673    i.prvAddCurrentTaskToDelayedList  tasks.o
    0x08008f04   0x000000d0   Code   RO         6674    i.prvAddNewTaskToReadyList  tasks.o
    0x08008fd4   0x00000034   Code   RO         6675    i.prvDeleteTCB      tasks.o
    0x08009008   0x00000048   Code   RO         7364    i.prvHeapInit       heap_4.o
    0x08009050   0x00000060   Code   RO         6676    i.prvIdleTask       tasks.o
    0x080090b0   0x000000aa   Code   RO         6677    i.prvInitialiseNewTask  tasks.o
    0x0800915a   0x00000002   PAD
    0x0800915c   0x0000004c   Code   RO         7365    i.prvInsertBlockIntoFreeList  heap_4.o
    0x080091a8   0x00000020   Code   RO         6678    i.prvResetNextTaskUnblockTime  tasks.o
    0x080091c8   0x00000028   Code   RO         7433    i.prvTaskExitError  port.o
    0x080091f0   0x000000dc   Code   RO         7366    i.pvPortMalloc      heap_4.o
    0x080092cc   0x0000002c   Code   RO         7434    i.pxPortInitialiseStack  port.o
    0x080092f8   0x00000026   Code   RO         6309    i.uxListRemove      list.o
    0x0800931e   0x00000002   PAD
    0x08009320   0x00000014   Code   RO          309    i.vApplicationGetIdleTaskMemory  app_freertos.o
    0x08009334   0x00000002   Code   RO          310    i.vApplicationIdleHook  app_freertos.o
    0x08009336   0x00000002   Code   RO          311    i.vApplicationStackOverflowHook  app_freertos.o
    0x08009338   0x00000016   Code   RO         6310    i.vListInitialise   list.o
    0x0800934e   0x00000006   Code   RO         6311    i.vListInitialiseItem  list.o
    0x08009354   0x00000030   Code   RO         6312    i.vListInsert       list.o
    0x08009384   0x00000018   Code   RO         6313    i.vListInsertEnd    list.o
    0x0800939c   0x00000040   Code   RO         7436    i.vPortEnterCritical  port.o
    0x080093dc   0x00000028   Code   RO         7437    i.vPortExitCritical  port.o
    0x08009404   0x00000064   Code   RO         7367    i.vPortFree         heap_4.o
    0x08009468   0x00000024   Code   RO         7438    i.vPortSetupTimerInterrupt  port.o
    0x0800948c   0x0000004c   Code   RO         6688    i.vTaskDelay        tasks.o
    0x080094d8   0x0000006c   Code   RO         6701    i.vTaskStartScheduler  tasks.o
    0x08009544   0x00000010   Code   RO         6703    i.vTaskSuspendAll   tasks.o
    0x08009554   0x00000074   Code   RO         6704    i.vTaskSwitchContext  tasks.o
    0x080095c8   0x000000f4   Code   RO         7440    i.xPortStartScheduler  port.o
    0x080096bc   0x0000005a   Code   RO         6707    i.xTaskCreate       tasks.o
    0x08009716   0x0000005a   Code   RO         6708    i.xTaskCreateStatic  tasks.o
    0x08009770   0x000000cc   Code   RO         6715    i.xTaskIncrementTick  tasks.o
    0x0800983c   0x000000c4   Code   RO         6721    i.xTaskResumeAll    tasks.o
    0x08009900   0x00000054   Data   RO          313    .constdata          app_freertos.o
    0x08009954   0x00000010   Data   RO         4867    .constdata          stm32g4xx_hal_fdcan.o
    0x08009964   0x00000018   Data   RO         5701    .constdata          stm32g4xx_hal_uart.o
    0x0800997c   0x00000010   Data   RO         6067    .constdata          stm32g4xx_hal_uart_ex.o
    0x0800998c   0x00000010   Data   RO         6172    .constdata          system_stm32g4xx.o
    0x0800999c   0x00000008   Data   RO         6173    .constdata          system_stm32g4xx.o
    0x080099a4   0x00000018   Data   RO         8026    .constdata          cmd_task.o
    0x080099bc   0x00000028   Data   RO         8132    .constdata          bsp_can.o
    0x080099e4   0x00000025   Data   RO         8345    .constdata          bsp_usart.o
    0x08009a09   0x00000003   PAD
    0x08009a0c   0x0000000c   Data   RO         8486    .constdata          can_driver.o
    0x08009a18   0x0000002d   Data   RO         8747    .constdata          led.o
    0x08009a45   0x00000001   PAD
    0x08009a46   0x000000fc   Data   RO         9061    .constdata          motor_adc.o
    0x08009b42   0x00000002   PAD
    0x08009b44   0x00000023   Data   RO          314    .conststring        app_freertos.o
    0x08009b67   0x00000001   PAD
    0x08009b68   0x0000004e   Data   RO         8133    .conststring        bsp_can.o
    0x08009bb6   0x00000002   PAD
    0x08009bb8   0x00000020   Data   RO         9841    Region$$Table       anon$$obj.o


    Execution Region RW_IRAM1 (Base: 0x20000000, Size: 0x00007050, Max: 0x00008000, ABSOLUTE, COMPRESSED[0x0000026c])

    Base Addr    Size         Type   Attr      Idx    E Section Name        Object

    0x20000000   0x0000000c   Data   RW          315    .data               app_freertos.o
    0x2000000c   0x00000004   Data   RW          384    .data               adc.o
    0x20000010   0x00000020   Data   RW         1118    .data               usbd_desc.o
    0x20000030   0x00000032   Data   RW         1119    .data               usbd_desc.o
    0x20000062   0x00000002   PAD
    0x20000064   0x00000014   Data   RW         1202    .data               usbd_cdc_if.o
    0x20000078   0x0000000c   Data   RW         2882    .data               stm32g4xx_hal.o
    0x20000084   0x00000004   Data   RW         6174    .data               system_stm32g4xx.o
    0x20000088   0x0000003c   Data   RW         6724    .data               tasks.o
    0x200000c4   0x00000020   Data   RW         7373    .data               heap_4.o
    0x200000e4   0x0000000c   Data   RW         7441    .data               port.o
    0x200000f0   0x00000001   Data   RW         7658    .data               usbd_ctlreq.o
    0x200000f1   0x00000003   PAD
    0x200000f4   0x000000d7   Data   RW         7797    .data               usbd_cdc.o
    0x200001cb   0x00000001   PAD
    0x200001cc   0x00000038   Data   RW         7798    .data               usbd_cdc.o
    0x20000204   0x00000018   Data   RW         7894    .data               robot.o
    0x2000021c   0x00000008   Data   RW         8027    .data               cmd_task.o
    0x20000224   0x0000000c   Data   RW         8134    .data               bsp_can.o
    0x20000230   0x00000040   Data   RW         8192    .data               bsp_dwt.o
    0x20000270   0x00000004   Data   RW         8301    .data               bsp_log.o
    0x20000274   0x00000001   Data   RW         8346    .data               bsp_usart.o
    0x20000275   0x00000100   Data   RW         8398    .data               crc8.o
    0x20000375   0x00000001   Data   RW         8589    .data               daemon.o
    0x20000376   0x00000002   PAD
    0x20000378   0x00000278   Data   RW         8631    .data               mt6816_encoder.o
    0x200005f0   0x00000090   Data   RW         8821    .data               bldcmotor.o
    0x20000680   0x00000198   Data   RW         8962    .data               focmotor.o
    0x20000818   0x00000020   Data   RW         9062    .data               motor_adc.o
    0x20000838   0x00000004   Data   RW         9788    .data               mc_w.l(mvars.o)
    0x2000083c   0x00000004   Data   RW         9789    .data               mc_w.l(mvars.o)
    0x20000840   0x00000254   Zero   RW          312    .bss                app_freertos.o
    0x20000a94   0x00000138   Zero   RW          383    .bss                adc.o
    0x20000bcc   0x00000064   Zero   RW          455    .bss                fdcan.o
    0x20000c30   0x00000014   Zero   RW          497    .bss                rng.o
    0x20000c44   0x000000c8   Zero   RW          540    .bss                spi.o
    0x20000d0c   0x000000f8   Zero   RW          589    .bss                tim.o
    0x20000e04   0x00000154   Zero   RW          641    .bss                usart.o
    0x20000f58   0x0000004c   Zero   RW          813    .bss                stm32g4xx_hal_timebase_tim.o
    0x20000fa4   0x000004fc   Zero   RW          881    .bss                usbd_conf.o
    0x200014a0   0x000002d0   Zero   RW         1075    .bss                usb_device.o
    0x20001770   0x00000200   Zero   RW         1117    .bss                usbd_desc.o
    0x20001970   0x00000800   Zero   RW         1201    .bss                usbd_cdc_if.o
    0x20002170   0x000000f0   Zero   RW         6723    .bss                tasks.o
    0x20002260   0x00000bb8   Zero   RW         7372    .bss                heap_4.o
    0x20002e18   0x00000018   Zero   RW         8025    .bss                cmd_task.o
    0x20002e30   0x0000000a   Zero   RW         8096    .bss                bsp_adc.o
    0x20002e3a   0x00000002   PAD
    0x20002e3c   0x00000040   Zero   RW         8131    .bss                bsp_can.o
    0x20002e7c   0x00000014   Zero   RW         8344    .bss                bsp_usart.o
    0x20002e90   0x00000100   Zero   RW         8588    .bss                daemon.o
    0x20002f90   0x000000c0   Zero   RW         8746    .bss                led.o
    0x20003050   0x00003000   Zero   RW            2    HEAP                startup_stm32g431xx.o
    0x20006050   0x00001000   Zero   RW            1    STACK               startup_stm32g431xx.o


==============================================================================

Image component sizes


      Code (inc. data)   RO Data    RW Data    ZI Data      Debug   Object Name

       504         40          0          4        312       2664   adc.o
       108         14        119         12        596       3219   app_freertos.o
       156          8          0        144          0       5226   bldcmotor.o
        52         14          0          0         10       1043   bsp_adc.o
       472        118        118         12         64       4946   bsp_can.o
       376         56          0         64          0       3715   bsp_dwt.o
       308        148          0          4          0       2506   bsp_log.o
       666        252         37          1         20       3989   bsp_usart.o
       338          8         12          0          0       5051   can_driver.o
       180         22         24          8         24       4318   cmd_task.o
       120          0          0          0          0      23149   cmsis_os.o
        36          4          0        256          0       1188   crc8.o
        78          8          0          1        256       2232   daemon.o
       108          4          0          0          0        822   dma.o
         0          0          0          0          0      16780   event_groups.o
       244         24          0          0        100       1763   fdcan.o
       170         22          0        408          0       9119   focmotor.o
       192         14          0          0          0        975   gpio.o
       468         22          0         32       3000       7447   heap_4.o
       362         38         45          0        192       4188   led.o
       138          0          0          0          0       3502   list.o
       198          6          0          0          0     760785   main.o
       240          8        252         32          0       2757   motor_adc.o
         0          0          0        632          0       1967   mt6816_encoder.o
       702         70          0         12          0      10904   port.o
       116         20          0          0         20       1595   rng.o
       200         32          0         24          0       7155   robot.o
       324         32          0          0        200       2358   spi.o
        36          8        472          0      16384        828   startup_stm32g431xx.o
        58         10          0         12          0       2966   stm32g4xx_hal.o
      2320        136          0          0          0      81343   stm32g4xx_hal_adc.o
       672         32          0          0          0      71026   stm32g4xx_hal_adc_ex.o
       158         14          0          0          0      32974   stm32g4xx_hal_cortex.o
       680         30          0          0          0       5023   stm32g4xx_hal_dma.o
      1544         22         16          0          0      15577   stm32g4xx_hal_fdcan.o
       442         32          0          0          0       2196   stm32g4xx_hal_gpio.o
        60          6          0          0          0        858   stm32g4xx_hal_msp.o
      2970          0          0          0          0      15249   stm32g4xx_hal_pcd.o
        96          0          0          0          0       1924   stm32g4xx_hal_pcd_ex.o
       204         18          0          0          0       1425   stm32g4xx_hal_pwr_ex.o
      1732         98          0          0          0       7129   stm32g4xx_hal_rcc.o
       668          8          0          0          0       1972   stm32g4xx_hal_rcc_ex.o
        64          0          0          0          0       1075   stm32g4xx_hal_rng.o
       234          0          0          0          0       1255   stm32g4xx_hal_spi.o
      3112        282          0          0          0      20734   stm32g4xx_hal_tim.o
       540         56          0          0          0       8031   stm32g4xx_hal_tim_ex.o
       136         20          0          0         76       1404   stm32g4xx_hal_timebase_tim.o
      2714        114         24          0          0      37778   stm32g4xx_hal_uart.o
       364          6         16          0          0       4544   stm32g4xx_hal_uart_ex.o
       140         52          0          0          0       6617   stm32g4xx_it.o
      2320          0          0          0          0      14896   stm32g4xx_ll_usb.o
         0          0          0          0          0        392   stream_buffer.o
        16          4         24          4          0       1103   system_stm32g4xx.o
      1566        110          0         60        240      19550   tasks.o
       680         56          0          0        248       3378   tim.o
       340         32          0          0        340       1964   usart.o
        84         18          0          0        720        792   usb_device.o
       748         16          0        271          0      12887   usbd_cdc.o
        72         16          0         20       2048       3342   usbd_cdc_if.o
       684         38          0          0       1276      17002   usbd_conf.o
       652          0          0          0          0       9799   usbd_core.o
      1268         22          0          1          0      14468   usbd_ctlreq.o
       286        104          0         82        512       6210   usbd_desc.o
       132          0          0          0          0       4480   usbd_ioreq.o

    ----------------------------------------------------------------------
     34730       2344       1200       2104      26640    1327554   Object Totals
         0          0         32          0          0          0   (incl. Generated)
        82          0          9          8          2          0   (incl. Padding)

    ----------------------------------------------------------------------

      Code (inc. data)   RO Data    RW Data    ZI Data      Debug   Library Member Name

        86          0          0          0          0          0   __dczerorl2.o
         0          0          0          0          0          0   entry.o
         0          0          0          0          0          0   entry10a.o
         0          0          0          0          0          0   entry11a.o
         8          4          0          0          0          0   entry2.o
         4          0          0          0          0          0   entry5.o
         0          0          0          0          0          0   entry7b.o
         0          0          0          0          0          0   entry8b.o
         8          4          0          0          0          0   entry9a.o
        30          0          0          0          0          0   handlers.o
        36          8          0          0          0         68   init.o
         0          0          0          0          0          0   iusefp.o
        30          0          0          0          0         68   llshl.o
        36          0          0          0          0         68   llsshr.o
        32          0          0          0          0         68   llushr.o
       108         16          0          0          0         84   malloc.o
        36          0          0          0          0         68   memcpya.o
        36          0          0          0          0        108   memseta.o
         0          0          0          8          0          0   mvars.o
      2292         88          0          0          0        592   printfa.o
        14          0          0          0          0         68   strlen.o
        44          0          0          0          0         80   uidiv.o
        98          0          0          0          0         92   uldiv.o
        48          0          0          0          0         68   cdrcmple.o
       334          0          0          0          0        148   dadd.o
       222          0          0          0          0        100   ddiv.o
       186          0          0          0          0        176   depilogue.o
        48          0          0          0          0         68   dfixul.o
       228          0          0          0          0         96   dmul.o

    ----------------------------------------------------------------------
      3966        120          0          8          0       2020   Library Totals
         2          0          0          0          0          0   (incl. Padding)

    ----------------------------------------------------------------------

      Code (inc. data)   RO Data    RW Data    ZI Data      Debug   Library Name

      2898        120          0          8          0       1364   mc_w.l
      1066          0          0          0          0        656   mf_w.l

    ----------------------------------------------------------------------
      3966        120          0          8          0       2020   Library Totals

    ----------------------------------------------------------------------

==============================================================================


      Code (inc. data)   RO Data    RW Data    ZI Data      Debug   

     38696       2464       1200       2112      26640    1293918   Grand Totals
     38696       2464       1200        620      26640    1293918   ELF Image Totals (compressed)
     38696       2464       1200        620          0          0   ROM Totals

==============================================================================

    Total RO  Size (Code + RO Data)                39896 (  38.96kB)
    Total RW  Size (RW Data + ZI Data)             28752 (  28.08kB)
    Total ROM Size (Code + RO Data + RW Data)      40516 (  39.57kB)

==============================================================================

