<html>
<body>
<pre>
<h1>µVision Build Log</h1>
<h2>Tool Versions:</h2>
IDE-Version: ¦ÌVision V5.18.0.0
Copyright (C) 2016 ARM Ltd and ARM Germany GmbH. All rights reserved.
License Information: a aa, a, LIC=TIVNB-21KSP-9U04U-SGLHG-L12VU-H1P4E
 
Tool Versions:
Toolchain:       MDK-ARM Standard  Version: 5.18
Toolchain Path:  C:\Keil_v5\ARM\ARMCC\Bin
C Compiler:      Armcc.exe V5.06 update 1 (build 61)
Assembler:       Armasm.exe V5.06 update 1 (build 61)
Linker/Locator:  ArmLink.exe V5.06 update 1 (build 61)
Library Manager: ArmAr.exe V5.06 update 1 (build 61)
Hex Converter:   FromElf.exe V5.06 update 1 (build 61)
CPU DLL:         SARMCM3.DLL V5.18
Dialog DLL:      DCM.DLL V1.13.6.0
Target DLL:      STLink\ST-LINKIII-KEIL_SWO.dll V2.0.18.0
Dialog DLL:      TCM.DLL V1.14.8.0
 
<h2>Project:</h2>
C:\Users\Admin\Desktop\FOC\DIY\G4-DIY\MDK-ARM\DIY.uvprojx
Project File Date:  08/06/2025

<h2>Output:</h2>
*** Using Compiler 'V5.06 update 1 (build 61)', folder: 'C:\Keil_v5\ARM\ARMCC\Bin'
Rebuild target 'DIY'
assembling startup_stm32g431xx.s...
compiling usart.c...
../Drivers/CMSIS/Device/ST/STM32G4xx/Include/stm32g431xx.h(51): warning:  #47-D: incompatible redefinition of macro "__FPU_PRESENT"
  #define __FPU_PRESENT             1U       /*!< FPU present                                   */
../Core/Src/usart.c: 1 warning, 0 errors
compiling spi.c...
../Drivers/CMSIS/Device/ST/STM32G4xx/Include/stm32g431xx.h(51): warning:  #47-D: incompatible redefinition of macro "__FPU_PRESENT"
  #define __FPU_PRESENT             1U       /*!< FPU present                                   */
../Core/Src/spi.c: 1 warning, 0 errors
compiling tim.c...
../Drivers/CMSIS/Device/ST/STM32G4xx/Include/stm32g431xx.h(51): warning:  #47-D: incompatible redefinition of macro "__FPU_PRESENT"
  #define __FPU_PRESENT             1U       /*!< FPU present                                   */
../Core/Src/tim.c: 1 warning, 0 errors
compiling rng.c...
../Drivers/CMSIS/Device/ST/STM32G4xx/Include/stm32g431xx.h(51): warning:  #47-D: incompatible redefinition of macro "__FPU_PRESENT"
  #define __FPU_PRESENT             1U       /*!< FPU present                                   */
../Core/Src/rng.c: 1 warning, 0 errors
compiling gpio.c...
../Drivers/CMSIS/Device/ST/STM32G4xx/Include/stm32g431xx.h(51): warning:  #47-D: incompatible redefinition of macro "__FPU_PRESENT"
  #define __FPU_PRESENT             1U       /*!< FPU present                                   */
../Core/Src/gpio.c: 1 warning, 0 errors
compiling dma.c...
../Drivers/CMSIS/Device/ST/STM32G4xx/Include/stm32g431xx.h(51): warning:  #47-D: incompatible redefinition of macro "__FPU_PRESENT"
  #define __FPU_PRESENT             1U       /*!< FPU present                                   */
../Core/Src/dma.c: 1 warning, 0 errors
compiling fdcan.c...
../Drivers/CMSIS/Device/ST/STM32G4xx/Include/stm32g431xx.h(51): warning:  #47-D: incompatible redefinition of macro "__FPU_PRESENT"
  #define __FPU_PRESENT             1U       /*!< FPU present                                   */
../Core/Src/fdcan.c: 1 warning, 0 errors
compiling adc.c...
../Drivers/CMSIS/Device/ST/STM32G4xx/Include/stm32g431xx.h(51): warning:  #47-D: incompatible redefinition of macro "__FPU_PRESENT"
  #define __FPU_PRESENT             1U       /*!< FPU present                                   */
../Core/Src/adc.c: 1 warning, 0 errors
compiling app_freertos.c...
../Drivers/CMSIS/Device/ST/STM32G4xx/Include/stm32g431xx.h(51): warning:  #47-D: incompatible redefinition of macro "__FPU_PRESENT"
  #define __FPU_PRESENT             1U       /*!< FPU present                                   */
../Core/Src/app_freertos.c(164): warning:  #223-D: function "MX_USB_Device_Init" declared implicitly
    MX_USB_Device_Init();
../Core/Src/app_freertos.c: 2 warnings, 0 errors
compiling stm32g4xx_it.c...
../Drivers/CMSIS/Device/ST/STM32G4xx/Include/stm32g431xx.h(51): warning:  #47-D: incompatible redefinition of macro "__FPU_PRESENT"
  #define __FPU_PRESENT             1U       /*!< FPU present                                   */
../Core/Src/stm32g4xx_it.c: 1 warning, 0 errors
compiling main.c...
../Drivers/CMSIS/Device/ST/STM32G4xx/Include/stm32g431xx.h(51): warning:  #47-D: incompatible redefinition of macro "__FPU_PRESENT"
  #define __FPU_PRESENT             1U       /*!< FPU present                                   */
../Core/Src/main.c: 1 warning, 0 errors
compiling stm32g4xx_hal_timebase_tim.c...
../Drivers/CMSIS/Device/ST/STM32G4xx/Include/stm32g431xx.h(51): warning:  #47-D: incompatible redefinition of macro "__FPU_PRESENT"
  #define __FPU_PRESENT             1U       /*!< FPU present                                   */
../Core/Src/stm32g4xx_hal_timebase_tim.c: 1 warning, 0 errors
compiling stm32g4xx_hal_msp.c...
../Drivers/CMSIS/Device/ST/STM32G4xx/Include/stm32g431xx.h(51): warning:  #47-D: incompatible redefinition of macro "__FPU_PRESENT"
  #define __FPU_PRESENT             1U       /*!< FPU present                                   */
../Core/Src/stm32g4xx_hal_msp.c: 1 warning, 0 errors
compiling stm32g4xx_hal_pcd_ex.c...
../Drivers/CMSIS/Device/ST/STM32G4xx/Include/stm32g431xx.h(51): warning:  #47-D: incompatible redefinition of macro "__FPU_PRESENT"
  #define __FPU_PRESENT             1U       /*!< FPU present                                   */
../Drivers/STM32G4xx_HAL_Driver/Src/stm32g4xx_hal_pcd_ex.c: 1 warning, 0 errors
compiling usb_device.c...
../Drivers/CMSIS/Device/ST/STM32G4xx/Include/stm32g431xx.h(51): warning:  #47-D: incompatible redefinition of macro "__FPU_PRESENT"
  #define __FPU_PRESENT             1U       /*!< FPU present                                   */
../USB_Device/App/usb_device.c: 1 warning, 0 errors
compiling usbd_cdc_if.c...
../Drivers/CMSIS/Device/ST/STM32G4xx/Include/stm32g431xx.h(51): warning:  #47-D: incompatible redefinition of macro "__FPU_PRESENT"
  #define __FPU_PRESENT             1U       /*!< FPU present                                   */
../USB_Device/App/usbd_cdc_if.c: 1 warning, 0 errors
compiling usbd_desc.c...
../Drivers/CMSIS/Device/ST/STM32G4xx/Include/stm32g431xx.h(51): warning:  #47-D: incompatible redefinition of macro "__FPU_PRESENT"
  #define __FPU_PRESENT             1U       /*!< FPU present                                   */
../USB_Device/App/usbd_desc.c: 1 warning, 0 errors
compiling usbd_conf.c...
../Drivers/CMSIS/Device/ST/STM32G4xx/Include/stm32g431xx.h(51): warning:  #47-D: incompatible redefinition of macro "__FPU_PRESENT"
  #define __FPU_PRESENT             1U       /*!< FPU present                                   */
../USB_Device/Target/usbd_conf.c: 1 warning, 0 errors
compiling stm32g4xx_hal_pcd.c...
../Drivers/CMSIS/Device/ST/STM32G4xx/Include/stm32g431xx.h(51): warning:  #47-D: incompatible redefinition of macro "__FPU_PRESENT"
  #define __FPU_PRESENT             1U       /*!< FPU present                                   */
../Drivers/STM32G4xx_HAL_Driver/Src/stm32g4xx_hal_pcd.c: 1 warning, 0 errors
compiling stm32g4xx_hal_tim_ex.c...
../Drivers/CMSIS/Device/ST/STM32G4xx/Include/stm32g431xx.h(51): warning:  #47-D: incompatible redefinition of macro "__FPU_PRESENT"
  #define __FPU_PRESENT             1U       /*!< FPU present                                   */
../Drivers/STM32G4xx_HAL_Driver/Src/stm32g4xx_hal_tim_ex.c: 1 warning, 0 errors
compiling stm32g4xx_ll_usb.c...
../Drivers/CMSIS/Device/ST/STM32G4xx/Include/stm32g431xx.h(51): warning:  #47-D: incompatible redefinition of macro "__FPU_PRESENT"
  #define __FPU_PRESENT             1U       /*!< FPU present                                   */
../Drivers/STM32G4xx_HAL_Driver/Src/stm32g4xx_ll_usb.c: 1 warning, 0 errors
compiling stm32g4xx_hal_tim.c...
../Drivers/CMSIS/Device/ST/STM32G4xx/Include/stm32g431xx.h(51): warning:  #47-D: incompatible redefinition of macro "__FPU_PRESENT"
  #define __FPU_PRESENT             1U       /*!< FPU present                                   */
../Drivers/STM32G4xx_HAL_Driver/Src/stm32g4xx_hal_tim.c: 1 warning, 0 errors
compiling stm32g4xx_hal.c...
../Drivers/CMSIS/Device/ST/STM32G4xx/Include/stm32g431xx.h(51): warning:  #47-D: incompatible redefinition of macro "__FPU_PRESENT"
  #define __FPU_PRESENT             1U       /*!< FPU present                                   */
../Drivers/STM32G4xx_HAL_Driver/Src/stm32g4xx_hal.c: 1 warning, 0 errors
compiling stm32g4xx_hal_gpio.c...
../Drivers/CMSIS/Device/ST/STM32G4xx/Include/stm32g431xx.h(51): warning:  #47-D: incompatible redefinition of macro "__FPU_PRESENT"
  #define __FPU_PRESENT             1U       /*!< FPU present                                   */
../Drivers/STM32G4xx_HAL_Driver/Src/stm32g4xx_hal_gpio.c: 1 warning, 0 errors
compiling stm32g4xx_hal_flash.c...
../Drivers/CMSIS/Device/ST/STM32G4xx/Include/stm32g431xx.h(51): warning:  #47-D: incompatible redefinition of macro "__FPU_PRESENT"
  #define __FPU_PRESENT             1U       /*!< FPU present                                   */
../Drivers/STM32G4xx_HAL_Driver/Src/stm32g4xx_hal_flash.c: 1 warning, 0 errors
compiling stm32g4xx_hal_dma_ex.c...
../Drivers/CMSIS/Device/ST/STM32G4xx/Include/stm32g431xx.h(51): warning:  #47-D: incompatible redefinition of macro "__FPU_PRESENT"
  #define __FPU_PRESENT             1U       /*!< FPU present                                   */
../Drivers/STM32G4xx_HAL_Driver/Src/stm32g4xx_hal_dma_ex.c: 1 warning, 0 errors
compiling stm32g4xx_hal_rcc.c...
../Drivers/CMSIS/Device/ST/STM32G4xx/Include/stm32g431xx.h(51): warning:  #47-D: incompatible redefinition of macro "__FPU_PRESENT"
  #define __FPU_PRESENT             1U       /*!< FPU present                                   */
../Drivers/STM32G4xx_HAL_Driver/Src/stm32g4xx_hal_rcc.c: 1 warning, 0 errors
compiling stm32g4xx_hal_pwr.c...
../Drivers/CMSIS/Device/ST/STM32G4xx/Include/stm32g431xx.h(51): warning:  #47-D: incompatible redefinition of macro "__FPU_PRESENT"
  #define __FPU_PRESENT             1U       /*!< FPU present                                   */
../Drivers/STM32G4xx_HAL_Driver/Src/stm32g4xx_hal_pwr.c: 1 warning, 0 errors
compiling stm32g4xx_hal_flash_ex.c...
../Drivers/CMSIS/Device/ST/STM32G4xx/Include/stm32g431xx.h(51): warning:  #47-D: incompatible redefinition of macro "__FPU_PRESENT"
  #define __FPU_PRESENT             1U       /*!< FPU present                                   */
../Drivers/STM32G4xx_HAL_Driver/Src/stm32g4xx_hal_flash_ex.c: 1 warning, 0 errors
compiling stm32g4xx_hal_dma.c...
../Drivers/CMSIS/Device/ST/STM32G4xx/Include/stm32g431xx.h(51): warning:  #47-D: incompatible redefinition of macro "__FPU_PRESENT"
  #define __FPU_PRESENT             1U       /*!< FPU present                                   */
../Drivers/STM32G4xx_HAL_Driver/Src/stm32g4xx_hal_dma.c: 1 warning, 0 errors
compiling stm32g4xx_hal_exti.c...
../Drivers/CMSIS/Device/ST/STM32G4xx/Include/stm32g431xx.h(51): warning:  #47-D: incompatible redefinition of macro "__FPU_PRESENT"
  #define __FPU_PRESENT             1U       /*!< FPU present                                   */
../Drivers/STM32G4xx_HAL_Driver/Src/stm32g4xx_hal_exti.c: 1 warning, 0 errors
compiling stm32g4xx_hal_flash_ramfunc.c...
../Drivers/CMSIS/Device/ST/STM32G4xx/Include/stm32g431xx.h(51): warning:  #47-D: incompatible redefinition of macro "__FPU_PRESENT"
  #define __FPU_PRESENT             1U       /*!< FPU present                                   */
../Drivers/STM32G4xx_HAL_Driver/Src/stm32g4xx_hal_flash_ramfunc.c: 1 warning, 0 errors
compiling stm32g4xx_hal_rcc_ex.c...
../Drivers/CMSIS/Device/ST/STM32G4xx/Include/stm32g431xx.h(51): warning:  #47-D: incompatible redefinition of macro "__FPU_PRESENT"
  #define __FPU_PRESENT             1U       /*!< FPU present                                   */
../Drivers/STM32G4xx_HAL_Driver/Src/stm32g4xx_hal_rcc_ex.c: 1 warning, 0 errors
compiling stm32g4xx_ll_adc.c...
compiling stm32g4xx_hal_pwr_ex.c...
../Drivers/CMSIS/Device/ST/STM32G4xx/Include/stm32g431xx.h(51): warning:  #47-D: incompatible redefinition of macro "__FPU_PRESENT"
  #define __FPU_PRESENT             1U       /*!< FPU present                                   */
../Drivers/STM32G4xx_HAL_Driver/Src/stm32g4xx_hal_pwr_ex.c: 1 warning, 0 errors
compiling croutine.c...
compiling stm32g4xx_hal_rng.c...
../Drivers/CMSIS/Device/ST/STM32G4xx/Include/stm32g431xx.h(51): warning:  #47-D: incompatible redefinition of macro "__FPU_PRESENT"
  #define __FPU_PRESENT             1U       /*!< FPU present                                   */
../Drivers/STM32G4xx_HAL_Driver/Src/stm32g4xx_hal_rng.c: 1 warning, 0 errors
compiling stm32g4xx_hal_spi_ex.c...
../Drivers/CMSIS/Device/ST/STM32G4xx/Include/stm32g431xx.h(51): warning:  #47-D: incompatible redefinition of macro "__FPU_PRESENT"
  #define __FPU_PRESENT             1U       /*!< FPU present                                   */
../Drivers/STM32G4xx_HAL_Driver/Src/stm32g4xx_hal_spi_ex.c: 1 warning, 0 errors
compiling stm32g4xx_hal_uart_ex.c...
../Drivers/CMSIS/Device/ST/STM32G4xx/Include/stm32g431xx.h(51): warning:  #47-D: incompatible redefinition of macro "__FPU_PRESENT"
  #define __FPU_PRESENT             1U       /*!< FPU present                                   */
../Drivers/STM32G4xx_HAL_Driver/Src/stm32g4xx_hal_uart_ex.c: 1 warning, 0 errors
compiling stm32g4xx_hal_cortex.c...
../Drivers/CMSIS/Device/ST/STM32G4xx/Include/stm32g431xx.h(51): warning:  #47-D: incompatible redefinition of macro "__FPU_PRESENT"
  #define __FPU_PRESENT             1U       /*!< FPU present                                   */
../Drivers/STM32G4xx_HAL_Driver/Src/stm32g4xx_hal_cortex.c: 1 warning, 0 errors
compiling system_stm32g4xx.c...
../Drivers/CMSIS/Device/ST/STM32G4xx/Include/stm32g431xx.h(51): warning:  #47-D: incompatible redefinition of macro "__FPU_PRESENT"
  #define __FPU_PRESENT             1U       /*!< FPU present                                   */
../Core/Src/system_stm32g4xx.c: 1 warning, 0 errors
compiling event_groups.c...
compiling stm32g4xx_hal_adc_ex.c...
../Drivers/CMSIS/Device/ST/STM32G4xx/Include/stm32g431xx.h(51): warning:  #47-D: incompatible redefinition of macro "__FPU_PRESENT"
  #define __FPU_PRESENT             1U       /*!< FPU present                                   */
../Drivers/STM32G4xx_HAL_Driver/Src/stm32g4xx_hal_adc_ex.c: 1 warning, 0 errors
compiling stm32g4xx_hal_fdcan.c...
../Drivers/CMSIS/Device/ST/STM32G4xx/Include/stm32g431xx.h(51): warning:  #47-D: incompatible redefinition of macro "__FPU_PRESENT"
  #define __FPU_PRESENT             1U       /*!< FPU present                                   */
../Drivers/STM32G4xx_HAL_Driver/Src/stm32g4xx_hal_fdcan.c: 1 warning, 0 errors
compiling stm32g4xx_hal_spi.c...
../Drivers/CMSIS/Device/ST/STM32G4xx/Include/stm32g431xx.h(51): warning:  #47-D: incompatible redefinition of macro "__FPU_PRESENT"
  #define __FPU_PRESENT             1U       /*!< FPU present                                   */
../Drivers/STM32G4xx_HAL_Driver/Src/stm32g4xx_hal_spi.c: 1 warning, 0 errors
compiling stm32g4xx_hal_adc.c...
../Drivers/CMSIS/Device/ST/STM32G4xx/Include/stm32g431xx.h(51): warning:  #47-D: incompatible redefinition of macro "__FPU_PRESENT"
  #define __FPU_PRESENT             1U       /*!< FPU present                                   */
../Drivers/STM32G4xx_HAL_Driver/Src/stm32g4xx_hal_adc.c: 1 warning, 0 errors
compiling stm32g4xx_hal_uart.c...
../Drivers/CMSIS/Device/ST/STM32G4xx/Include/stm32g431xx.h(51): warning:  #47-D: incompatible redefinition of macro "__FPU_PRESENT"
  #define __FPU_PRESENT             1U       /*!< FPU present                                   */
../Drivers/STM32G4xx_HAL_Driver/Src/stm32g4xx_hal_uart.c: 1 warning, 0 errors
compiling list.c...
compiling queue.c...
compiling stream_buffer.c...
compiling timers.c...
compiling tasks.c...
compiling heap_4.c...
compiling cmsis_os.c...
compiling port.c...
compiling usbd_ioreq.c...
../Drivers/CMSIS/Device/ST/STM32G4xx/Include/stm32g431xx.h(51): warning:  #47-D: incompatible redefinition of macro "__FPU_PRESENT"
  #define __FPU_PRESENT             1U       /*!< FPU present                                   */
../Middlewares/ST/STM32_USB_Device_Library/Core/Src/usbd_ioreq.c: 1 warning, 0 errors
compiling usbd_core.c...
../Drivers/CMSIS/Device/ST/STM32G4xx/Include/stm32g431xx.h(51): warning:  #47-D: incompatible redefinition of macro "__FPU_PRESENT"
  #define __FPU_PRESENT             1U       /*!< FPU present                                   */
../Middlewares/ST/STM32_USB_Device_Library/Core/Src/usbd_core.c: 1 warning, 0 errors
compiling bsp_dwt.c...
../Drivers/CMSIS/Device/ST/STM32G4xx/Include/stm32g431xx.h(51): warning:  #47-D: incompatible redefinition of macro "__FPU_PRESENT"
  #define __FPU_PRESENT             1U       /*!< FPU present                                   */
..\BSP\dwt\bsp_dwt.c: 1 warning, 0 errors
compiling usbd_ctlreq.c...
../Drivers/CMSIS/Device/ST/STM32G4xx/Include/stm32g431xx.h(51): warning:  #47-D: incompatible redefinition of macro "__FPU_PRESENT"
  #define __FPU_PRESENT             1U       /*!< FPU present                                   */
../Middlewares/ST/STM32_USB_Device_Library/Core/Src/usbd_ctlreq.c: 1 warning, 0 errors
compiling bsp_adc.c...
../Drivers/CMSIS/Device/ST/STM32G4xx/Include/stm32g431xx.h(51): warning:  #47-D: incompatible redefinition of macro "__FPU_PRESENT"
  #define __FPU_PRESENT             1U       /*!< FPU present                                   */
..\BSP\adc\bsp_adc.c: 1 warning, 0 errors
compiling usbd_cdc.c...
../Drivers/CMSIS/Device/ST/STM32G4xx/Include/stm32g431xx.h(51): warning:  #47-D: incompatible redefinition of macro "__FPU_PRESENT"
  #define __FPU_PRESENT             1U       /*!< FPU present                                   */
../Middlewares/ST/STM32_USB_Device_Library/Class/CDC/Src/usbd_cdc.c: 1 warning, 0 errors
compiling bsp_can.c...
../Drivers/CMSIS/Device/ST/STM32G4xx/Include/stm32g431xx.h(51): warning:  #47-D: incompatible redefinition of macro "__FPU_PRESENT"
  #define __FPU_PRESENT             1U       /*!< FPU present                                   */
..\BSP\can\bsp_can.c: 1 warning, 0 errors
compiling bsp_flash.c...
../Drivers/CMSIS/Device/ST/STM32G4xx/Include/stm32g431xx.h(51): warning:  #47-D: incompatible redefinition of macro "__FPU_PRESENT"
  #define __FPU_PRESENT             1U       /*!< FPU present                                   */
..\BSP\flash\bsp_flash.c: 1 warning, 0 errors
compiling cmd_task.c...
../Drivers/CMSIS/Device/ST/STM32G4xx/Include/stm32g431xx.h(51): warning:  #47-D: incompatible redefinition of macro "__FPU_PRESENT"
  #define __FPU_PRESENT             1U       /*!< FPU present                                   */
..\APP\cmd_task\cmd_task.c: 1 warning, 0 errors
compiling motor_task.c...
../Drivers/CMSIS/Device/ST/STM32G4xx/Include/stm32g431xx.h(51): warning:  #47-D: incompatible redefinition of macro "__FPU_PRESENT"
  #define __FPU_PRESENT             1U       /*!< FPU present                                   */
..\APP\motor_task\motor_task.c: 1 warning, 0 errors
compiling robot.c...
../Drivers/CMSIS/Device/ST/STM32G4xx/Include/stm32g431xx.h(51): warning:  #47-D: incompatible redefinition of macro "__FPU_PRESENT"
  #define __FPU_PRESENT             1U       /*!< FPU present                                   */
..\APP\robot_task.h(33): warning:  #550-D: variable "default_dt" was set but never used
      static float default_dt;
..\APP\robot_task.h(57): warning:  #550-D: variable "guard_dt" was set but never used
      static float guard_dt;
..\APP\robot_task.h(76): warning:  #550-D: variable "custom_dt" was set but never used
      static float custom_dt;
..\APP\robot.c: 4 warnings, 0 errors
compiling daemon.c...
compiling bsp_log.c...
../Drivers/CMSIS/Device/ST/STM32G4xx/Include/stm32g431xx.h(51): warning:  #47-D: incompatible redefinition of macro "__FPU_PRESENT"
  #define __FPU_PRESENT             1U       /*!< FPU present                                   */
..\BSP\log\bsp_log.c: 1 warning, 0 errors
compiling bsp_usart.c...
../Drivers/CMSIS/Device/ST/STM32G4xx/Include/stm32g431xx.h(51): warning:  #47-D: incompatible redefinition of macro "__FPU_PRESENT"
  #define __FPU_PRESENT             1U       /*!< FPU present                                   */
..\BSP\usart\bsp_usart.c: 1 warning, 0 errors
compiling crc8.c...
../Drivers/CMSIS/Device/ST/STM32G4xx/Include/stm32g431xx.h(51): warning:  #47-D: incompatible redefinition of macro "__FPU_PRESENT"
  #define __FPU_PRESENT             1U       /*!< FPU present                                   */
..\MODULES\algorithm\crc\crc8.c: 1 warning, 0 errors
compiling crc16.c...
../Drivers/CMSIS/Device/ST/STM32G4xx/Include/stm32g431xx.h(51): warning:  #47-D: incompatible redefinition of macro "__FPU_PRESENT"
  #define __FPU_PRESENT             1U       /*!< FPU present                                   */
..\MODULES\algorithm\crc\crc16.c: 1 warning, 0 errors
compiling pid.c...
../Drivers/CMSIS/Device/ST/STM32G4xx/Include/stm32g431xx.h(51): warning:  #47-D: incompatible redefinition of macro "__FPU_PRESENT"
  #define __FPU_PRESENT             1U       /*!< FPU present                                   */
..\MODULES\controller\pid.c: 1 warning, 0 errors
compiling flash_driver.c...
../Drivers/CMSIS/Device/ST/STM32G4xx/Include/stm32g431xx.h(51): warning:  #47-D: incompatible redefinition of macro "__FPU_PRESENT"
  #define __FPU_PRESENT             1U       /*!< FPU present                                   */
..\MODULES\flash\flash_driver.c: 1 warning, 0 errors
compiling can_driver.c...
../Drivers/CMSIS/Device/ST/STM32G4xx/Include/stm32g431xx.h(51): warning:  #47-D: incompatible redefinition of macro "__FPU_PRESENT"
  #define __FPU_PRESENT             1U       /*!< FPU present                                   */
..\MODULES\can_comm\can_driver.c: 1 warning, 0 errors
compiling BLDCMotor.c...
../Drivers/CMSIS/Device/ST/STM32G4xx/Include/stm32g431xx.h(51): warning:  #47-D: incompatible redefinition of macro "__FPU_PRESENT"
  #define __FPU_PRESENT             1U       /*!< FPU present                                   */
..\MODULES\motor\BLDCMotor.c: 1 warning, 0 errors
compiling led.c...
../Drivers/CMSIS/Device/ST/STM32G4xx/Include/stm32g431xx.h(51): warning:  #47-D: incompatible redefinition of macro "__FPU_PRESENT"
  #define __FPU_PRESENT             1U       /*!< FPU present                                   */
..\MODULES\led\led.c: 1 warning, 0 errors
compiling mt6816_encoder.c...
../Drivers/CMSIS/Device/ST/STM32G4xx/Include/stm32g431xx.h(51): warning:  #47-D: incompatible redefinition of macro "__FPU_PRESENT"
  #define __FPU_PRESENT             1U       /*!< FPU present                                   */
..\MODULES\encoder\MT6816\mt6816_encoder.c: 1 warning, 0 errors
compiling FOCMotor.c...
../Drivers/CMSIS/Device/ST/STM32G4xx/Include/stm32g431xx.h(51): warning:  #47-D: incompatible redefinition of macro "__FPU_PRESENT"
  #define __FPU_PRESENT             1U       /*!< FPU present                                   */
..\MODULES\motor\FOCMotor.c: 1 warning, 0 errors
compiling Motor_ADC.c...
../Drivers/CMSIS/Device/ST/STM32G4xx/Include/stm32g431xx.h(51): warning:  #47-D: incompatible redefinition of macro "__FPU_PRESENT"
  #define __FPU_PRESENT             1U       /*!< FPU present                                   */
..\MODULES\motor\Motor_ADC.c: 1 warning, 0 errors
compiling trapTraj.c...
../Drivers/CMSIS/Device/ST/STM32G4xx/Include/stm32g431xx.h(51): warning:  #47-D: incompatible redefinition of macro "__FPU_PRESENT"
  #define __FPU_PRESENT             1U       /*!< FPU present                                   */
..\MODULES\motor\trapTraj.c: 1 warning, 0 errors
compiling vofa.c...
../Drivers/CMSIS/Device/ST/STM32G4xx/Include/stm32g431xx.h(51): warning:  #47-D: incompatible redefinition of macro "__FPU_PRESENT"
  #define __FPU_PRESENT             1U       /*!< FPU present                                   */
..\MODULES\vofa\vofa.c: 1 warning, 0 errors
linking...
Program Size: Code=42912 RO-data=1752 RW-data=2104 ZI-data=26736  
FromELF: creating hex file...
"DIY\DIY.axf" - 0 Error(s), 73 Warning(s).

<h2>Software Packages used:</h2>

Package Vendor: ARM
                http://www.keil.com/pack/ARM.CMSIS.5.8.0.pack
                ARM::CMSIS:CORE:5.5.0
                CMSIS (Common Microcontroller Software Interface Standard)
   * Component: CORE Version: 5.5.0

<h2>Collection of Component include folders:</h2>
  C:\Users\Admin\Desktop\FOC\DIY\G4-DIY\MDK-ARM\RTE
  C:\Keil_v5\ARM\PACK\ARM\CMSIS\5.8.0\CMSIS\Core\Include
  C:\Keil_v5\ARM\PACK\Keil\STM32G4xx_DFP\1.5.0\Drivers\CMSIS\Device\ST\STM32G4xx\Include

<h2>Collection of Component Files used:</h2>

   * Component: ARM::CMSIS:CORE:5.5.0
      Include file:  CMSIS\Core\Include\tz_context.h
      Source file:   CMSIS\Core\Template\ARMv8-M\tz_context.c
      Source file:   CMSIS\Core\Template\ARMv8-M\main_s.c
Build Time Elapsed:  00:00:43
</pre>
</body>
</html>
